Component: ARM Compiler 5.06 update 7 (build 960) Tool: armlink [4d3601]

==============================================================================

Section Cross References

    startup_stm32h750xx.o(RESET) refers to startup_stm32h750xx.o(STACK) for __initial_sp
    startup_stm32h750xx.o(RESET) refers to startup_stm32h750xx.o(.text) for Reset_Handler
    startup_stm32h750xx.o(RESET) refers to stm32h7xx_it.o(i.NMI_Handler) for NMI_Handler
    startup_stm32h750xx.o(RESET) refers to stm32h7xx_it.o(i.HardFault_Handler) for HardFault_Handler
    startup_stm32h750xx.o(RESET) refers to stm32h7xx_it.o(i.MemManage_Handler) for MemManage_Handler
    startup_stm32h750xx.o(RESET) refers to stm32h7xx_it.o(i.BusFault_Handler) for BusFault_Handler
    startup_stm32h750xx.o(RESET) refers to stm32h7xx_it.o(i.UsageFault_Handler) for UsageFault_Handler
    startup_stm32h750xx.o(RESET) refers to stm32h7xx_it.o(i.SVC_Handler) for SVC_Handler
    startup_stm32h750xx.o(RESET) refers to stm32h7xx_it.o(i.DebugMon_Handler) for DebugMon_Handler
    startup_stm32h750xx.o(RESET) refers to stm32h7xx_it.o(i.PendSV_Handler) for PendSV_Handler
    startup_stm32h750xx.o(RESET) refers to stm32h7xx_it.o(i.SysTick_Handler) for SysTick_Handler
    startup_stm32h750xx.o(RESET) refers to stm32h7xx_it.o(i.DMA1_Stream0_IRQHandler) for DMA1_Stream0_IRQHandler
    startup_stm32h750xx.o(RESET) refers to stm32h7xx_it.o(i.EXTI15_10_IRQHandler) for EXTI15_10_IRQHandler
    startup_stm32h750xx.o(RESET) refers to debug.o(i.UART4_IRQHandler) for UART4_IRQHandler
    startup_stm32h750xx.o(RESET) refers to stm32h7xx_it.o(i.LPTIM1_IRQHandler) for LPTIM1_IRQHandler
    startup_stm32h750xx.o(RESET) refers to stm32h7xx_it.o(i.LPTIM2_IRQHandler) for LPTIM2_IRQHandler
    startup_stm32h750xx.o(.text) refers to system_stm32h7xx.o(i.SystemInit) for SystemInit
    startup_stm32h750xx.o(.text) refers to entry.o(.ARM.Collect$$$$00000000) for __main
    ad9959.o(i.AD9958_SetAmp2Channel) refers to ad9959.o(i.Write_Amplitude) for Write_Amplitude
    ad9959.o(i.AD9958_SetFrequency2Channel) refers to ad9959.o(i.Write_frequence) for Write_frequence
    ad9959.o(i.AD9958_SetPhase2Channel) refers to ad9959.o(i.Write_Phase) for Write_Phase
    ad9959.o(i.AD9958_Set_Freq) refers to ad9959.o(i.WriteData_AD9959) for WriteData_AD9959
    ad9959.o(i.AD9958_Set_Freq) refers to ad9959.o(.data) for CSR_DATA0
    ad9959.o(i.IO_Update) refers to stm32h7xx_hal_gpio.o(i.HAL_GPIO_WritePin) for HAL_GPIO_WritePin
    ad9959.o(i.IO_Update) refers to ad9959.o(i.delay1) for delay1
    ad9959.o(i.Init_AD9958) refers to stm32h7xx_hal_gpio.o(i.HAL_GPIO_Init) for HAL_GPIO_Init
    ad9959.o(i.Init_AD9958) refers to ad9959.o(i.Intserve) for Intserve
    ad9959.o(i.Init_AD9958) refers to ad9959.o(i.IntReset) for IntReset
    ad9959.o(i.Init_AD9958) refers to ad9959.o(i.WriteData_AD9959) for WriteData_AD9959
    ad9959.o(i.Init_AD9958) refers to ad9959.o(.data) for FR1_DATA
    ad9959.o(i.IntReset) refers to stm32h7xx_hal_gpio.o(i.HAL_GPIO_WritePin) for HAL_GPIO_WritePin
    ad9959.o(i.IntReset) refers to ad9959.o(i.delay1) for delay1
    ad9959.o(i.Intserve) refers to stm32h7xx_hal_gpio.o(i.HAL_GPIO_WritePin) for HAL_GPIO_WritePin
    ad9959.o(i.WriteData_AD9959) refers to stm32h7xx_hal_gpio.o(i.HAL_GPIO_WritePin) for HAL_GPIO_WritePin
    ad9959.o(i.WriteData_AD9959) refers to ad9959.o(i.IO_Update) for IO_Update
    ad9959.o(i.Write_Amplitude) refers to ad9959.o(i.WriteData_AD9959) for WriteData_AD9959
    ad9959.o(i.Write_Amplitude) refers to ad9959.o(.data) for CSR_DATA2
    ad9959.o(i.Write_Phase) refers to ad9959.o(i.WriteData_AD9959) for WriteData_AD9959
    ad9959.o(i.Write_Phase) refers to ad9959.o(.data) for CPOW0_DATA
    ad9959.o(i.Write_frequence) refers to ad9959.o(i.WriteData_AD9959) for WriteData_AD9959
    ad9959.o(i.Write_frequence) refers to ad9959.o(.data) for CSR_DATA2
    ad9959.o(i.mode1) refers to ad9959.o(i.AD9958_Set_Freq) for AD9958_Set_Freq
    debug.o(i.HAL_UART_RxCpltCallback) refers to strcmp.o(.text) for strcmp
    debug.o(i.HAL_UART_RxCpltCallback) refers to strtol.o(.text) for strtol
    debug.o(i.HAL_UART_RxCpltCallback) refers to ad9959.o(i.Init_AD9958) for Init_AD9958
    debug.o(i.HAL_UART_RxCpltCallback) refers to main.o(i.ADC_fft_collect) for ADC_fft_collect
    debug.o(i.HAL_UART_RxCpltCallback) refers to pow.o(i.__hardfp_pow) for __hardfp_pow
    debug.o(i.HAL_UART_RxCpltCallback) refers to memseta.o(.text) for __aeabi_memclr
    debug.o(i.HAL_UART_RxCpltCallback) refers to debug.o(i.reply_er) for reply_er
    debug.o(i.HAL_UART_RxCpltCallback) refers to debug.o(.data) for USART_RX_STA
    debug.o(i.HAL_UART_RxCpltCallback) refers to debug.o(.bss) for USART_RX_BUF
    debug.o(i.UART4_IRQHandler) refers to stm32h7xx_hal_uart.o(i.HAL_UART_IRQHandler) for HAL_UART_IRQHandler
    debug.o(i.UART4_IRQHandler) refers to debug.o(i.reply_er) for reply_er
    debug.o(i.UART4_IRQHandler) refers to stm32h7xx_hal_uart.o(i.HAL_UART_GetState) for HAL_UART_GetState
[...]
    UART_RxISR_8BIT_FIFOEN                   0x080095c1   Thumb Code   346  stm32h7xx_hal_uart.o(i.UART_RxISR_8BIT_FIFOEN)
    i.UART_SetConfig                         0x08009724   Section        0  stm32h7xx_hal_uart.o(i.UART_SetConfig)
    i.UART_Start_Receive_IT                  0x08009cb0   Section        0  stm32h7xx_hal_uart.o(i.UART_Start_Receive_IT)
    i.UART_WaitOnFlagUntilTimeout            0x08009dc0   Section        0  stm32h7xx_hal_uart.o(i.UART_WaitOnFlagUntilTimeout)
    i.UsageFault_Handler                     0x08009e7e   Section        0  stm32h7xx_it.o(i.UsageFault_Handler)
    i.WriteData_AD9959                       0x08009e84   Section        0  ad9959.o(i.WriteData_AD9959)
    i.Write_Amplitude                        0x08009f74   Section        0  ad9959.o(i.Write_Amplitude)
    i.Write_Phase                            0x08009fd0   Section        0  ad9959.o(i.Write_Phase)
    i.__0printf                              0x0800a048   Section        0  printfa.o(i.__0printf)
    i.__ARM_fpclassify                       0x0800a068   Section        0  fpclassify.o(i.__ARM_fpclassify)
    i.__NVIC_GetPriorityGrouping             0x0800a098   Section        0  stm32h7xx_hal_cortex.o(i.__NVIC_GetPriorityGrouping)
    __NVIC_GetPriorityGrouping               0x0800a099   Thumb Code    10  stm32h7xx_hal_cortex.o(i.__NVIC_GetPriorityGrouping)
    i.__NVIC_SetPriority                     0x0800a0a8   Section        0  stm32h7xx_hal_cortex.o(i.__NVIC_SetPriority)
    __NVIC_SetPriority                       0x0800a0a9   Thumb Code    32  stm32h7xx_hal_cortex.o(i.__NVIC_SetPriority)
    i.__aeabi_errno_addr                     0x0800a0d0   Section        0  errno.o(i.__aeabi_errno_addr)
    i.__hardfp_cos                           0x0800a0d8   Section        0  cos.o(i.__hardfp_cos)
    i.__hardfp_pow                           0x0800a188   Section        0  pow.o(i.__hardfp_pow)
    i.__hardfp_sin                           0x0800aa80   Section        0  sin.o(i.__hardfp_sin)
    i.__hardfp_sqrt                          0x0800ab30   Section        0  sqrt.o(i.__hardfp_sqrt)
    i.__ieee754_rem_pio2                     0x0800ab98   Section        0  rred.o(i.__ieee754_rem_pio2)
    i.__kernel_cos                           0x0800aea8   Section        0  cos_i.o(i.__kernel_cos)
    i.__kernel_poly                          0x0800af88   Section        0  poly.o(i.__kernel_poly)
    i.__kernel_sin                           0x0800aff8   Section        0  sin_i.o(i.__kernel_sin)
    i.__mathlib_dbl_divzero                  0x0800b0a0   Section        0  dunder.o(i.__mathlib_dbl_divzero)
    i.__mathlib_dbl_infnan2                  0x0800b0c0   Section        0  dunder.o(i.__mathlib_dbl_infnan2)
    i.__mathlib_dbl_invalid                  0x0800b0c8   Section        0  dunder.o(i.__mathlib_dbl_invalid)
    i.__mathlib_dbl_overflow                 0x0800b0e0   Section        0  dunder.o(i.__mathlib_dbl_overflow)
    i.__mathlib_dbl_underflow                0x0800b0f8   Section        0  dunder.o(i.__mathlib_dbl_underflow)
    i.__scatterload_copy                     0x0800b110   Section       14  handlers.o(i.__scatterload_copy)
    i.__scatterload_null                     0x0800b11e   Section        2  handlers.o(i.__scatterload_null)
    i.__scatterload_zeroinit                 0x0800b120   Section       14  handlers.o(i.__scatterload_zeroinit)
    i.__set_errno                            0x0800b130   Section        0  errno.o(i.__set_errno)
    i._fp_digits                             0x0800b13c   Section        0  printfa.o(i._fp_digits)
    _fp_digits                               0x0800b13d   Thumb Code   366  printfa.o(i._fp_digits)
    i._printf_core                           0x0800b2c0   Section        0  printfa.o(i._printf_core)
    _printf_core                             0x0800b2c1   Thumb Code  1704  printfa.o(i._printf_core)
    i._printf_post_padding                   0x0800b974   Section        0  printfa.o(i._printf_post_padding)
    _printf_post_padding                     0x0800b975   Thumb Code    36  printfa.o(i._printf_post_padding)
    i._printf_pre_padding                    0x0800b998   Section        0  printfa.o(i._printf_pre_padding)
    _printf_pre_padding                      0x0800b999   Thumb Code    46  printfa.o(i._printf_pre_padding)
    i.delay1                                 0x0800b9c6   Section        0  ad9959.o(i.delay1)
    i.fabs                                   0x0800b9d8   Section        0  fabs.o(i.fabs)
    i.fputc                                  0x0800b9f0   Section        0  debug.o(i.fputc)
    i.kfft                                   0x0800ba14   Section        0  main.o(i.kfft)
    i.main                                   0x0800bd9c   Section        0  main.o(i.main)
    i.reply_er                               0x0800be10   Section        0  debug.o(i.reply_er)
    i.sqrt                                   0x0800be48   Section        0  sqrt.o(i.sqrt)
    .constdata                               0x0800beb2   Section        8  stm32h7xx_hal_dma.o(.constdata)
    flagBitshiftOffset                       0x0800beb2   Data           8  stm32h7xx_hal_dma.o(.constdata)
    .constdata                               0x0800beba   Section       24  stm32h7xx_hal_uart.o(.constdata)
    .constdata                               0x0800bed2   Section       16  stm32h7xx_hal_uart_ex.o(.constdata)
    numerator                                0x0800bed2   Data           8  stm32h7xx_hal_uart_ex.o(.constdata)
    denominator                              0x0800beda   Data           8  stm32h7xx_hal_uart_ex.o(.constdata)
    .constdata                               0x0800bee2   Section       16  system_stm32h7xx.o(.constdata)
    .constdata                               0x0800bef8   Section      136  pow.o(.constdata)
    bp                                       0x0800bef8   Data          16  pow.o(.constdata)
    dp_h                                     0x0800bf08   Data          16  pow.o(.constdata)
    dp_l                                     0x0800bf18   Data          16  pow.o(.constdata)
    L                                        0x0800bf28   Data          48  pow.o(.constdata)
    P                                        0x0800bf58   Data          40  pow.o(.constdata)
    .constdata                               0x0800bf80   Section       48  cos_i.o(.constdata)
    C                                        0x0800bf80   Data          48  cos_i.o(.constdata)
    .constdata                               0x0800bfb0   Section        8  qnan.o(.constdata)
    .constdata                               0x0800bfb8   Section      200  rred.o(.constdata)
    pio2s                                    0x0800bfb8   Data          48  rred.o(.constdata)
    twooverpi                                0x0800bfe8   Data         152  rred.o(.constdata)
    .constdata                               0x0800c080   Section       40  sin_i.o(.constdata)
    S                                        0x0800c080   Data          40  sin_i.o(.constdata)
    .constdata                               0x0800c0a8   Section      129  ctype_o.o(.constdata)
    .constdata                               0x0800c12c   Section        4  ctype_o.o(.constdata)
    table                                    0x0800c12c   Data           4  ctype_o.o(.constdata)
    .data                                    0x24000000   Section       27  ad9959.o(.data)
    .data                                    0x2400001c   Section       21  debug.o(.data)
    device_er                                0x24000020   Data           2  debug.o(.data)
    s_usart_tmp                              0x24000030   Data           1  debug.o(.data)
    .data                                    0x24000034   Section      128  main.o(.data)
    .data                                    0x240000b4   Section        9  stm32h7xx_hal.o(.data)
    .data                                    0x240000c0   Section        8  system_stm32h7xx.o(.data)
    .data                                    0x240000c8   Section        4  stdout.o(.data)
    .data                                    0x240000cc   Section        4  errno.o(.data)
    _errno                                   0x240000cc   Data           4  errno.o(.data)
    .bss                                     0x240000d0   Section     3000  debug.o(.bss)
    .bss                                     0x24000c88   Section    20480  main.o(.bss)
    .bss                                     0x24005c88   Section      220  adc.o(.bss)
    .bss                                     0x24005d64   Section      112  lptim.o(.bss)
    .bss                                     0x24005dd4   Section       76  tim.o(.bss)
    .bss                                     0x24005e20   Section      144  usart.o(.bss)
    STACK                                    0x24005eb0   Section    131072  startup_stm32h750xx.o(STACK)

    Global Symbols

    Symbol Name                              Value     Ov Type        Size  Object(Section)

    BuildAttributes$$THM_ISAv4$E$P$D$K$B$S$7EM$VFPv5_D16$PE$PLD8$A:L22UL41UL21$X:L11$S22US41US21$IEEE1$IW$USESV6$~STKCKD$USESV7$~SHL$OTIME$ROPI$IEEEX$EBA8$MICROLIB$REQ8$PRES8$EABIv2 0x00000000   Number         0  anon$$obj.o ABSOLUTE
    __ARM_use_no_argv                        0x00000000   Number         0  main.o ABSOLUTE
    _printf_a                                0x00000000   Number         0  stubs.o ABSOLUTE
    _printf_c                                0x00000000   Number         0  stubs.o ABSOLUTE
    _printf_charcount                        0x00000000   Number         0  stubs.o ABSOLUTE
    _printf_d                                0x00000000   Number         0  stubs.o ABSOLUTE
    _printf_e                                0x00000000   Number         0  stubs.o ABSOLUTE
    _printf_f                                0x00000000   Number         0  stubs.o ABSOLUTE
    _printf_flags                            0x00000000   Number         0  stubs.o ABSOLUTE
    _printf_fp_dec                           0x00000000   Number         0  stubs.o ABSOLUTE
    _printf_fp_hex                           0x00000000   Number         0  stubs.o ABSOLUTE
    _printf_g                                0x00000000   Number         0  stubs.o ABSOLUTE
    _printf_i                                0x00000000   Number         0  stubs.o ABSOLUTE
    _printf_int_dec                          0x00000000   Number         0  stubs.o ABSOLUTE
    _printf_l                                0x00000000   Number         0  stubs.o ABSOLUTE
    _printf_lc                               0x00000000   Number         0  stubs.o ABSOLUTE
    _printf_ll                               0x00000000   Number         0  stubs.o ABSOLUTE
    _printf_lld                              0x00000000   Number         0  stubs.o ABSOLUTE
    _printf_lli                              0x00000000   Number         0  stubs.o ABSOLUTE
    _printf_llo                              0x00000000   Number         0  stubs.o ABSOLUTE
    _printf_llu                              0x00000000   Number         0  stubs.o ABSOLUTE
    _printf_llx                              0x00000000   Number         0  stubs.o ABSOLUTE
    _printf_longlong_dec                     0x00000000   Number         0  stubs.o ABSOLUTE
    _printf_longlong_hex                     0x00000000   Number         0  stubs.o ABSOLUTE
    _printf_longlong_oct                     0x00000000   Number         0  stubs.o ABSOLUTE
    _printf_ls                               0x00000000   Number         0  stubs.o ABSOLUTE
    _printf_mbtowc                           0x00000000   Number         0  stubs.o ABSOLUTE
    _printf_n                                0x00000000   Number         0  stubs.o ABSOLUTE
    _printf_o                                0x00000000   Number         0  stubs.o ABSOLUTE
    _printf_p                                0x00000000   Number         0  stubs.o ABSOLUTE
    _printf_percent                          0x00000000   Number         0  stubs.o ABSOLUTE
    _printf_pre_padding                      0x00000000   Number         0  stubs.o ABSOLUTE
    _printf_return_value                     0x00000000   Number         0  stubs.o ABSOLUTE
    _printf_s                                0x00000000   Number         0  stubs.o ABSOLUTE
    _printf_sizespec                         0x00000000   Number         0  stubs.o ABSOLUTE
    _printf_str                              0x00000000   Number         0  stubs.o ABSOLUTE
    _printf_truncate_signed                  0x00000000   Number         0  stubs.o ABSOLUTE
    _printf_truncate_unsigned                0x00000000   Number         0  stubs.o ABSOLUTE
    _printf_u                                0x00000000   Number         0  stubs.o ABSOLUTE
    _printf_wc                               0x00000000   Number         0  stubs.o ABSOLUTE
    _printf_wctomb                           0x00000000   Number         0  stubs.o ABSOLUTE
    _printf_widthprec                        0x00000000   Number         0  stubs.o ABSOLUTE
    _printf_x                                0x00000000   Number         0  stubs.o ABSOLUTE
    __arm_fini_                               - Undefined Weak Reference
    __cpp_initialize__aeabi_                  - Undefined Weak Reference
    __cxa_finalize                            - Undefined Weak Reference
    __decompress                              - Undefined Weak Reference
    _clock_init                               - Undefined Weak Reference
    _microlib_exit                            - Undefined Weak Reference
    __Vectors_Size                           0x00000298   Number         0  startup_stm32h750xx.o ABSOLUTE
    __Vectors                                0x08000000   Data           4  startup_stm32h750xx.o(RESET)
    __Vectors_End                            0x08000298   Data           0  startup_stm32h750xx.o(RESET)
    __main                                   0x08000299   Thumb Code     0  entry.o(.ARM.Collect$$$$00000000)
    _main_stk                                0x08000299   Thumb Code     0  entry2.o(.ARM.Collect$$$$00000001)
    _main_scatterload                        0x0800029d   Thumb Code     0  entry5.o(.ARM.Collect$$$$00000004)
    __main_after_scatterload                 0x080002a1   Thumb Code     0  entry5.o(.ARM.Collect$$$$00000004)
    _main_clock                              0x080002a1   Thumb Code     0  entry7b.o(.ARM.Collect$$$$00000008)
    _main_cpp_init                           0x080002a1   Thumb Code     0  entry8b.o(.ARM.Collect$$$$0000000A)
    _main_init                               0x080002a1   Thumb Code     0  entry9a.o(.ARM.Collect$$$$0000000B)
    __rt_lib_shutdown_fini                   0x080002a9   Thumb Code     0  entry12b.o(.ARM.Collect$$$$0000000E)
    __rt_final_cpp                           0x080002ad   Thumb Code     0  entry10a.o(.ARM.Collect$$$$0000000F)
    __rt_final_exit                          0x080002ad   Thumb Code     0  entry11a.o(.ARM.Collect$$$$00000011)
    Reset_Handler                            0x080002b1   Thumb Code     8  startup_stm32h750xx.o(.text)
    ADC3_IRQHandler                          0x080002cb   Thumb Code     0  startup_stm32h750xx.o(.text)
    ADC_IRQHandler                           0x080002cb   Thumb Code     0  startup_stm32h750xx.o(.text)
    BDMA_Channel0_IRQHandler                 0x080002cb   Thumb Code     0  startup_stm32h750xx.o(.text)
    BDMA_Channel1_IRQHandler                 0x080002cb   Thumb Code     0  startup_stm32h750xx.o(.text)
    BDMA_Channel2_IRQHandler                 0x080002cb   Thumb Code     0  startup_stm32h750xx.o(.text)
    BDMA_Channel3_IRQHandler                 0x080002cb   Thumb Code     0  startup_stm32h750xx.o(.text)
    BDMA_Channel4_IRQHandler                 0x080002cb   Thumb Code     0  startup_stm32h750xx.o(.text)
    BDMA_Channel5_IRQHandler                 0x080002cb   Thumb Code     0  startup_stm32h750xx.o(.text)
    BDMA_Channel6_IRQHandler                 0x080002cb   Thumb Code     0  startup_stm32h750xx.o(.text)
    BDMA_Channel7_IRQHandler                 0x080002cb   Thumb Code     0  startup_stm32h750xx.o(.text)
    CEC_IRQHandler                           0x080002cb   Thumb Code     0  startup_stm32h750xx.o(.text)
    COMP1_IRQHandler                         0x080002cb   Thumb Code     0  startup_stm32h750xx.o(.text)
    CRS_IRQHandler                           0x080002cb   Thumb Code     0  startup_stm32h750xx.o(.text)
    CRYP_IRQHandler                          0x080002cb   Thumb Code     0  startup_stm32h750xx.o(.text)
    DCMI_IRQHandler                          0x080002cb   Thumb Code     0  startup_stm32h750xx.o(.text)
    DFSDM1_FLT0_IRQHandler                   0x080002cb   Thumb Code     0  startup_stm32h750xx.o(.text)
    DFSDM1_FLT1_IRQHandler                   0x080002cb   Thumb Code     0  startup_stm32h750xx.o(.text)
    DFSDM1_FLT2_IRQHandler                   0x080002cb   Thumb Code     0  startup_stm32h750xx.o(.text)
    DFSDM1_FLT3_IRQHandler                   0x080002cb   Thumb Code     0  startup_stm32h750xx.o(.text)
    DMA1_Stream1_IRQHandler                  0x080002cb   Thumb Code     0  startup_stm32h750xx.o(.text)
    DMA1_Stream2_IRQHandler                  0x080002cb   Thumb Code     0  startup_stm32h750xx.o(.text)
    DMA1_Stream3_IRQHandler                  0x080002cb   Thumb Code     0  startup_stm32h750xx.o(.text)
    DMA1_Stream4_IRQHandler                  0x080002cb   Thumb Code     0  startup_stm32h750xx.o(.text)
    DMA1_Stream5_IRQHandler                  0x080002cb   Thumb Code     0  startup_stm32h750xx.o(.text)
    DMA1_Stream6_IRQHandler                  0x080002cb   Thumb Code     0  startup_stm32h750xx.o(.text)
    DMA1_Stream7_IRQHandler                  0x080002cb   Thumb Code     0  startup_stm32h750xx.o(.text)
    DMA2D_IRQHandler                         0x080002cb   Thumb Code     0  startup_stm32h750xx.o(.text)
    DMA2_Stream0_IRQHandler                  0x080002cb   Thumb Code     0  startup_stm32h750xx.o(.text)
    DMA2_Stream1_IRQHandler                  0x080002cb   Thumb Code     0  startup_stm32h750xx.o(.text)
    DMA2_Stream2_IRQHandler                  0x080002cb   Thumb Code     0  startup_stm32h750xx.o(.text)
    DMA2_Stream3_IRQHandler                  0x080002cb   Thumb Code     0  startup_stm32h750xx.o(.text)
    DMA2_Stream4_IRQHandler                  0x080002cb   Thumb Code     0  startup_stm32h750xx.o(.text)
    DMA2_Stream5_IRQHandler                  0x080002cb   Thumb Code     0  startup_stm32h750xx.o(.text)
    DMA2_Stream6_IRQHandler                  0x080002cb   Thumb Code     0  startup_stm32h750xx.o(.text)
    DMA2_Stream7_IRQHandler                  0x080002cb   Thumb Code     0  startup_stm32h750xx.o(.text)
    DMAMUX1_OVR_IRQHandler                   0x080002cb   Thumb Code     0  startup_stm32h750xx.o(.text)
    DMAMUX2_OVR_IRQHandler                   0x080002cb   Thumb Code     0  startup_stm32h750xx.o(.text)
    ECC_IRQHandler                           0x080002cb   Thumb Code     0  startup_stm32h750xx.o(.text)
    ETH_IRQHandler                           0x080002cb   Thumb Code     0  startup_stm32h750xx.o(.text)
    ETH_WKUP_IRQHandler                      0x080002cb   Thumb Code     0  startup_stm32h750xx.o(.text)
    EXTI0_IRQHandler                         0x080002cb   Thumb Code     0  startup_stm32h750xx.o(.text)
    EXTI1_IRQHandler                         0x080002cb   Thumb Code     0  startup_stm32h750xx.o(.text)
    EXTI2_IRQHandler                         0x080002cb   Thumb Code     0  startup_stm32h750xx.o(.text)
    EXTI3_IRQHandler                         0x080002cb   Thumb Code     0  startup_stm32h750xx.o(.text)
    EXTI4_IRQHandler                         0x080002cb   Thumb Code     0  startup_stm32h750xx.o(.text)
    EXTI9_5_IRQHandler                       0x080002cb   Thumb Code     0  startup_stm32h750xx.o(.text)
    FDCAN1_IT0_IRQHandler                    0x080002cb   Thumb Code     0  startup_stm32h750xx.o(.text)
    FDCAN1_IT1_IRQHandler                    0x080002cb   Thumb Code     0  startup_stm32h750xx.o(.text)
    FDCAN2_IT0_IRQHandler                    0x080002cb   Thumb Code     0  startup_stm32h750xx.o(.text)
    FDCAN2_IT1_IRQHandler                    0x080002cb   Thumb Code     0  startup_stm32h750xx.o(.text)
    FDCAN_CAL_IRQHandler                     0x080002cb   Thumb Code     0  startup_stm32h750xx.o(.text)
    FLASH_IRQHandler                         0x080002cb   Thumb Code     0  startup_stm32h750xx.o(.text)
    FMC_IRQHandler                           0x080002cb   Thumb Code     0  startup_stm32h750xx.o(.text)
    FPU_IRQHandler                           0x080002cb   Thumb Code     0  startup_stm32h750xx.o(.text)
    HASH_RNG_IRQHandler                      0x080002cb   Thumb Code     0  startup_stm32h750xx.o(.text)
    HRTIM1_FLT_IRQHandler                    0x080002cb   Thumb Code     0  startup_stm32h750xx.o(.text)
    HRTIM1_Master_IRQHandler                 0x080002cb   Thumb Code     0  startup_stm32h750xx.o(.text)
    HRTIM1_TIMA_IRQHandler                   0x080002cb   Thumb Code     0  startup_stm32h750xx.o(.text)
    HRTIM1_TIMB_IRQHandler                   0x080002cb   Thumb Code     0  startup_stm32h750xx.o(.text)
    HRTIM1_TIMC_IRQHandler                   0x080002cb   Thumb Code     0  startup_stm32h750xx.o(.text)
    HRTIM1_TIMD_IRQHandler                   0x080002cb   Thumb Code     0  startup_stm32h750xx.o(.text)
    HRTIM1_TIME_IRQHandler                   0x080002cb   Thumb Code     0  startup_stm32h750xx.o(.text)
    HSEM1_IRQHandler                         0x080002cb   Thumb Code     0  startup_stm32h750xx.o(.text)
    I2C1_ER_IRQHandler                       0x080002cb   Thumb Code     0  startup_stm32h750xx.o(.text)
    I2C1_EV_IRQHandler                       0x080002cb   Thumb Code     0  startup_stm32h750xx.o(.text)
    I2C2_ER_IRQHandler                       0x080002cb   Thumb Code     0  startup_stm32h750xx.o(.text)
    I2C2_EV_IRQHandler                       0x080002cb   Thumb Code     0  startup_stm32h750xx.o(.text)
    I2C3_ER_IRQHandler                       0x080002cb   Thumb Code     0  startup_stm32h750xx.o(.text)
    I2C3_EV_IRQHandler                       0x080002cb   Thumb Code     0  startup_stm32h750xx.o(.text)
    I2C4_ER_IRQHandler                       0x080002cb   Thumb Code     0  startup_stm32h750xx.o(.text)
    I2C4_EV_IRQHandler                       0x080002cb   Thumb Code     0  startup_stm32h750xx.o(.text)
    JPEG_IRQHandler                          0x080002cb   Thumb Code     0  startup_stm32h750xx.o(.text)
    LPTIM3_IRQHandler                        0x080002cb   Thumb Code     0  startup_stm32h750xx.o(.text)
    LPTIM4_IRQHandler                        0x080002cb   Thumb Code     0  startup_stm32h750xx.o(.text)
    LPTIM5_IRQHandler                        0x080002cb   Thumb Code     0  startup_stm32h750xx.o(.text)
    LPUART1_IRQHandler                       0x080002cb   Thumb Code     0  startup_stm32h750xx.o(.text)
    LTDC_ER_IRQHandler                       0x080002cb   Thumb Code     0  startup_stm32h750xx.o(.text)
    LTDC_IRQHandler                          0x080002cb   Thumb Code     0  startup_stm32h750xx.o(.text)
    MDIOS_IRQHandler                         0x080002cb   Thumb Code     0  startup_stm32h750xx.o(.text)
    MDIOS_WKUP_IRQHandler                    0x080002cb   Thumb Code     0  startup_stm32h750xx.o(.text)
    MDMA_IRQHandler                          0x080002cb   Thumb Code     0  startup_stm32h750xx.o(.text)
    OTG_FS_EP1_IN_IRQHandler                 0x080002cb   Thumb Code     0  startup_stm32h750xx.o(.text)
    OTG_FS_EP1_OUT_IRQHandler                0x080002cb   Thumb Code     0  startup_stm32h750xx.o(.text)
    OTG_FS_IRQHandler                        0x080002cb   Thumb Code     0  startup_stm32h750xx.o(.text)
    OTG_FS_WKUP_IRQHandler                   0x080002cb   Thumb Code     0  startup_stm32h750xx.o(.text)
    OTG_HS_EP1_IN_IRQHandler                 0x080002cb   Thumb Code     0  startup_stm32h750xx.o(.text)
    OTG_HS_EP1_OUT_IRQHandler                0x080002cb   Thumb Code     0  startup_stm32h750xx.o(.text)
    OTG_HS_IRQHandler                        0x080002cb   Thumb Code     0  startup_stm32h750xx.o(.text)
    OTG_HS_WKUP_IRQHandler                   0x080002cb   Thumb Code     0  startup_stm32h750xx.o(.text)
    PVD_AVD_IRQHandler                       0x080002cb   Thumb Code     0  startup_stm32h750xx.o(.text)
    QUADSPI_IRQHandler                       0x080002cb   Thumb Code     0  startup_stm32h750xx.o(.text)
    RCC_IRQHandler                           0x080002cb   Thumb Code     0  startup_stm32h750xx.o(.text)
    RTC_Alarm_IRQHandler                     0x080002cb   Thumb Code     0  startup_stm32h750xx.o(.text)
    RTC_WKUP_IRQHandler                      0x080002cb   Thumb Code     0  startup_stm32h750xx.o(.text)
    SAI1_IRQHandler                          0x080002cb   Thumb Code     0  startup_stm32h750xx.o(.text)
    SAI2_IRQHandler                          0x080002cb   Thumb Code     0  startup_stm32h750xx.o(.text)
    SAI3_IRQHandler                          0x080002cb   Thumb Code     0  startup_stm32h750xx.o(.text)
    SAI4_IRQHandler                          0x080002cb   Thumb Code     0  startup_stm32h750xx.o(.text)
    SDMMC1_IRQHandler                        0x080002cb   Thumb Code     0  startup_stm32h750xx.o(.text)
    SDMMC2_IRQHandler                        0x080002cb   Thumb Code     0  startup_stm32h750xx.o(.text)
    SPDIF_RX_IRQHandler                      0x080002cb   Thumb Code     0  startup_stm32h750xx.o(.text)
    SPI1_IRQHandler                          0x080002cb   Thumb Code     0  startup_stm32h750xx.o(.text)
    SPI2_IRQHandler                          0x080002cb   Thumb Code     0  startup_stm32h750xx.o(.text)
    SPI3_IRQHandler                          0x080002cb   Thumb Code     0  startup_stm32h750xx.o(.text)
    SPI4_IRQHandler                          0x080002cb   Thumb Code     0  startup_stm32h750xx.o(.text)
    SPI5_IRQHandler                          0x080002cb   Thumb Code     0  startup_stm32h750xx.o(.text)
    SPI6_IRQHandler                          0x080002cb   Thumb Code     0  startup_stm32h750xx.o(.text)
    SWPMI1_IRQHandler                        0x080002cb   Thumb Code     0  startup_stm32h750xx.o(.text)
    TAMP_STAMP_IRQHandler                    0x080002cb   Thumb Code     0  startup_stm32h750xx.o(.text)
    TIM15_IRQHandler                         0x080002cb   Thumb Code     0  startup_stm32h750xx.o(.text)
    TIM16_IRQHandler                         0x080002cb   Thumb Code     0  startup_stm32h750xx.o(.text)
    TIM17_IRQHandler                         0x080002cb   Thumb Code     0  startup_stm32h750xx.o(.text)
    TIM1_BRK_IRQHandler                      0x080002cb   Thumb Code     0  startup_stm32h750xx.o(.text)
    TIM1_CC_IRQHandler                       0x080002cb   Thumb Code     0  startup_stm32h750xx.o(.text)
    TIM1_TRG_COM_IRQHandler                  0x080002cb   Thumb Code     0  startup_stm32h750xx.o(.text)
    TIM1_UP_IRQHandler                       0x080002cb   Thumb Code     0  startup_stm32h750xx.o(.text)
    TIM2_IRQHandler                          0x080002cb   Thumb Code     0  startup_stm32h750xx.o(.text)
    TIM3_IRQHandler                          0x080002cb   Thumb Code     0  startup_stm32h750xx.o(.text)
    TIM4_IRQHandler                          0x080002cb   Thumb Code     0  startup_stm32h750xx.o(.text)
    TIM5_IRQHandler                          0x080002cb   Thumb Code     0  startup_stm32h750xx.o(.text)
    TIM6_DAC_IRQHandler                      0x080002cb   Thumb Code     0  startup_stm32h750xx.o(.text)
    TIM7_IRQHandler                          0x080002cb   Thumb Code     0  startup_stm32h750xx.o(.text)
    TIM8_BRK_TIM12_IRQHandler                0x080002cb   Thumb Code     0  startup_stm32h750xx.o(.text)
    TIM8_CC_IRQHandler                       0x080002cb   Thumb Code     0  startup_stm32h750xx.o(.text)
    TIM8_TRG_COM_TIM14_IRQHandler            0x080002cb   Thumb Code     0  startup_stm32h750xx.o(.text)
    TIM8_UP_TIM13_IRQHandler                 0x080002cb   Thumb Code     0  startup_stm32h750xx.o(.text)
    UART5_IRQHandler                         0x080002cb   Thumb Code     0  startup_stm32h750xx.o(.text)
    UART7_IRQHandler                         0x080002cb   Thumb Code     0  startup_stm32h750xx.o(.text)
    UART8_IRQHandler                         0x080002cb   Thumb Code     0  startup_stm32h750xx.o(.text)
    USART1_IRQHandler                        0x080002cb   Thumb Code     0  startup_stm32h750xx.o(.text)
    USART2_IRQHandler                        0x080002cb   Thumb Code     0  startup_stm32h750xx.o(.text)
    USART3_IRQHandler                        0x080002cb   Thumb Code     0  startup_stm32h750xx.o(.text)
    USART6_IRQHandler                        0x080002cb   Thumb Code     0  startup_stm32h750xx.o(.text)
    WAKEUP_PIN_IRQHandler                    0x080002cb   Thumb Code     0  startup_stm32h750xx.o(.text)
    WWDG_IRQHandler                          0x080002cb   Thumb Code     0  startup_stm32h750xx.o(.text)
    __aeabi_uldivmod                         0x080002d5   Thumb Code    98  uldiv.o(.text)
    __aeabi_memset                           0x08000337   Thumb Code    14  memseta.o(.text)
    __aeabi_memset4                          0x08000337   Thumb Code     0  memseta.o(.text)
    __aeabi_memset8                          0x08000337   Thumb Code     0  memseta.o(.text)
    __aeabi_memclr                           0x08000345   Thumb Code     4  memseta.o(.text)
    __aeabi_memclr4                          0x08000345   Thumb Code     0  memseta.o(.text)
    __aeabi_memclr8                          0x08000345   Thumb Code     0  memseta.o(.text)
    _memset$wrapper                          0x08000349   Thumb Code    18  memseta.o(.text)
    strcmp                                   0x0800035b   Thumb Code    28  strcmp.o(.text)
    strtol                                   0x08000377   Thumb Code   112  strtol.o(.text)
    __aeabi_uidiv                            0x080003e7   Thumb Code     0  uidiv.o(.text)
    __aeabi_uidivmod                         0x080003e7   Thumb Code    44  uidiv.o(.text)
    __aeabi_llsl                             0x08000413   Thumb Code    30  llshl.o(.text)
    _ll_shift_l                              0x08000413   Thumb Code     0  llshl.o(.text)
    __aeabi_llsr                             0x08000431   Thumb Code    32  llushr.o(.text)
    _ll_ushift_r                             0x08000431   Thumb Code     0  llushr.o(.text)
    __rt_ctype_table                         0x08000451   Thumb Code     4  ctype_o.o(.text)
    _strtoul                                 0x08000459   Thumb Code   158  _strtoul.o(.text)
    __I$use$fp                               0x080004f7   Thumb Code     0  iusefp.o(.text)
    __aeabi_dadd                             0x080004f7   Thumb Code   322  dadd.o(.text)
    __aeabi_dsub                             0x08000639   Thumb Code     6  dadd.o(.text)
    __aeabi_drsub                            0x0800063f   Thumb Code     6  dadd.o(.text)
    __aeabi_dmul                             0x08000645   Thumb Code   228  dmul.o(.text)
    __aeabi_ddiv                             0x08000729   Thumb Code   222  ddiv.o(.text)
    __ARM_scalbn                             0x08000807   Thumb Code    46  dscalb.o(.text)
    scalbn                                   0x08000807   Thumb Code     0  dscalb.o(.text)
    __aeabi_d2ulz                            0x08000835   Thumb Code    48  dfixul.o(.text)
    __aeabi_cdrcmple                         0x08000865   Thumb Code    48  cdrcmple.o(.text)
    __scatterload                            0x08000895   Thumb Code    28  init.o(.text)
    __scatterload_rt2                        0x08000895   Thumb Code     0  init.o(.text)
    __aeabi_lasr                             0x080008b9   Thumb Code    36  llsshr.o(.text)
    _ll_sshift_r                             0x080008b9   Thumb Code     0  llsshr.o(.text)
    _chval                                   0x080008dd   Thumb Code    28  _chval.o(.text)
    _double_round                            0x080008f9   Thumb Code    30  depilogue.o(.text)
    _double_epilogue                         0x08000917   Thumb Code   156  depilogue.o(.text)
    AD9958_SetAmp2Channel                    0x080009b3   Thumb Code    24  ad9959.o(i.AD9958_SetAmp2Channel)
    AD9958_SetPhase2Channel                  0x080009cb   Thumb Code    24  ad9959.o(i.AD9958_SetPhase2Channel)
    AD9958_Set_Freq                          0x080009e5   Thumb Code   154  ad9959.o(i.AD9958_Set_Freq)
    ADC_ConfigureBoostMode                   0x08000a99   Thumb Code   320  stm32h7xx_hal_adc.o(i.ADC_ConfigureBoostMode)
    ADC_ConversionStop                       0x08000bf9   Thumb Code   276  stm32h7xx_hal_adc.o(i.ADC_ConversionStop)
    ADC_DMAConvCplt                          0x08000d15   Thumb Code   146  stm32h7xx_hal_adc.o(i.ADC_DMAConvCplt)
    ADC_DMAError                             0x08000da7   Thumb Code    30  stm32h7xx_hal_adc.o(i.ADC_DMAError)
    ADC_DMAHalfConvCplt                      0x08000dc5   Thumb Code    14  stm32h7xx_hal_adc.o(i.ADC_DMAHalfConvCplt)
    ADC_Disable                              0x08000dd5   Thumb Code   142  stm32h7xx_hal_adc.o(i.ADC_Disable)
    ADC_Enable                               0x08000e69   Thumb Code   182  stm32h7xx_hal_adc.o(i.ADC_Enable)
    ADC_fft_collect                          0x08000f35   Thumb Code   230  main.o(i.ADC_fft_collect)
    BUZZER_SetFrequency                      0x08001065   Thumb Code    22  main.o(i.BUZZER_SetFrequency)
    BusFault_Handler                         0x08001085   Thumb Code     4  stm32h7xx_it.o(i.BusFault_Handler)
    DMA1_Stream0_IRQHandler                  0x08001089   Thumb Code    10  stm32h7xx_it.o(i.DMA1_Stream0_IRQHandler)
    DebugMon_Handler                         0x08001605   Thumb Code     2  stm32h7xx_it.o(i.DebugMon_Handler)
    EXTI15_10_IRQHandler                     0x08001607   Thumb Code    12  stm32h7xx_it.o(i.EXTI15_10_IRQHandler)
    Error_Handler                            0x08001613   Thumb Code     6  main.o(i.Error_Handler)
    HAL_ADCEx_MultiModeConfigChannel         0x08001619   Thumb Code   336  stm32h7xx_hal_adc_ex.o(i.HAL_ADCEx_MultiModeConfigChannel)
    HAL_ADC_ConfigChannel                    0x0800177d   Thumb Code  1306  stm32h7xx_hal_adc.o(i.HAL_ADC_ConfigChannel)
    HAL_ADC_ConvCpltCallback                 0x08001cc1   Thumb Code    26  main.o(i.HAL_ADC_ConvCpltCallback)
    HAL_ADC_ConvHalfCpltCallback             0x08001ce9   Thumb Code     2  stm32h7xx_hal_adc.o(i.HAL_ADC_ConvHalfCpltCallback)
    HAL_ADC_ErrorCallback                    0x08001ceb   Thumb Code     2  stm32h7xx_hal_adc.o(i.HAL_ADC_ErrorCallback)
    HAL_ADC_Init                             0x08001ced   Thumb Code   608  stm32h7xx_hal_adc.o(i.HAL_ADC_Init)
    HAL_ADC_MspInit                          0x08001f79   Thumb Code   224  adc.o(i.HAL_ADC_MspInit)
    HAL_ADC_Start_DMA                        0x0800206d   Thumb Code   278  stm32h7xx_hal_adc.o(i.HAL_ADC_Start_DMA)
    HAL_ADC_Stop_DMA                         0x080021a1   Thumb Code   136  stm32h7xx_hal_adc.o(i.HAL_ADC_Stop_DMA)
    HAL_DMA_Abort                            0x08002229   Thumb Code  1236  stm32h7xx_hal_dma.o(i.HAL_DMA_Abort)
    HAL_DMA_Abort_IT                         0x08002705   Thumb Code   906  stm32h7xx_hal_dma.o(i.HAL_DMA_Abort_IT)
    HAL_DMA_IRQHandler                       0x08002a9d   Thumb Code  2800  stm32h7xx_hal_dma.o(i.HAL_DMA_IRQHandler)
    HAL_DMA_Init                             0x08003595   Thumb Code  1304  stm32h7xx_hal_dma.o(i.HAL_DMA_Init)
    HAL_DMA_Start_IT                         0x08003ab5   Thumb Code   980  stm32h7xx_hal_dma.o(i.HAL_DMA_Start_IT)
    HAL_Delay                                0x08003e95   Thumb Code    36  stm32h7xx_hal.o(i.HAL_Delay)
    HAL_GPIO_EXTI_Callback                   0x08003ebd   Thumb Code    16  main.o(i.HAL_GPIO_EXTI_Callback)
    HAL_GPIO_EXTI_IRQHandler                 0x08003ed1   Thumb Code    24  stm32h7xx_hal_gpio.o(i.HAL_GPIO_EXTI_IRQHandler)
    HAL_GPIO_Init                            0x08003eed   Thumb Code   468  stm32h7xx_hal_gpio.o(i.HAL_GPIO_Init)
    HAL_GPIO_WritePin                        0x080040f5   Thumb Code    12  stm32h7xx_hal_gpio.o(i.HAL_GPIO_WritePin)
    HAL_GetREVID                             0x08004101   Thumb Code     8  stm32h7xx_hal.o(i.HAL_GetREVID)
    HAL_GetTick                              0x0800410d   Thumb Code     6  stm32h7xx_hal.o(i.HAL_GetTick)
    HAL_IncTick                              0x08004119   Thumb Code    16  stm32h7xx_hal.o(i.HAL_IncTick)
    HAL_Init                                 0x08004131   Thumb Code    80  stm32h7xx_hal.o(i.HAL_Init)
    HAL_InitTick                             0x08004191   Thumb Code    74  stm32h7xx_hal.o(i.HAL_InitTick)
    HAL_LPTIM_AutoReloadMatchCallback        0x080041e9   Thumb Code    72  main.o(i.HAL_LPTIM_AutoReloadMatchCallback)
    HAL_LPTIM_AutoReloadWriteCallback        0x08004241   Thumb Code     2  stm32h7xx_hal_lptim.o(i.HAL_LPTIM_AutoReloadWriteCallback)
    HAL_LPTIM_CompareMatchCallback           0x08004243   Thumb Code     2  stm32h7xx_hal_lptim.o(i.HAL_LPTIM_CompareMatchCallback)
    HAL_LPTIM_CompareWriteCallback           0x08004245   Thumb Code     2  stm32h7xx_hal_lptim.o(i.HAL_LPTIM_CompareWriteCallback)
    HAL_LPTIM_Counter_Start_IT               0x08004247   Thumb Code   150  stm32h7xx_hal_lptim.o(i.HAL_LPTIM_Counter_Start_IT)
    HAL_LPTIM_Counter_Stop_IT                0x080042dd   Thumb Code    62  stm32h7xx_hal_lptim.o(i.HAL_LPTIM_Counter_Stop_IT)
    HAL_LPTIM_DirectionDownCallback          0x0800431b   Thumb Code     2  stm32h7xx_hal_lptim.o(i.HAL_LPTIM_DirectionDownCallback)
    HAL_LPTIM_DirectionUpCallback            0x0800431d   Thumb Code     2  stm32h7xx_hal_lptim.o(i.HAL_LPTIM_DirectionUpCallback)
    HAL_LPTIM_GetState                       0x0800431f   Thumb Code     8  stm32h7xx_hal_lptim.o(i.HAL_LPTIM_GetState)
    HAL_LPTIM_IRQHandler                     0x08004327   Thumb Code   230  stm32h7xx_hal_lptim.o(i.HAL_LPTIM_IRQHandler)
    HAL_LPTIM_Init                           0x0800440d   Thumb Code   236  stm32h7xx_hal_lptim.o(i.HAL_LPTIM_Init)
    HAL_LPTIM_MspInit                        0x08004509   Thumb Code   170  lptim.o(i.HAL_LPTIM_MspInit)
    HAL_LPTIM_TriggerCallback                0x080045c1   Thumb Code     2  stm32h7xx_hal_lptim.o(i.HAL_LPTIM_TriggerCallback)
    HAL_MspInit                              0x080045c5   Thumb Code    68  stm32h7xx_hal_msp.o(i.HAL_MspInit)
    HAL_NVIC_EnableIRQ                       0x0800460d   Thumb Code    40  stm32h7xx_hal_cortex.o(i.HAL_NVIC_EnableIRQ)
    HAL_NVIC_SetPriority                     0x08004635   Thumb Code   122  stm32h7xx_hal_cortex.o(i.HAL_NVIC_SetPriority)
    HAL_NVIC_SetPriorityGrouping             0x080046b1   Thumb Code    32  stm32h7xx_hal_cortex.o(i.HAL_NVIC_SetPriorityGrouping)
    HAL_PWREx_ConfigSupply                   0x080046d9   Thumb Code    90  stm32h7xx_hal_pwr_ex.o(i.HAL_PWREx_ConfigSupply)
    HAL_RCCEx_GetD3PCLK1Freq                 0x08004739   Thumb Code    26  stm32h7xx_hal_rcc_ex.o(i.HAL_RCCEx_GetD3PCLK1Freq)
    HAL_RCCEx_GetPLL1ClockFreq               0x0800475d   Thumb Code   536  stm32h7xx_hal_rcc_ex.o(i.HAL_RCCEx_GetPLL1ClockFreq)
    HAL_RCCEx_GetPLL2ClockFreq               0x0800498d   Thumb Code   536  stm32h7xx_hal_rcc_ex.o(i.HAL_RCCEx_GetPLL2ClockFreq)
    HAL_RCCEx_GetPLL3ClockFreq               0x08004bbd   Thumb Code   536  stm32h7xx_hal_rcc_ex.o(i.HAL_RCCEx_GetPLL3ClockFreq)
    HAL_RCCEx_GetPeriphCLKFreq               0x08004ded   Thumb Code  1856  stm32h7xx_hal_rcc_ex.o(i.HAL_RCCEx_GetPeriphCLKFreq)
    HAL_RCCEx_PeriphCLKConfig                0x08005541   Thumb Code  2910  stm32h7xx_hal_rcc_ex.o(i.HAL_RCCEx_PeriphCLKConfig)
    HAL_RCC_ClockConfig                      0x080060a5   Thumb Code   774  stm32h7xx_hal_rcc.o(i.HAL_RCC_ClockConfig)
    HAL_RCC_GetHCLKFreq                      0x080063c5   Thumb Code    60  stm32h7xx_hal_rcc.o(i.HAL_RCC_GetHCLKFreq)
    HAL_RCC_GetPCLK1Freq                     0x08006411   Thumb Code    26  stm32h7xx_hal_rcc.o(i.HAL_RCC_GetPCLK1Freq)
    HAL_RCC_GetPCLK2Freq                     0x08006435   Thumb Code    26  stm32h7xx_hal_rcc.o(i.HAL_RCC_GetPCLK2Freq)
    HAL_RCC_GetSysClockFreq                  0x08006459   Thumb Code   524  stm32h7xx_hal_rcc.o(i.HAL_RCC_GetSysClockFreq)
    HAL_RCC_OscConfig                        0x08006685   Thumb Code  2010  stm32h7xx_hal_rcc.o(i.HAL_RCC_OscConfig)
    HAL_SYSCFG_DisableVREFBUF                0x08006e69   Thumb Code    14  stm32h7xx_hal.o(i.HAL_SYSCFG_DisableVREFBUF)
    HAL_SYSCFG_VREFBUF_HighImpedanceConfig   0x08006e7d   Thumb Code    16  stm32h7xx_hal.o(i.HAL_SYSCFG_VREFBUF_HighImpedanceConfig)
    HAL_SYSTICK_Config                       0x08006e91   Thumb Code    52  stm32h7xx_hal_cortex.o(i.HAL_SYSTICK_Config)
    HAL_TIMEx_MasterConfigSynchronization    0x08006ec5   Thumb Code   166  stm32h7xx_hal_tim_ex.o(i.HAL_TIMEx_MasterConfigSynchronization)
    HAL_TIM_Base_Init                        0x08006f85   Thumb Code   110  stm32h7xx_hal_tim.o(i.HAL_TIM_Base_Init)
    HAL_TIM_Base_MspInit                     0x08006ff5   Thumb Code    40  tim.o(i.HAL_TIM_Base_MspInit)
    HAL_TIM_ConfigClockSource                0x08007025   Thumb Code   300  stm32h7xx_hal_tim.o(i.HAL_TIM_ConfigClockSource)
    HAL_TIM_MspPostInit                      0x08007155   Thumb Code    80  tim.o(i.HAL_TIM_MspPostInit)
    HAL_TIM_PWM_ConfigChannel                0x080071b1   Thumb Code   360  stm32h7xx_hal_tim.o(i.HAL_TIM_PWM_ConfigChannel)
    HAL_TIM_PWM_Init                         0x08007319   Thumb Code   110  stm32h7xx_hal_tim.o(i.HAL_TIM_PWM_Init)
    HAL_TIM_PWM_MspInit                      0x08007387   Thumb Code     2  stm32h7xx_hal_tim.o(i.HAL_TIM_PWM_MspInit)
    HAL_TIM_PWM_Start                        0x08007389   Thumb Code   306  stm32h7xx_hal_tim.o(i.HAL_TIM_PWM_Start)
    HAL_TIM_PWM_Stop                         0x080074e5   Thumb Code   208  stm32h7xx_hal_tim.o(i.HAL_TIM_PWM_Stop)
    HAL_UARTEx_DisableFifoMode               0x080075c9   Thumb Code    78  stm32h7xx_hal_uart_ex.o(i.HAL_UARTEx_DisableFifoMode)
    HAL_UARTEx_RxEventCallback               0x08007617   Thumb Code     2  stm32h7xx_hal_uart.o(i.HAL_UARTEx_RxEventCallback)
    HAL_UARTEx_RxFifoFullCallback            0x08007619   Thumb Code     2  stm32h7xx_hal_uart_ex.o(i.HAL_UARTEx_RxFifoFullCallback)
    HAL_UARTEx_SetRxFifoThreshold            0x0800761b   Thumb Code    94  stm32h7xx_hal_uart_ex.o(i.HAL_UARTEx_SetRxFifoThreshold)
    HAL_UARTEx_SetTxFifoThreshold            0x08007679   Thumb Code    94  stm32h7xx_hal_uart_ex.o(i.HAL_UARTEx_SetTxFifoThreshold)
    HAL_UARTEx_TxFifoEmptyCallback           0x080076d7   Thumb Code     2  stm32h7xx_hal_uart_ex.o(i.HAL_UARTEx_TxFifoEmptyCallback)
    HAL_UARTEx_WakeupCallback                0x080076d9   Thumb Code     2  stm32h7xx_hal_uart_ex.o(i.HAL_UARTEx_WakeupCallback)
    HAL_UART_ErrorCallback                   0x080076db   Thumb Code     2  stm32h7xx_hal_uart.o(i.HAL_UART_ErrorCallback)
    HAL_UART_GetState                        0x080076dd   Thumb Code    16  stm32h7xx_hal_uart.o(i.HAL_UART_GetState)
    HAL_UART_IRQHandler                      0x080076ed   Thumb Code   960  stm32h7xx_hal_uart.o(i.HAL_UART_IRQHandler)
    HAL_UART_Init                            0x08007ac1   Thumb Code   120  stm32h7xx_hal_uart.o(i.HAL_UART_Init)
    HAL_UART_MspInit                         0x08007b39   Thumb Code   142  usart.o(i.HAL_UART_MspInit)
    HAL_UART_Receive_IT                      0x08007bd5   Thumb Code    96  stm32h7xx_hal_uart.o(i.HAL_UART_Receive_IT)
    HAL_UART_RxCpltCallback                  0x08007c39   Thumb Code   380  debug.o(i.HAL_UART_RxCpltCallback)
    HAL_UART_Transmit                        0x08007e21   Thumb Code   214  stm32h7xx_hal_uart.o(i.HAL_UART_Transmit)
    HAL_UART_TxCpltCallback                  0x08007ef7   Thumb Code     2  stm32h7xx_hal_uart.o(i.HAL_UART_TxCpltCallback)
    HardFault_Handler                        0x08007ef9   Thumb Code     4  stm32h7xx_it.o(i.HardFault_Handler)
    IO_Update                                0x08007efd   Thumb Code    46  ad9959.o(i.IO_Update)
    Init_AD9958                              0x08007f31   Thumb Code    88  ad9959.o(i.Init_AD9958)
    IntReset                                 0x08007f99   Thumb Code    46  ad9959.o(i.IntReset)
    Intserve                                 0x08007fcd   Thumb Code    54  ad9959.o(i.Intserve)
    LPTIM1_IRQHandler                        0x080080c1   Thumb Code    10  stm32h7xx_it.o(i.LPTIM1_IRQHandler)
    LPTIM2_IRQHandler                        0x080080d1   Thumb Code    10  stm32h7xx_it.o(i.LPTIM2_IRQHandler)
    LPTIM_Disable                            0x080080e1   Thumb Code   716  stm32h7xx_hal_lptim.o(i.LPTIM_Disable)
    MX_ADC1_Init                             0x080083f1   Thumb Code   154  adc.o(i.MX_ADC1_Init)
    MX_DMA_Init                              0x08008499   Thumb Code    48  dma.o(i.MX_DMA_Init)
    MX_GPIO_Init                             0x080084cd   Thumb Code   134  gpio.o(i.MX_GPIO_Init)
    MX_LPTIM1_Init                           0x08008561   Thumb Code    50  lptim.o(i.MX_LPTIM1_Init)
    MX_LPTIM2_Init                           0x0800859d   Thumb Code    50  lptim.o(i.MX_LPTIM2_Init)
    MX_TIM4_Init                             0x080085d9   Thumb Code   156  tim.o(i.MX_TIM4_Init)
    MX_USART1_UART_Init                      0x0800867d   Thumb Code    98  usart.o(i.MX_USART1_UART_Init)
    MemManage_Handler                        0x080086e9   Thumb Code     4  stm32h7xx_it.o(i.MemManage_Handler)
    NMI_Handler                              0x080086ed   Thumb Code     4  stm32h7xx_it.o(i.NMI_Handler)
    PendSV_Handler                           0x080086f1   Thumb Code     2  stm32h7xx_it.o(i.PendSV_Handler)
    PeriphCommonClock_Config                 0x080086f3   Thumb Code    38  main.o(i.PeriphCommonClock_Config)
    SVC_Handler                              0x080089e1   Thumb Code     2  stm32h7xx_it.o(i.SVC_Handler)
    SysTick_Handler                          0x080089e3   Thumb Code     8  stm32h7xx_it.o(i.SysTick_Handler)
    SystemClock_Config                       0x080089ed   Thumb Code   222  main.o(i.SystemClock_Config)
    SystemInit                               0x08008ad9   Thumb Code   220  system_stm32h7xx.o(i.SystemInit)
    TIM_Base_SetConfig                       0x08008bdd   Thumb Code   170  stm32h7xx_hal_tim.o(i.TIM_Base_SetConfig)
    TIM_CCxChannelCmd                        0x08008ca9   Thumb Code    34  stm32h7xx_hal_tim.o(i.TIM_CCxChannelCmd)
    TIM_ETR_SetConfig                        0x08008ccb   Thumb Code    22  stm32h7xx_hal_tim.o(i.TIM_ETR_SetConfig)
    TIM_OC2_SetConfig                        0x08008da5   Thumb Code   156  stm32h7xx_hal_tim.o(i.TIM_OC2_SetConfig)
    UART4_IRQHandler                         0x080090a1   Thumb Code    80  debug.o(i.UART4_IRQHandler)
    UART_AdvFeatureConfig                    0x08009155   Thumb Code   248  stm32h7xx_hal_uart.o(i.UART_AdvFeatureConfig)
    UART_CheckIdleState                      0x0800924d   Thumb Code   118  stm32h7xx_hal_uart.o(i.UART_CheckIdleState)
    UART_SetConfig                           0x08009725   Thumb Code  1404  stm32h7xx_hal_uart.o(i.UART_SetConfig)
    UART_Start_Receive_IT                    0x08009cb1   Thumb Code   256  stm32h7xx_hal_uart.o(i.UART_Start_Receive_IT)
    UART_WaitOnFlagUntilTimeout              0x08009dc1   Thumb Code   190  stm32h7xx_hal_uart.o(i.UART_WaitOnFlagUntilTimeout)
    UsageFault_Handler                       0x08009e7f   Thumb Code     4  stm32h7xx_it.o(i.UsageFault_Handler)
    WriteData_AD9959                         0x08009e85   Thumb Code   234  ad9959.o(i.WriteData_AD9959)
    Write_Amplitude                          0x08009f75   Thumb Code    84  ad9959.o(i.Write_Amplitude)
    Write_Phase                              0x08009fd1   Thumb Code   100  ad9959.o(i.Write_Phase)
    __0printf                                0x0800a049   Thumb Code    22  printfa.o(i.__0printf)
    __1printf                                0x0800a049   Thumb Code     0  printfa.o(i.__0printf)
    __2printf                                0x0800a049   Thumb Code     0  printfa.o(i.__0printf)
    __c89printf                              0x0800a049   Thumb Code     0  printfa.o(i.__0printf)
    printf                                   0x0800a049   Thumb Code     0  printfa.o(i.__0printf)
    __ARM_fpclassify                         0x0800a069   Thumb Code    48  fpclassify.o(i.__ARM_fpclassify)
    __aeabi_errno_addr                       0x0800a0d1   Thumb Code     4  errno.o(i.__aeabi_errno_addr)
    __rt_errno_addr                          0x0800a0d1   Thumb Code     0  errno.o(i.__aeabi_errno_addr)
    __hardfp_cos                             0x0800a0d9   Thumb Code   158  cos.o(i.__hardfp_cos)
    __hardfp_pow                             0x0800a189   Thumb Code  2140  pow.o(i.__hardfp_pow)
    __hardfp_sin                             0x0800aa81   Thumb Code   158  sin.o(i.__hardfp_sin)
    __hardfp_sqrt                            0x0800ab31   Thumb Code   102  sqrt.o(i.__hardfp_sqrt)
    __ieee754_rem_pio2                       0x0800ab99   Thumb Code   646  rred.o(i.__ieee754_rem_pio2)
    __kernel_cos                             0x0800aea9   Thumb Code   182  cos_i.o(i.__kernel_cos)
    __kernel_poly                            0x0800af89   Thumb Code   112  poly.o(i.__kernel_poly)
    __kernel_sin                             0x0800aff9   Thumb Code   144  sin_i.o(i.__kernel_sin)
    __mathlib_dbl_divzero                    0x0800b0a1   Thumb Code    14  dunder.o(i.__mathlib_dbl_divzero)
    __mathlib_dbl_infnan2                    0x0800b0c1   Thumb Code     6  dunder.o(i.__mathlib_dbl_infnan2)
    __mathlib_dbl_invalid                    0x0800b0c9   Thumb Code    10  dunder.o(i.__mathlib_dbl_invalid)
    __mathlib_dbl_overflow                   0x0800b0e1   Thumb Code    10  dunder.o(i.__mathlib_dbl_overflow)
    __mathlib_dbl_underflow                  0x0800b0f9   Thumb Code    10  dunder.o(i.__mathlib_dbl_underflow)
    __scatterload_copy                       0x0800b111   Thumb Code    14  handlers.o(i.__scatterload_copy)
    __scatterload_null                       0x0800b11f   Thumb Code     2  handlers.o(i.__scatterload_null)
    __scatterload_zeroinit                   0x0800b121   Thumb Code    14  handlers.o(i.__scatterload_zeroinit)
    __set_errno                              0x0800b131   Thumb Code     6  errno.o(i.__set_errno)
    delay1                                   0x0800b9c7   Thumb Code    18  ad9959.o(i.delay1)
    fabs                                     0x0800b9d9   Thumb Code    24  fabs.o(i.fabs)
    fputc                                    0x0800b9f1   Thumb Code    26  debug.o(i.fputc)
    kfft                                     0x0800ba15   Thumb Code   890  main.o(i.kfft)
    main                                     0x0800bd9d   Thumb Code    82  main.o(i.main)
    reply_er                                 0x0800be11   Thumb Code    42  debug.o(i.reply_er)
    sqrt                                     0x0800be49   Thumb Code   106  sqrt.o(i.sqrt)
    UARTPrescTable                           0x0800beba   Data          24  stm32h7xx_hal_uart.o(.constdata)
    D1CorePrescTable                         0x0800bee2   Data          16  system_stm32h7xx.o(.constdata)
    __mathlib_zero                           0x0800bfb0   Data           8  qnan.o(.constdata)
    __ctype_table                            0x0800c0a8   Data         129  ctype_o.o(.constdata)
    Region$$Table$$Base                      0x0800c130   Number         0  anon$$obj.o(Region$$Table)
    Region$$Table$$Limit                     0x0800c150   Number         0  anon$$obj.o(Region$$Table)
    CSR_DATA0                                0x24000000   Data           1  ad9959.o(.data)
    CSR_DATA1                                0x24000001   Data           1  ad9959.o(.data)
    CSR_DATA2                                0x24000002   Data           1  ad9959.o(.data)
    CSR_DATA3                                0x24000003   Data           1  ad9959.o(.data)
    FR1_DATA                                 0x24000004   Data           3  ad9959.o(.data)
    FR2_DATA                                 0x24000007   Data           2  ad9959.o(.data)
    CFR_DATA                                 0x24000009   Data           3  ad9959.o(.data)
    CPOW0_DATA                               0x2400000c   Data           2  ad9959.o(.data)
    LSRR_DATA                                0x2400000e   Data           2  ad9959.o(.data)
    RDW_DATA                                 0x24000010   Data           4  ad9959.o(.data)
    FDW_DATA                                 0x24000014   Data           4  ad9959.o(.data)
    ACRdata                                  0x24000018   Data           3  ad9959.o(.data)
    huart_debug                              0x2400001c   Data           4  debug.o(.data)
    USART_RX_STA                             0x24000022   Data           2  debug.o(.data)
    aRxBuffer                                0x24000024   Data           1  debug.o(.data)
    single_sweep                             0x24000028   Data           4  debug.o(.data)
    double_sweep                             0x2400002c   Data           4  debug.o(.data)
    g_adc1_dma_complete_flag                 0x24000034   Data           1  main.o(.data)
    f_                                       0x24000038   Data           4  main.o(.data)
    voltageArray                             0x2400003c   Data         120  main.o(.data)
    uwTick                                   0x240000b4   Data           4  stm32h7xx_hal.o(.data)
    uwTickPrio                               0x240000b8   Data           4  stm32h7xx_hal.o(.data)
    uwTickFreq                               0x240000bc   Data           1  stm32h7xx_hal.o(.data)
    SystemCoreClock                          0x240000c0   Data           4  system_stm32h7xx.o(.data)
    SystemD2Clock                            0x240000c4   Data           4  system_stm32h7xx.o(.data)
    __stdout                                 0x240000c8   Data           4  stdout.o(.data)
    USART_RX_BUF                             0x240000d0   Data        1500  debug.o(.bss)
    temp                                     0x240006ac   Data        1500  debug.o(.bss)
    g_adc1_dma_data1                         0x24000c88   Data        4096  main.o(.bss)
    dataR                                    0x24001c88   Data        4096  main.o(.bss)
    dataI                                    0x24002c88   Data        4096  main.o(.bss)
    datafR                                   0x24003c88   Data        4096  main.o(.bss)
    datafI                                   0x24004c88   Data        4096  main.o(.bss)
    hadc1                                    0x24005c88   Data         100  adc.o(.bss)
    hdma_adc1                                0x24005cec   Data         120  adc.o(.bss)
    hlptim1                                  0x24005d64   Data          56  lptim.o(.bss)
    hlptim2                                  0x24005d9c   Data          56  lptim.o(.bss)
    htim4                                    0x24005dd4   Data          76  tim.o(.bss)
    huart1                                   0x24005e20   Data         144  usart.o(.bss)
    __initial_sp                             0x24025eb0   Data           0  startup_stm32h750xx.o(STACK)



==============================================================================

Memory Map of the image

  Image Entry point : 0x08000299

  Load Region LR_IROM1 (Base: 0x08000000, Size: 0x0000c220, Max: 0x00020000, ABSOLUTE)

    Execution Region ER_IROM1 (Exec base: 0x08000000, Load base: 0x08000000, Size: 0x0000c150, Max: 0x00020000, ABSOLUTE)

    Exec Addr    Load Addr    Size         Type   Attr      Idx    E Section Name        Object

    0x08000000   0x08000000   0x00000298   Data   RO            3    RESET               startup_stm32h750xx.o
    0x08000298   0x08000298   0x00000000   Code   RO         5688  * .ARM.Collect$$$$00000000  mc_w.l(entry.o)
    0x08000298   0x08000298   0x00000004   Code   RO         5999    .ARM.Collect$$$$00000001  mc_w.l(entry2.o)
    0x0800029c   0x0800029c   0x00000004   Code   RO         6002    .ARM.Collect$$$$00000004  mc_w.l(entry5.o)
    0x080002a0   0x080002a0   0x00000000   Code   RO         6004    .ARM.Collect$$$$00000008  mc_w.l(entry7b.o)
    0x080002a0   0x080002a0   0x00000000   Code   RO         6006    .ARM.Collect$$$$0000000A  mc_w.l(entry8b.o)
    0x080002a0   0x080002a0   0x00000008   Code   RO         6007    .ARM.Collect$$$$0000000B  mc_w.l(entry9a.o)
    0x080002a8   0x080002a8   0x00000004   Code   RO         6014    .ARM.Collect$$$$0000000E  mc_w.l(entry12b.o)
    0x080002ac   0x080002ac   0x00000000   Code   RO         6009    .ARM.Collect$$$$0000000F  mc_w.l(entry10a.o)
    0x080002ac   0x080002ac   0x00000000   Code   RO         6011    .ARM.Collect$$$$00000011  mc_w.l(entry11a.o)
    0x080002ac   0x080002ac   0x00000004   Code   RO         6000    .ARM.Collect$$$$00002712  mc_w.l(entry2.o)
    0x080002b0   0x080002b0   0x00000024   Code   RO            4    .text               startup_stm32h750xx.o
    0x080002d4   0x080002d4   0x00000062   Code   RO         5691    .text               mc_w.l(uldiv.o)
    0x08000336   0x08000336   0x00000024   Code   RO         5693    .text               mc_w.l(memseta.o)
    0x0800035a   0x0800035a   0x0000001c   Code   RO         5695    .text               mc_w.l(strcmp.o)
    0x08000376   0x08000376   0x00000070   Code   RO         5958    .text               mc_w.l(strtol.o)
    0x080003e6   0x080003e6   0x0000002c   Code   RO         6016    .text               mc_w.l(uidiv.o)
    0x08000412   0x08000412   0x0000001e   Code   RO         6018    .text               mc_w.l(llshl.o)
    0x08000430   0x08000430   0x00000020   Code   RO         6020    .text               mc_w.l(llushr.o)
    0x08000450   0x08000450   0x00000008   Code   RO         6022    .text               mc_w.l(ctype_o.o)
    0x08000458   0x08000458   0x0000009e   Code   RO         6057    .text               mc_w.l(_strtoul.o)
    0x080004f6   0x080004f6   0x00000000   Code   RO         6059    .text               mc_w.l(iusefp.o)
    0x080004f6   0x080004f6   0x0000014e   Code   RO         6060    .text               mf_w.l(dadd.o)
    0x08000644   0x08000644   0x000000e4   Code   RO         6062    .text               mf_w.l(dmul.o)
    0x08000728   0x08000728   0x000000de   Code   RO         6064    .text               mf_w.l(ddiv.o)
    0x08000806   0x08000806   0x0000002e   Code   RO         6066    .text               mf_w.l(dscalb.o)
    0x08000834   0x08000834   0x00000030   Code   RO         6068    .text               mf_w.l(dfixul.o)
    0x08000864   0x08000864   0x00000030   Code   RO         6070    .text               mf_w.l(cdrcmple.o)
    0x08000894   0x08000894   0x00000024   Code   RO         6072    .text               mc_w.l(init.o)
    0x080008b8   0x080008b8   0x00000024   Code   RO         6074    .text               mc_w.l(llsshr.o)
    0x080008dc   0x080008dc   0x0000001c   Code   RO         6076    .text               mc_w.l(_chval.o)
    0x080008f8   0x080008f8   0x000000ba   Code   RO         6078    .text               mf_w.l(depilogue.o)
    0x080009b2   0x080009b2   0x00000018   Code   RO           13    i.AD9958_SetAmp2Channel  ad9959.o
    0x080009ca   0x080009ca   0x00000018   Code   RO           15    i.AD9958_SetPhase2Channel  ad9959.o
    0x080009e2   0x080009e2   0x00000002   PAD
    0x080009e4   0x080009e4   0x000000b4   Code   RO           16    i.AD9958_Set_Freq   ad9959.o
    0x08000a98   0x08000a98   0x00000160   Code   RO          796    i.ADC_ConfigureBoostMode  stm32h7xx_hal_adc.o
    0x08000bf8   0x08000bf8   0x0000011c   Code   RO          797    i.ADC_ConversionStop  stm32h7xx_hal_adc.o
    0x08000d14   0x08000d14   0x00000092   Code   RO          798    i.ADC_DMAConvCplt   stm32h7xx_hal_adc.o
    0x08000da6   0x08000da6   0x0000001e   Code   RO          799    i.ADC_DMAError      stm32h7xx_hal_adc.o
    0x08000dc4   0x08000dc4   0x0000000e   Code   RO          800    i.ADC_DMAHalfConvCplt  stm32h7xx_hal_adc.o
    0x08000dd2   0x08000dd2   0x00000002   PAD
    0x08000dd4   0x08000dd4   0x00000094   Code   RO          801    i.ADC_Disable       stm32h7xx_hal_adc.o
    0x08000e68   0x08000e68   0x000000cc   Code   RO          802    i.ADC_Enable        stm32h7xx_hal_adc.o
    0x08000f34   0x08000f34   0x00000130   Code   RO          318    i.ADC_fft_collect   main.o
    0x08001064   0x08001064   0x00000020   Code   RO          319    i.BUZZER_SetFrequency  main.o
    0x08001084   0x08001084   0x00000004   Code   RO          669    i.BusFault_Handler  stm32h7xx_it.o
    0x08001088   0x08001088   0x00000010   Code   RO          670    i.DMA1_Stream0_IRQHandler  stm32h7xx_it.o
    0x08001098   0x08001098   0x000000ec   Code   RO         2022    i.DMA_CalcBaseAndBitshift  stm32h7xx_hal_dma.o
    0x08001184   0x08001184   0x000000c4   Code   RO         2023    i.DMA_CalcDMAMUXChannelBaseAndMask  stm32h7xx_hal_dma.o
    0x08001248   0x08001248   0x00000098   Code   RO         2024    i.DMA_CalcDMAMUXRequestGenBaseAndMask  stm32h7xx_hal_dma.o
    0x080012e0   0x080012e0   0x000000ae   Code   RO         2025    i.DMA_CheckFifoParam  stm32h7xx_hal_dma.o
    0x0800138e   0x0800138e   0x00000002   PAD
    0x08001390   0x08001390   0x00000274   Code   RO         2026    i.DMA_SetConfig     stm32h7xx_hal_dma.o
    0x08001604   0x08001604   0x00000002   Code   RO          671    i.DebugMon_Handler  stm32h7xx_it.o
    0x08001606   0x08001606   0x0000000c   Code   RO          672    i.EXTI15_10_IRQHandler  stm32h7xx_it.o
    0x08001612   0x08001612   0x00000006   Code   RO          320    i.Error_Handler     main.o
    0x08001618   0x08001618   0x00000164   Code   RO         1078    i.HAL_ADCEx_MultiModeConfigChannel  stm32h7xx_hal_adc_ex.o
    0x0800177c   0x0800177c   0x00000544   Code   RO          804    i.HAL_ADC_ConfigChannel  stm32h7xx_hal_adc.o
    0x08001cc0   0x08001cc0   0x00000028   Code   RO          321    i.HAL_ADC_ConvCpltCallback  main.o
    0x08001ce8   0x08001ce8   0x00000002   Code   RO          806    i.HAL_ADC_ConvHalfCpltCallback  stm32h7xx_hal_adc.o
    0x08001cea   0x08001cea   0x00000002   Code   RO          808    i.HAL_ADC_ErrorCallback  stm32h7xx_hal_adc.o
    0x08001cec   0x08001cec   0x0000028c   Code   RO          813    i.HAL_ADC_Init      stm32h7xx_hal_adc.o
    0x08001f78   0x08001f78   0x000000f4   Code   RO          466    i.HAL_ADC_MspInit   adc.o
    0x0800206c   0x0800206c   0x00000134   Code   RO          820    i.HAL_ADC_Start_DMA  stm32h7xx_hal_adc.o
    0x080021a0   0x080021a0   0x00000088   Code   RO          823    i.HAL_ADC_Stop_DMA  stm32h7xx_hal_adc.o
    0x08002228   0x08002228   0x000004dc   Code   RO         2027    i.HAL_DMA_Abort     stm32h7xx_hal_dma.o
    0x08002704   0x08002704   0x00000398   Code   RO         2028    i.HAL_DMA_Abort_IT  stm32h7xx_hal_dma.o
    0x08002a9c   0x08002a9c   0x00000af8   Code   RO         2032    i.HAL_DMA_IRQHandler  stm32h7xx_hal_dma.o
    0x08003594   0x08003594   0x00000520   Code   RO         2033    i.HAL_DMA_Init      stm32h7xx_hal_dma.o
    0x08003ab4   0x08003ab4   0x000003e0   Code   RO         2037    i.HAL_DMA_Start_IT  stm32h7xx_hal_dma.o
    0x08003e94   0x08003e94   0x00000028   Code   RO         2882    i.HAL_Delay         stm32h7xx_hal.o
    0x08003ebc   0x08003ebc   0x00000014   Code   RO          322    i.HAL_GPIO_EXTI_Callback  main.o
    0x08003ed0   0x08003ed0   0x0000001c   Code   RO         1874    i.HAL_GPIO_EXTI_IRQHandler  stm32h7xx_hal_gpio.o
    0x08003eec   0x08003eec   0x00000208   Code   RO         1875    i.HAL_GPIO_Init     stm32h7xx_hal_gpio.o
    0x080040f4   0x080040f4   0x0000000c   Code   RO         1879    i.HAL_GPIO_WritePin  stm32h7xx_hal_gpio.o
    0x08004100   0x08004100   0x0000000c   Code   RO         2893    i.HAL_GetREVID      stm32h7xx_hal.o
    0x0800410c   0x0800410c   0x0000000c   Code   RO         2894    i.HAL_GetTick       stm32h7xx_hal.o
    0x08004118   0x08004118   0x00000018   Code   RO         2900    i.HAL_IncTick       stm32h7xx_hal.o
    0x08004130   0x08004130   0x00000060   Code   RO         2901    i.HAL_Init          stm32h7xx_hal.o
    0x08004190   0x08004190   0x00000058   Code   RO         2902    i.HAL_InitTick      stm32h7xx_hal.o
    0x080041e8   0x080041e8   0x00000058   Code   RO          323    i.HAL_LPTIM_AutoReloadMatchCallback  main.o
    0x08004240   0x08004240   0x00000002   Code   RO         3776    i.HAL_LPTIM_AutoReloadWriteCallback  stm32h7xx_hal_lptim.o
    0x08004242   0x08004242   0x00000002   Code   RO         3777    i.HAL_LPTIM_CompareMatchCallback  stm32h7xx_hal_lptim.o
    0x08004244   0x08004244   0x00000002   Code   RO         3778    i.HAL_LPTIM_CompareWriteCallback  stm32h7xx_hal_lptim.o
    0x08004246   0x08004246   0x00000096   Code   RO         3780    i.HAL_LPTIM_Counter_Start_IT  stm32h7xx_hal_lptim.o
    0x080042dc   0x080042dc   0x0000003e   Code   RO         3782    i.HAL_LPTIM_Counter_Stop_IT  stm32h7xx_hal_lptim.o
    0x0800431a   0x0800431a   0x00000002   Code   RO         3784    i.HAL_LPTIM_DirectionDownCallback  stm32h7xx_hal_lptim.o
    0x0800431c   0x0800431c   0x00000002   Code   RO         3785    i.HAL_LPTIM_DirectionUpCallback  stm32h7xx_hal_lptim.o
    0x0800431e   0x0800431e   0x00000008   Code   RO         3790    i.HAL_LPTIM_GetState  stm32h7xx_hal_lptim.o
    0x08004326   0x08004326   0x000000e6   Code   RO         3791    i.HAL_LPTIM_IRQHandler  stm32h7xx_hal_lptim.o
    0x0800440c   0x0800440c   0x000000fc   Code   RO         3792    i.HAL_LPTIM_Init    stm32h7xx_hal_lptim.o
    0x08004508   0x08004508   0x000000b8   Code   RO          532    i.HAL_LPTIM_MspInit  lptim.o
    0x080045c0   0x080045c0   0x00000002   Code   RO         3814    i.HAL_LPTIM_TriggerCallback  stm32h7xx_hal_lptim.o
    0x080045c2   0x080045c2   0x00000002   PAD
    0x080045c4   0x080045c4   0x00000048   Code   RO          772    i.HAL_MspInit       stm32h7xx_hal_msp.o
    0x0800460c   0x0800460c   0x00000028   Code   RO         2735    i.HAL_NVIC_EnableIRQ  stm32h7xx_hal_cortex.o
    0x08004634   0x08004634   0x0000007a   Code   RO         2741    i.HAL_NVIC_SetPriority  stm32h7xx_hal_cortex.o
    0x080046ae   0x080046ae   0x00000002   PAD
    0x080046b0   0x080046b0   0x00000028   Code   RO         2742    i.HAL_NVIC_SetPriorityGrouping  stm32h7xx_hal_cortex.o
    0x080046d8   0x080046d8   0x00000060   Code   RO         2476    i.HAL_PWREx_ConfigSupply  stm32h7xx_hal_pwr_ex.o
    0x08004738   0x08004738   0x00000024   Code   RO         1438    i.HAL_RCCEx_GetD3PCLK1Freq  stm32h7xx_hal_rcc_ex.o
    0x0800475c   0x0800475c   0x00000230   Code   RO         1439    i.HAL_RCCEx_GetPLL1ClockFreq  stm32h7xx_hal_rcc_ex.o
    0x0800498c   0x0800498c   0x00000230   Code   RO         1440    i.HAL_RCCEx_GetPLL2ClockFreq  stm32h7xx_hal_rcc_ex.o
    0x08004bbc   0x08004bbc   0x00000230   Code   RO         1441    i.HAL_RCCEx_GetPLL3ClockFreq  stm32h7xx_hal_rcc_ex.o
    0x08004dec   0x08004dec   0x00000754   Code   RO         1443    i.HAL_RCCEx_GetPeriphCLKFreq  stm32h7xx_hal_rcc_ex.o
    0x08005540   0x08005540   0x00000b64   Code   RO         1447    i.HAL_RCCEx_PeriphCLKConfig  stm32h7xx_hal_rcc_ex.o
    0x080060a4   0x080060a4   0x00000320   Code   RO         1323    i.HAL_RCC_ClockConfig  stm32h7xx_hal_rcc.o
    0x080063c4   0x080063c4   0x0000004c   Code   RO         1328    i.HAL_RCC_GetHCLKFreq  stm32h7xx_hal_rcc.o
    0x08006410   0x08006410   0x00000024   Code   RO         1330    i.HAL_RCC_GetPCLK1Freq  stm32h7xx_hal_rcc.o
    0x08006434   0x08006434   0x00000024   Code   RO         1331    i.HAL_RCC_GetPCLK2Freq  stm32h7xx_hal_rcc.o
    0x08006458   0x08006458   0x0000022c   Code   RO         1332    i.HAL_RCC_GetSysClockFreq  stm32h7xx_hal_rcc.o
    0x08006684   0x08006684   0x000007e4   Code   RO         1335    i.HAL_RCC_OscConfig  stm32h7xx_hal_rcc.o
    0x08006e68   0x08006e68   0x00000014   Code   RO         2912    i.HAL_SYSCFG_DisableVREFBUF  stm32h7xx_hal.o
    0x08006e7c   0x08006e7c   0x00000014   Code   RO         2917    i.HAL_SYSCFG_VREFBUF_HighImpedanceConfig  stm32h7xx_hal.o
    0x08006e90   0x08006e90   0x00000034   Code   RO         2746    i.HAL_SYSTICK_Config  stm32h7xx_hal_cortex.o
    0x08006ec4   0x08006ec4   0x000000c0   Code   RO         4793    i.HAL_TIMEx_MasterConfigSynchronization  stm32h7xx_hal_tim_ex.o
    0x08006f84   0x08006f84   0x0000006e   Code   RO         4046    i.HAL_TIM_Base_Init  stm32h7xx_hal_tim.o
    0x08006ff2   0x08006ff2   0x00000002   PAD
    0x08006ff4   0x08006ff4   0x00000030   Code   RO          580    i.HAL_TIM_Base_MspInit  tim.o
    0x08007024   0x08007024   0x00000130   Code   RO         4055    i.HAL_TIM_ConfigClockSource  stm32h7xx_hal_tim.o
    0x08007154   0x08007154   0x0000005c   Code   RO          581    i.HAL_TIM_MspPostInit  tim.o
    0x080071b0   0x080071b0   0x00000168   Code   RO         4118    i.HAL_TIM_PWM_ConfigChannel  stm32h7xx_hal_tim.o
    0x08007318   0x08007318   0x0000006e   Code   RO         4121    i.HAL_TIM_PWM_Init  stm32h7xx_hal_tim.o
    0x08007386   0x08007386   0x00000002   Code   RO         4123    i.HAL_TIM_PWM_MspInit  stm32h7xx_hal_tim.o
    0x08007388   0x08007388   0x0000015c   Code   RO         4126    i.HAL_TIM_PWM_Start  stm32h7xx_hal_tim.o
    0x080074e4   0x080074e4   0x000000e4   Code   RO         4129    i.HAL_TIM_PWM_Stop  stm32h7xx_hal_tim.o
    0x080075c8   0x080075c8   0x0000004e   Code   RO         5487    i.HAL_UARTEx_DisableFifoMode  stm32h7xx_hal_uart_ex.o
    0x08007616   0x08007616   0x00000002   Code   RO         5071    i.HAL_UARTEx_RxEventCallback  stm32h7xx_hal_uart.o
    0x08007618   0x08007618   0x00000002   Code   RO         5494    i.HAL_UARTEx_RxFifoFullCallback  stm32h7xx_hal_uart_ex.o
    0x0800761a   0x0800761a   0x0000005e   Code   RO         5495    i.HAL_UARTEx_SetRxFifoThreshold  stm32h7xx_hal_uart_ex.o
    0x08007678   0x08007678   0x0000005e   Code   RO         5496    i.HAL_UARTEx_SetTxFifoThreshold  stm32h7xx_hal_uart_ex.o
    0x080076d6   0x080076d6   0x00000002   Code   RO         5498    i.HAL_UARTEx_TxFifoEmptyCallback  stm32h7xx_hal_uart_ex.o
    0x080076d8   0x080076d8   0x00000002   Code   RO         5499    i.HAL_UARTEx_WakeupCallback  stm32h7xx_hal_uart_ex.o
    0x080076da   0x080076da   0x00000002   Code   RO         5087    i.HAL_UART_ErrorCallback  stm32h7xx_hal_uart.o
    0x080076dc   0x080076dc   0x00000010   Code   RO         5089    i.HAL_UART_GetState  stm32h7xx_hal_uart.o
    0x080076ec   0x080076ec   0x000003d4   Code   RO         5090    i.HAL_UART_IRQHandler  stm32h7xx_hal_uart.o
    0x08007ac0   0x08007ac0   0x00000078   Code   RO         5091    i.HAL_UART_Init     stm32h7xx_hal_uart.o
    0x08007b38   0x08007b38   0x0000009c   Code   RO          628    i.HAL_UART_MspInit  usart.o
    0x08007bd4   0x08007bd4   0x00000064   Code   RO         5096    i.HAL_UART_Receive_IT  stm32h7xx_hal_uart.o
    0x08007c38   0x08007c38   0x000001e8   Code   RO          245    i.HAL_UART_RxCpltCallback  debug.o
    0x08007e20   0x08007e20   0x000000d6   Code   RO         5100    i.HAL_UART_Transmit  stm32h7xx_hal_uart.o
    0x08007ef6   0x08007ef6   0x00000002   Code   RO         5103    i.HAL_UART_TxCpltCallback  stm32h7xx_hal_uart.o
    0x08007ef8   0x08007ef8   0x00000004   Code   RO          673    i.HardFault_Handler  stm32h7xx_it.o
    0x08007efc   0x08007efc   0x00000034   Code   RO           17    i.IO_Update         ad9959.o
    0x08007f30   0x08007f30   0x00000068   Code   RO           18    i.Init_AD9958       ad9959.o
    0x08007f98   0x08007f98   0x00000034   Code   RO           19    i.IntReset          ad9959.o
    0x08007fcc   0x08007fcc   0x0000003c   Code   RO           20    i.Intserve          ad9959.o
    0x08008008   0x08008008   0x00000010   Code   RO          825    i.LL_ADC_Enable     stm32h7xx_hal_adc.o
    0x08008018   0x08008018   0x0000000a   Code   RO          827    i.LL_ADC_GetMultimode  stm32h7xx_hal_adc.o
    0x08008022   0x08008022   0x0000000a   Code   RO          828    i.LL_ADC_INJ_IsConversionOngoing  stm32h7xx_hal_adc.o
    0x0800802c   0x0800802c   0x0000000a   Code   RO          829    i.LL_ADC_IsDisableOngoing  stm32h7xx_hal_adc.o
    0x08008036   0x08008036   0x0000000a   Code   RO          830    i.LL_ADC_IsEnabled  stm32h7xx_hal_adc.o
    0x08008040   0x08008040   0x0000000a   Code   RO         1091    i.LL_ADC_IsEnabled  stm32h7xx_hal_adc_ex.o
    0x0800804a   0x0800804a   0x0000000a   Code   RO          831    i.LL_ADC_IsInternalRegulatorEnabled  stm32h7xx_hal_adc.o
    0x08008054   0x08008054   0x0000000a   Code   RO          832    i.LL_ADC_REG_IsConversionOngoing  stm32h7xx_hal_adc.o
    0x0800805e   0x0800805e   0x0000000a   Code   RO         1092    i.LL_ADC_REG_IsConversionOngoing  stm32h7xx_hal_adc_ex.o
    0x08008068   0x08008068   0x00000012   Code   RO          833    i.LL_ADC_REG_IsTriggerSourceSWStart  stm32h7xx_hal_adc.o
    0x0800807a   0x0800807a   0x00000002   PAD
    0x0800807c   0x0800807c   0x00000010   Code   RO          834    i.LL_ADC_REG_StartConversion  stm32h7xx_hal_adc.o
    0x0800808c   0x0800808c   0x00000028   Code   RO          836    i.LL_ADC_SetChannelSamplingTime  stm32h7xx_hal_adc.o
    0x080080b4   0x080080b4   0x0000000c   Code   RO          837    i.LL_ADC_SetCommonPathInternalCh  stm32h7xx_hal_adc.o
    0x080080c0   0x080080c0   0x00000010   Code   RO          674    i.LPTIM1_IRQHandler  stm32h7xx_it.o
    0x080080d0   0x080080d0   0x00000010   Code   RO          675    i.LPTIM2_IRQHandler  stm32h7xx_it.o
    0x080080e0   0x080080e0   0x000002d8   Code   RO         3815    i.LPTIM_Disable     stm32h7xx_hal_lptim.o
    0x080083b8   0x080083b8   0x00000038   Code   RO         3816    i.LPTIM_WaitForFlag  stm32h7xx_hal_lptim.o
    0x080083f0   0x080083f0   0x000000a8   Code   RO          467    i.MX_ADC1_Init      adc.o
    0x08008498   0x08008498   0x00000034   Code   RO          507    i.MX_DMA_Init       dma.o
    0x080084cc   0x080084cc   0x00000094   Code   RO          441    i.MX_GPIO_Init      gpio.o
    0x08008560   0x08008560   0x0000003c   Code   RO          533    i.MX_LPTIM1_Init    lptim.o
    0x0800859c   0x0800859c   0x0000003c   Code   RO          534    i.MX_LPTIM2_Init    lptim.o
    0x080085d8   0x080085d8   0x000000a4   Code   RO          582    i.MX_TIM4_Init      tim.o
    0x0800867c   0x0800867c   0x0000006c   Code   RO          629    i.MX_USART1_UART_Init  usart.o
    0x080086e8   0x080086e8   0x00000004   Code   RO          676    i.MemManage_Handler  stm32h7xx_it.o
    0x080086ec   0x080086ec   0x00000004   Code   RO          677    i.NMI_Handler       stm32h7xx_it.o
    0x080086f0   0x080086f0   0x00000002   Code   RO          678    i.PendSV_Handler    stm32h7xx_it.o
    0x080086f2   0x080086f2   0x00000026   Code   RO          324    i.PeriphCommonClock_Config  main.o
    0x08008718   0x08008718   0x00000164   Code   RO         1450    i.RCCEx_PLL2_Config  stm32h7xx_hal_rcc_ex.o
    0x0800887c   0x0800887c   0x00000164   Code   RO         1451    i.RCCEx_PLL3_Config  stm32h7xx_hal_rcc_ex.o
    0x080089e0   0x080089e0   0x00000002   Code   RO          679    i.SVC_Handler       stm32h7xx_it.o
    0x080089e2   0x080089e2   0x00000008   Code   RO          680    i.SysTick_Handler   stm32h7xx_it.o
    0x080089ea   0x080089ea   0x00000002   PAD
    0x080089ec   0x080089ec   0x000000ec   Code   RO          325    i.SystemClock_Config  main.o
    0x08008ad8   0x08008ad8   0x00000104   Code   RO         5605    i.SystemInit        system_stm32h7xx.o
    0x08008bdc   0x08008bdc   0x000000cc   Code   RO         4139    i.TIM_Base_SetConfig  stm32h7xx_hal_tim.o
    0x08008ca8   0x08008ca8   0x00000022   Code   RO         4140    i.TIM_CCxChannelCmd  stm32h7xx_hal_tim.o
    0x08008cca   0x08008cca   0x00000016   Code   RO         4150    i.TIM_ETR_SetConfig  stm32h7xx_hal_tim.o
    0x08008ce0   0x08008ce0   0x00000018   Code   RO         4151    i.TIM_ITRx_SetConfig  stm32h7xx_hal_tim.o
    0x08008cf8   0x08008cf8   0x000000ac   Code   RO         4152    i.TIM_OC1_SetConfig  stm32h7xx_hal_tim.o
    0x08008da4   0x08008da4   0x000000b4   Code   RO         4153    i.TIM_OC2_SetConfig  stm32h7xx_hal_tim.o
    0x08008e58   0x08008e58   0x000000b0   Code   RO         4154    i.TIM_OC3_SetConfig  stm32h7xx_hal_tim.o
    0x08008f08   0x08008f08   0x00000070   Code   RO         4155    i.TIM_OC4_SetConfig  stm32h7xx_hal_tim.o
    0x08008f78   0x08008f78   0x0000006c   Code   RO         4156    i.TIM_OC5_SetConfig  stm32h7xx_hal_tim.o
    0x08008fe4   0x08008fe4   0x0000006c   Code   RO         4157    i.TIM_OC6_SetConfig  stm32h7xx_hal_tim.o
    0x08009050   0x08009050   0x00000026   Code   RO         4159    i.TIM_TI1_ConfigInputStage  stm32h7xx_hal_tim.o
    0x08009076   0x08009076   0x00000028   Code   RO         4161    i.TIM_TI2_ConfigInputStage  stm32h7xx_hal_tim.o
    0x0800909e   0x0800909e   0x00000002   PAD
    0x080090a0   0x080090a0   0x0000005c   Code   RO          246    i.UART4_IRQHandler  debug.o
    0x080090fc   0x080090fc   0x00000058   Code   RO         5500    i.UARTEx_SetNbDataToProcess  stm32h7xx_hal_uart_ex.o
    0x08009154   0x08009154   0x000000f8   Code   RO         5105    i.UART_AdvFeatureConfig  stm32h7xx_hal_uart.o
    0x0800924c   0x0800924c   0x00000076   Code   RO         5106    i.UART_CheckIdleState  stm32h7xx_hal_uart.o
    0x080092c2   0x080092c2   0x00000018   Code   RO         5107    i.UART_DMAAbortOnError  stm32h7xx_hal_uart.o
    0x080092da   0x080092da   0x00000002   PAD
    0x080092dc   0x080092dc   0x0000003c   Code   RO         5117    i.UART_EndRxTransfer  stm32h7xx_hal_uart.o
    0x08009318   0x08009318   0x00000022   Code   RO         5118    i.UART_EndTransmit_IT  stm32h7xx_hal_uart.o
    0x0800933a   0x0800933a   0x00000092   Code   RO         5120    i.UART_RxISR_16BIT  stm32h7xx_hal_uart.o
    0x080093cc   0x080093cc   0x00000164   Code   RO         5121    i.UART_RxISR_16BIT_FIFOEN  stm32h7xx_hal_uart.o
    0x08009530   0x08009530   0x0000008e   Code   RO         5122    i.UART_RxISR_8BIT   stm32h7xx_hal_uart.o
    0x080095be   0x080095be   0x00000002   PAD
    0x080095c0   0x080095c0   0x00000164   Code   RO         5123    i.UART_RxISR_8BIT_FIFOEN  stm32h7xx_hal_uart.o
    0x08009724   0x08009724   0x0000058c   Code   RO         5124    i.UART_SetConfig    stm32h7xx_hal_uart.o
    0x08009cb0   0x08009cb0   0x00000110   Code   RO         5126    i.UART_Start_Receive_IT  stm32h7xx_hal_uart.o
    0x08009dc0   0x08009dc0   0x000000be   Code   RO         5131    i.UART_WaitOnFlagUntilTimeout  stm32h7xx_hal_uart.o
    0x08009e7e   0x08009e7e   0x00000004   Code   RO          681    i.UsageFault_Handler  stm32h7xx_it.o
    0x08009e82   0x08009e82   0x00000002   PAD
    0x08009e84   0x08009e84   0x000000f0   Code   RO           21    i.WriteData_AD9959  ad9959.o
    0x08009f74   0x08009f74   0x0000005c   Code   RO           22    i.Write_Amplitude   ad9959.o
    0x08009fd0   0x08009fd0   0x00000078   Code   RO           23    i.Write_Phase       ad9959.o
    0x0800a048   0x0800a048   0x00000020   Code   RO         5930    i.__0printf         mc_w.l(printfa.o)
    0x0800a068   0x0800a068   0x00000030   Code   RO         5983    i.__ARM_fpclassify  m_wv.l(fpclassify.o)
    0x0800a098   0x0800a098   0x00000010   Code   RO         2748    i.__NVIC_GetPriorityGrouping  stm32h7xx_hal_cortex.o
    0x0800a0a8   0x0800a0a8   0x00000028   Code   RO         2749    i.__NVIC_SetPriority  stm32h7xx_hal_cortex.o
    0x0800a0d0   0x0800a0d0   0x00000008   Code   RO         6050    i.__aeabi_errno_addr  mc_w.l(errno.o)
    0x0800a0d8   0x0800a0d8   0x000000b0   Code   RO         5638    i.__hardfp_cos      m_wv.l(cos.o)
    0x0800a188   0x0800a188   0x000008f8   Code   RO         5650    i.__hardfp_pow      m_wv.l(pow.o)
    0x0800aa80   0x0800aa80   0x000000b0   Code   RO         5664    i.__hardfp_sin      m_wv.l(sin.o)
    0x0800ab30   0x0800ab30   0x00000066   Code   RO         5676    i.__hardfp_sqrt     m_wv.l(sqrt.o)
    0x0800ab96   0x0800ab96   0x00000002   PAD
    0x0800ab98   0x0800ab98   0x00000310   Code   RO         5988    i.__ieee754_rem_pio2  m_wv.l(rred.o)
    0x0800aea8   0x0800aea8   0x000000e0   Code   RO         5960    i.__kernel_cos      m_wv.l(cos_i.o)
    0x0800af88   0x0800af88   0x00000070   Code   RO         5985    i.__kernel_poly     m_wv.l(poly.o)
    0x0800aff8   0x0800aff8   0x000000a8   Code   RO         5993    i.__kernel_sin      m_wv.l(sin_i.o)
    0x0800b0a0   0x0800b0a0   0x00000020   Code   RO         5963    i.__mathlib_dbl_divzero  m_wv.l(dunder.o)
    0x0800b0c0   0x0800b0c0   0x00000006   Code   RO         5965    i.__mathlib_dbl_infnan2  m_wv.l(dunder.o)
    0x0800b0c6   0x0800b0c6   0x00000002   PAD
    0x0800b0c8   0x0800b0c8   0x00000018   Code   RO         5966    i.__mathlib_dbl_invalid  m_wv.l(dunder.o)
    0x0800b0e0   0x0800b0e0   0x00000018   Code   RO         5967    i.__mathlib_dbl_overflow  m_wv.l(dunder.o)
    0x0800b0f8   0x0800b0f8   0x00000018   Code   RO         5969    i.__mathlib_dbl_underflow  m_wv.l(dunder.o)
    0x0800b110   0x0800b110   0x0000000e   Code   RO         6082    i.__scatterload_copy  mc_w.l(handlers.o)
    0x0800b11e   0x0800b11e   0x00000002   Code   RO         6083    i.__scatterload_null  mc_w.l(handlers.o)
    0x0800b120   0x0800b120   0x0000000e   Code   RO         6084    i.__scatterload_zeroinit  mc_w.l(handlers.o)
    0x0800b12e   0x0800b12e   0x00000002   PAD
    0x0800b130   0x0800b130   0x0000000c   Code   RO         6052    i.__set_errno       mc_w.l(errno.o)
    0x0800b13c   0x0800b13c   0x00000184   Code   RO         5937    i._fp_digits        mc_w.l(printfa.o)
    0x0800b2c0   0x0800b2c0   0x000006b4   Code   RO         5938    i._printf_core      mc_w.l(printfa.o)
    0x0800b974   0x0800b974   0x00000024   Code   RO         5939    i._printf_post_padding  mc_w.l(printfa.o)
    0x0800b998   0x0800b998   0x0000002e   Code   RO         5940    i._printf_pre_padding  mc_w.l(printfa.o)
    0x0800b9c6   0x0800b9c6   0x00000012   Code   RO           25    i.delay1            ad9959.o
    0x0800b9d8   0x0800b9d8   0x00000018   Code   RO         5979    i.fabs              m_wv.l(fabs.o)
    0x0800b9f0   0x0800b9f0   0x00000024   Code   RO          247    i.fputc             debug.o
    0x0800ba14   0x0800ba14   0x00000388   Code   RO          326    i.kfft              main.o
    0x0800bd9c   0x0800bd9c   0x00000074   Code   RO          327    i.main              main.o
    0x0800be10   0x0800be10   0x00000038   Code   RO          248    i.reply_er          debug.o
    0x0800be48   0x0800be48   0x0000006a   Code   RO         5678    i.sqrt              m_wv.l(sqrt.o)
    0x0800beb2   0x0800beb2   0x00000008   Data   RO         2039    .constdata          stm32h7xx_hal_dma.o
    0x0800beba   0x0800beba   0x00000018   Data   RO         5132    .constdata          stm32h7xx_hal_uart.o
    0x0800bed2   0x0800bed2   0x00000010   Data   RO         5502    .constdata          stm32h7xx_hal_uart_ex.o
    0x0800bee2   0x0800bee2   0x00000010   Data   RO         5606    .constdata          system_stm32h7xx.o
    0x0800bef2   0x0800bef2   0x00000006   PAD
    0x0800bef8   0x0800bef8   0x00000088   Data   RO         5653    .constdata          m_wv.l(pow.o)
    0x0800bf80   0x0800bf80   0x00000030   Data   RO         5961    .constdata          m_wv.l(cos_i.o)
    0x0800bfb0   0x0800bfb0   0x00000008   Data   RO         5987    .constdata          m_wv.l(qnan.o)
    0x0800bfb8   0x0800bfb8   0x000000c8   Data   RO         5990    .constdata          m_wv.l(rred.o)
    0x0800c080   0x0800c080   0x00000028   Data   RO         5994    .constdata          m_wv.l(sin_i.o)
    0x0800c0a8   0x0800c0a8   0x00000081   Data   RO         6023    .constdata          mc_w.l(ctype_o.o)
    0x0800c129   0x0800c129   0x00000003   PAD
    0x0800c12c   0x0800c12c   0x00000004   Data   RO         6024    .constdata          mc_w.l(ctype_o.o)
    0x0800c130   0x0800c130   0x00000020   Data   RO         6080    Region$$Table       anon$$obj.o


    Execution Region RW_IRAM1 (Exec base: 0x20000000, Load base: 0x0800c150, Size: 0x00000000, Max: 0x00020000, ABSOLUTE)

    **** No section assigned to this execution region ****


    Execution Region RW_IRAM2 (Exec base: 0x24000000, Load base: 0x0800c150, Size: 0x00025eb0, Max: 0x00080000, ABSOLUTE)

    Exec Addr    Load Addr    Size         Type   Attr      Idx    E Section Name        Object

    0x24000000   0x0800c150   0x0000001b   Data   RW           27    .data               ad9959.o
    0x2400001b   0x0800c16b   0x00000001   PAD
    0x2400001c   0x0800c16c   0x00000015   Data   RW          250    .data               debug.o
    0x24000031   0x0800c181   0x00000003   PAD
    0x24000034   0x0800c184   0x00000080   Data   RW          330    .data               main.o
    0x240000b4   0x0800c204   0x00000009   Data   RW         2923    .data               stm32h7xx_hal.o
    0x240000bd   0x0800c20d   0x00000003   PAD
    0x240000c0   0x0800c210   0x00000008   Data   RW         5607    .data               system_stm32h7xx.o
    0x240000c8   0x0800c218   0x00000004   Data   RW         6015    .data               mc_w.l(stdout.o)
    0x240000cc   0x0800c21c   0x00000004   Data   RW         6053    .data               mc_w.l(errno.o)
    0x240000d0        -       0x00000bb8   Zero   RW          249    .bss                debug.o
    0x24000c88        -       0x00005000   Zero   RW          329    .bss                main.o
    0x24005c88        -       0x000000dc   Zero   RW          468    .bss                adc.o
    0x24005d64        -       0x00000070   Zero   RW          535    .bss                lptim.o
    0x24005dd4        -       0x0000004c   Zero   RW          583    .bss                tim.o
    0x24005e20        -       0x00000090   Zero   RW          630    .bss                usart.o
    0x24005eb0        -       0x00020000   Zero   RW            1    STACK               startup_stm32h750xx.o


==============================================================================

Image component sizes


      Code (inc. data)   RO Data    RW Data    ZI Data      Debug   Object Name

       966         94          0         27          0    1325440   ad9959.o
       412         34          0          0        220       2031   adc.o
       672        144          0         21       3000       5125   debug.o
        52          4          0          0          0        850   dma.o
       148         14          0          0          0       1015   gpio.o
       304         34          0          0        112       2320   lptim.o
      1784        180          0        128      20480       7556   main.o
        36          8        664          0     131072        820   startup_stm32h750xx.o
       312         62          0          9          0      24389   stm32h7xx_hal.o
      3788        238          0          0          0      79729   stm32h7xx_hal_adc.o
       376         20          0          0          0      62535   stm32h7xx_hal_adc_ex.o
       310         22          0          0          0      39959   stm32h7xx_hal_cortex.o
      8662        166          8          0          0      13162   stm32h7xx_hal_dma.o
       560         56          0          0          0       3043   stm32h7xx_hal_gpio.o
      1498         32          0          0          0       9318   stm32h7xx_hal_lptim.o
        72          4          0          0          0        950   stm32h7xx_hal_msp.o
        96          6          0          0          0        757   stm32h7xx_hal_pwr_ex.o
      3524        108          0          0          0       6836   stm32h7xx_hal_rcc.o
      7220        180          0          0          0      10555   stm32h7xx_hal_rcc_ex.o
      2680        248          0          0          0      14557   stm32h7xx_hal_tim.o
       192         26          0          0          0       1452   stm32h7xx_hal_tim_ex.o
      4802        182         24          0          0      36310   stm32h7xx_hal_uart.o
       360         10         16          0          0       5426   stm32h7xx_hal_uart_ex.o
        94         18          0          0          0       6023   stm32h7xx_it.o
       260         40         16          8          0       1414   system_stm32h7xx.o
       304         28          0          0         76       2428   tim.o
       264         24          0          0        144       1846   usart.o

    ----------------------------------------------------------------------
     39772       1982        766        200     155104    1665846   Object Totals
         0          0         32          0          0          0   (incl. Generated)
        24          0          6          7          0          0   (incl. Padding)

    ----------------------------------------------------------------------

      Code (inc. data)   RO Data    RW Data    ZI Data      Debug   Library Member Name

       176         18          0          0          0        156   cos.o
       224         42         48          0          0        184   cos_i.o
       110         60          0          0          0        580   dunder.o
        24          0          0          0          0        124   fabs.o
        48          0          0          0          0        124   fpclassify.o
       112          0          0          0          0        116   poly.o
      2296        304        136          0          0        320   pow.o
         0          0          8          0          0          0   qnan.o
       784        138        200          0          0        172   rred.o
       176         18          0          0          0        160   sin.o
       168         24         40          0          0        196   sin_i.o
       208          0          0          0          0        280   sqrt.o
        28          0          0          0          0         68   _chval.o
       158          0          0          0          0         92   _strtoul.o
         8          4        133          0          0         68   ctype_o.o
         0          0          0          0          0          0   entry.o
         0          0          0          0          0          0   entry10a.o
         0          0          0          0          0          0   entry11a.o
         4          0          0          0          0          0   entry12b.o
         8          4          0          0          0          0   entry2.o
         4          0          0          0          0          0   entry5.o
         0          0          0          0          0          0   entry7b.o
         0          0          0          0          0          0   entry8b.o
         8          4          0          0          0          0   entry9a.o
        20         10          0          4          0        136   errno.o
        30          0          0          0          0          0   handlers.o
        36          8          0          0          0         68   init.o
         0          0          0          0          0          0   iusefp.o
        30          0          0          0          0         68   llshl.o
        36          0          0          0          0         68   llsshr.o
        32          0          0          0          0         68   llushr.o
        36          0          0          0          0        108   memseta.o
      2218         90          0          0          0        464   printfa.o
         0          0          0          4          0          0   stdout.o
        28          0          0          0          0         76   strcmp.o
       112          0          0          0          0         88   strtol.o
        44          0          0          0          0         80   uidiv.o
        98          0          0          0          0         92   uldiv.o
        48          0          0          0          0         68   cdrcmple.o
       334          0          0          0          0        148   dadd.o
       222          0          0          0          0        100   ddiv.o
       186          0          0          0          0        176   depilogue.o
        48          0          0          0          0         68   dfixul.o
       228          0          0          0          0         96   dmul.o
        46          0          0          0          0         80   dscalb.o

    ----------------------------------------------------------------------
      8382        724        568          8          0       4692   Library Totals
         6          0          3          0          0          0   (incl. Padding)

    ----------------------------------------------------------------------

      Code (inc. data)   RO Data    RW Data    ZI Data      Debug   Library Name

      4326        604        432          0          0       2412   m_wv.l
      2938        120        133          8          0       1544   mc_w.l
      1112          0          0          0          0        736   mf_w.l

    ----------------------------------------------------------------------
      8382        724        568          8          0       4692   Library Totals

    ----------------------------------------------------------------------

==============================================================================


      Code (inc. data)   RO Data    RW Data    ZI Data      Debug   

     48154       2706       1334        208     155104    1650650   Grand Totals
     48154       2706       1334        208     155104    1650650   ELF Image Totals
     48154       2706       1334        208          0          0   ROM Totals

==============================================================================

    Total RO  Size (Code + RO Data)                49488 (  48.33kB)
    Total RW  Size (RW Data + ZI Data)            155312 ( 151.67kB)
    Total ROM Size (Code + RO Data + RW Data)      49696 (  48.53kB)

==============================================================================

