Component: ARM Compiler 5.06 update 7 (build 960) Tool: armlink [4d3601]

==============================================================================

Section Cross References

    startup_stm32h750xx.o(RESET) refers to startup_stm32h750xx.o(STACK) for __initial_sp
    startup_stm32h750xx.o(RESET) refers to startup_stm32h750xx.o(.text) for Reset_Handler
    startup_stm32h750xx.o(RESET) refers to stm32h7xx_it.o(i.NMI_Handler) for NMI_Handler
    startup_stm32h750xx.o(RESET) refers to stm32h7xx_it.o(i.HardFault_Handler) for HardFault_Handler
    startup_stm32h750xx.o(RESET) refers to stm32h7xx_it.o(i.MemManage_Handler) for MemManage_Handler
    startup_stm32h750xx.o(RESET) refers to stm32h7xx_it.o(i.BusFault_Handler) for BusFault_Handler
    startup_stm32h750xx.o(RESET) refers to stm32h7xx_it.o(i.UsageFault_Handler) for UsageFault_Handler
    startup_stm32h750xx.o(RESET) refers to stm32h7xx_it.o(i.SVC_Handler) for SVC_Handler
    startup_stm32h750xx.o(RESET) refers to stm32h7xx_it.o(i.DebugMon_Handler) for DebugMon_Handler
    startup_stm32h750xx.o(RESET) refers to stm32h7xx_it.o(i.PendSV_Handler) for PendSV_Handler
    startup_stm32h750xx.o(RESET) refers to stm32h7xx_it.o(i.SysTick_Handler) for SysTick_Handler
    startup_stm32h750xx.o(RESET) refers to stm32h7xx_it.o(i.DMA1_Stream0_IRQHandler) for DMA1_Stream0_IRQHandler
    startup_stm32h750xx.o(RESET) refers to debug.o(i.UART4_IRQHandler) for UART4_IRQHandler
    startup_stm32h750xx.o(.text) refers to system_stm32h7xx.o(i.SystemInit) for SystemInit
    startup_stm32h750xx.o(.text) refers to entry.o(.ARM.Collect$$$$00000000) for __main
    ad9959.o(i.AD9958_SetAmp2Channel) refers to ad9959.o(i.Write_Amplitude) for Write_Amplitude
    ad9959.o(i.AD9958_SetFrequency2Channel) refers to ad9959.o(i.Write_frequence) for Write_frequence
    ad9959.o(i.AD9958_SetPhase2Channel) refers to ad9959.o(i.Write_Phase) for Write_Phase
    ad9959.o(i.AD9958_Set_Freq) refers to ad9959.o(i.WriteData_AD9959) for WriteData_AD9959
    ad9959.o(i.AD9958_Set_Freq) refers to ad9959.o(.data) for CSR_DATA0
    ad9959.o(i.IO_Update) refers to stm32h7xx_hal_gpio.o(i.HAL_GPIO_WritePin) for HAL_GPIO_WritePin
    ad9959.o(i.IO_Update) refers to ad9959.o(i.delay1) for delay1
    ad9959.o(i.Init_AD9958) refers to stm32h7xx_hal_gpio.o(i.HAL_GPIO_Init) for HAL_GPIO_Init
    ad9959.o(i.Init_AD9958) refers to ad9959.o(i.Intserve) for Intserve
    ad9959.o(i.Init_AD9958) refers to ad9959.o(i.IntReset) for IntReset
    ad9959.o(i.Init_AD9958) refers to ad9959.o(i.WriteData_AD9959) for WriteData_AD9959
    ad9959.o(i.Init_AD9958) refers to ad9959.o(.data) for FR1_DATA
    ad9959.o(i.IntReset) refers to stm32h7xx_hal_gpio.o(i.HAL_GPIO_WritePin) for HAL_GPIO_WritePin
    ad9959.o(i.IntReset) refers to ad9959.o(i.delay1) for delay1
    ad9959.o(i.Intserve) refers to stm32h7xx_hal_gpio.o(i.HAL_GPIO_WritePin) for HAL_GPIO_WritePin
    ad9959.o(i.WriteData_AD9959) refers to stm32h7xx_hal_gpio.o(i.HAL_GPIO_WritePin) for HAL_GPIO_WritePin
    ad9959.o(i.WriteData_AD9959) refers to ad9959.o(i.IO_Update) for IO_Update
    ad9959.o(i.Write_Amplitude) refers to ad9959.o(i.WriteData_AD9959) for WriteData_AD9959
    ad9959.o(i.Write_Amplitude) refers to ad9959.o(.data) for CSR_DATA2
    ad9959.o(i.Write_Phase) refers to ad9959.o(i.WriteData_AD9959) for WriteData_AD9959
    ad9959.o(i.Write_Phase) refers to ad9959.o(.data) for CPOW0_DATA
    ad9959.o(i.Write_frequence) refers to ad9959.o(i.WriteData_AD9959) for WriteData_AD9959
    ad9959.o(i.Write_frequence) refers to ad9959.o(.data) for CSR_DATA2
    ad9959.o(i.mode1) refers to ad9959.o(i.AD9958_Set_Freq) for AD9958_Set_Freq
    debug.o(i.HAL_UART_RxCpltCallback) refers to strcmp.o(.text) for strcmp
    debug.o(i.HAL_UART_RxCpltCallback) refers to strtol.o(.text) for strtol
    debug.o(i.HAL_UART_RxCpltCallback) refers to ad9959.o(i.Init_AD9958) for Init_AD9958
    debug.o(i.HAL_UART_RxCpltCallback) refers to main.o(i.ADC_fft_collect) for ADC_fft_collect
    debug.o(i.HAL_UART_RxCpltCallback) refers to pow.o(i.__hardfp_pow) for __hardfp_pow
    debug.o(i.HAL_UART_RxCpltCallback) refers to main.o(i.ADC_fft_sweep) for ADC_fft_sweep
    debug.o(i.HAL_UART_RxCpltCallback) refers to memseta.o(.text) for __aeabi_memclr
    debug.o(i.HAL_UART_RxCpltCallback) refers to debug.o(i.reply_er) for reply_er
    debug.o(i.HAL_UART_RxCpltCallback) refers to debug.o(.data) for USART_RX_STA
    debug.o(i.HAL_UART_RxCpltCallback) refers to debug.o(.bss) for USART_RX_BUF
    debug.o(i.UART4_IRQHandler) refers to stm32h7xx_hal_uart.o(i.HAL_UART_IRQHandler) for HAL_UART_IRQHandler
    debug.o(i.UART4_IRQHandler) refers to debug.o(i.reply_er) for reply_er
    debug.o(i.UART4_IRQHandler) refers to stm32h7xx_hal_uart.o(i.HAL_UART_GetState) for HAL_UART_GetState
    debug.o(i.UART4_IRQHandler) refers to stm32h7xx_hal_uart.o(i.HAL_UART_Receive_IT) for HAL_UART_Receive_IT
    debug.o(i.UART4_IRQHandler) refers to debug.o(.data) for huart_debug
[...]
    i.Intserve                               0x08007cd4   Section        0  ad9959.o(i.Intserve)
    i.LL_ADC_Enable                          0x08007d10   Section        0  stm32h7xx_hal_adc.o(i.LL_ADC_Enable)
    LL_ADC_Enable                            0x08007d11   Thumb Code    12  stm32h7xx_hal_adc.o(i.LL_ADC_Enable)
    i.LL_ADC_GetMultimode                    0x08007d20   Section        0  stm32h7xx_hal_adc.o(i.LL_ADC_GetMultimode)
    LL_ADC_GetMultimode                      0x08007d21   Thumb Code    10  stm32h7xx_hal_adc.o(i.LL_ADC_GetMultimode)
    i.LL_ADC_INJ_IsConversionOngoing         0x08007d2a   Section        0  stm32h7xx_hal_adc.o(i.LL_ADC_INJ_IsConversionOngoing)
    LL_ADC_INJ_IsConversionOngoing           0x08007d2b   Thumb Code    10  stm32h7xx_hal_adc.o(i.LL_ADC_INJ_IsConversionOngoing)
    i.LL_ADC_IsDisableOngoing                0x08007d34   Section        0  stm32h7xx_hal_adc.o(i.LL_ADC_IsDisableOngoing)
    LL_ADC_IsDisableOngoing                  0x08007d35   Thumb Code    10  stm32h7xx_hal_adc.o(i.LL_ADC_IsDisableOngoing)
    i.LL_ADC_IsEnabled                       0x08007d3e   Section        0  stm32h7xx_hal_adc.o(i.LL_ADC_IsEnabled)
    LL_ADC_IsEnabled                         0x08007d3f   Thumb Code    10  stm32h7xx_hal_adc.o(i.LL_ADC_IsEnabled)
    i.LL_ADC_IsEnabled                       0x08007d48   Section        0  stm32h7xx_hal_adc_ex.o(i.LL_ADC_IsEnabled)
    LL_ADC_IsEnabled                         0x08007d49   Thumb Code    10  stm32h7xx_hal_adc_ex.o(i.LL_ADC_IsEnabled)
    i.LL_ADC_IsInternalRegulatorEnabled      0x08007d52   Section        0  stm32h7xx_hal_adc.o(i.LL_ADC_IsInternalRegulatorEnabled)
    LL_ADC_IsInternalRegulatorEnabled        0x08007d53   Thumb Code    10  stm32h7xx_hal_adc.o(i.LL_ADC_IsInternalRegulatorEnabled)
    i.LL_ADC_REG_IsConversionOngoing         0x08007d5c   Section        0  stm32h7xx_hal_adc.o(i.LL_ADC_REG_IsConversionOngoing)
    LL_ADC_REG_IsConversionOngoing           0x08007d5d   Thumb Code    10  stm32h7xx_hal_adc.o(i.LL_ADC_REG_IsConversionOngoing)
    i.LL_ADC_REG_IsConversionOngoing         0x08007d66   Section        0  stm32h7xx_hal_adc_ex.o(i.LL_ADC_REG_IsConversionOngoing)
    LL_ADC_REG_IsConversionOngoing           0x08007d67   Thumb Code    10  stm32h7xx_hal_adc_ex.o(i.LL_ADC_REG_IsConversionOngoing)
    i.LL_ADC_REG_IsTriggerSourceSWStart      0x08007d70   Section        0  stm32h7xx_hal_adc.o(i.LL_ADC_REG_IsTriggerSourceSWStart)
    LL_ADC_REG_IsTriggerSourceSWStart        0x08007d71   Thumb Code    18  stm32h7xx_hal_adc.o(i.LL_ADC_REG_IsTriggerSourceSWStart)
    i.LL_ADC_REG_StartConversion             0x08007d84   Section        0  stm32h7xx_hal_adc_ex.o(i.LL_ADC_REG_StartConversion)
    LL_ADC_REG_StartConversion               0x08007d85   Thumb Code    12  stm32h7xx_hal_adc_ex.o(i.LL_ADC_REG_StartConversion)
    i.LL_ADC_SetChannelSamplingTime          0x08007d94   Section        0  stm32h7xx_hal_adc.o(i.LL_ADC_SetChannelSamplingTime)
    LL_ADC_SetChannelSamplingTime            0x08007d95   Thumb Code    40  stm32h7xx_hal_adc.o(i.LL_ADC_SetChannelSamplingTime)
    i.LL_ADC_SetCommonPathInternalCh         0x08007dbc   Section        0  stm32h7xx_hal_adc.o(i.LL_ADC_SetCommonPathInternalCh)
    LL_ADC_SetCommonPathInternalCh           0x08007dbd   Thumb Code    12  stm32h7xx_hal_adc.o(i.LL_ADC_SetCommonPathInternalCh)
    i.MX_ADC1_Init                           0x08007dc8   Section        0  adc.o(i.MX_ADC1_Init)
    i.MX_ADC2_Init                           0x08007e78   Section        0  adc.o(i.MX_ADC2_Init)
    i.MX_DMA_Init                            0x08007f00   Section        0  dma.o(i.MX_DMA_Init)
    i.MX_GPIO_Init                           0x08007f34   Section        0  gpio.o(i.MX_GPIO_Init)
    i.MX_UART4_Init                          0x08007f8c   Section        0  usart.o(i.MX_UART4_Init)
    i.MemManage_Handler                      0x08007ff8   Section        0  stm32h7xx_it.o(i.MemManage_Handler)
    i.NMI_Handler                            0x08007ffc   Section        0  stm32h7xx_it.o(i.NMI_Handler)
    i.PendSV_Handler                         0x08008000   Section        0  stm32h7xx_it.o(i.PendSV_Handler)
    i.PeriphCommonClock_Config               0x08008002   Section        0  main.o(i.PeriphCommonClock_Config)
    i.RCCEx_PLL2_Config                      0x08008044   Section        0  stm32h7xx_hal_rcc_ex.o(i.RCCEx_PLL2_Config)
    RCCEx_PLL2_Config                        0x08008045   Thumb Code   350  stm32h7xx_hal_rcc_ex.o(i.RCCEx_PLL2_Config)
    i.RCCEx_PLL3_Config                      0x080081a8   Section        0  stm32h7xx_hal_rcc_ex.o(i.RCCEx_PLL3_Config)
    RCCEx_PLL3_Config                        0x080081a9   Thumb Code   350  stm32h7xx_hal_rcc_ex.o(i.RCCEx_PLL3_Config)
    i.SVC_Handler                            0x0800830c   Section        0  stm32h7xx_it.o(i.SVC_Handler)
    i.SysTick_Handler                        0x0800830e   Section        0  stm32h7xx_it.o(i.SysTick_Handler)
    i.SystemClock_Config                     0x08008318   Section        0  main.o(i.SystemClock_Config)
    i.SystemInit                             0x080083f8   Section        0  system_stm32h7xx.o(i.SystemInit)
    i.UART4_IRQHandler                       0x080084fc   Section        0  debug.o(i.UART4_IRQHandler)
    i.UARTEx_SetNbDataToProcess              0x08008558   Section        0  stm32h7xx_hal_uart_ex.o(i.UARTEx_SetNbDataToProcess)
    UARTEx_SetNbDataToProcess                0x08008559   Thumb Code    78  stm32h7xx_hal_uart_ex.o(i.UARTEx_SetNbDataToProcess)
    i.UART_AdvFeatureConfig                  0x080085b0   Section        0  stm32h7xx_hal_uart.o(i.UART_AdvFeatureConfig)
    i.UART_CheckIdleState                    0x080086a8   Section        0  stm32h7xx_hal_uart.o(i.UART_CheckIdleState)
    i.UART_DMAAbortOnError                   0x0800871e   Section        0  stm32h7xx_hal_uart.o(i.UART_DMAAbortOnError)
    UART_DMAAbortOnError                     0x0800871f   Thumb Code    24  stm32h7xx_hal_uart.o(i.UART_DMAAbortOnError)
    i.UART_EndRxTransfer                     0x08008738   Section        0  stm32h7xx_hal_uart.o(i.UART_EndRxTransfer)
    UART_EndRxTransfer                       0x08008739   Thumb Code    56  stm32h7xx_hal_uart.o(i.UART_EndRxTransfer)
    i.UART_EndTransmit_IT                    0x08008774   Section        0  stm32h7xx_hal_uart.o(i.UART_EndTransmit_IT)
    UART_EndTransmit_IT                      0x08008775   Thumb Code    34  stm32h7xx_hal_uart.o(i.UART_EndTransmit_IT)
    i.UART_RxISR_16BIT                       0x08008796   Section        0  stm32h7xx_hal_uart.o(i.UART_RxISR_16BIT)
    UART_RxISR_16BIT                         0x08008797   Thumb Code   146  stm32h7xx_hal_uart.o(i.UART_RxISR_16BIT)
    i.UART_RxISR_16BIT_FIFOEN                0x08008828   Section        0  stm32h7xx_hal_uart.o(i.UART_RxISR_16BIT_FIFOEN)
    UART_RxISR_16BIT_FIFOEN                  0x08008829   Thumb Code   348  stm32h7xx_hal_uart.o(i.UART_RxISR_16BIT_FIFOEN)
    i.UART_RxISR_8BIT                        0x0800898c   Section        0  stm32h7xx_hal_uart.o(i.UART_RxISR_8BIT)
    UART_RxISR_8BIT                          0x0800898d   Thumb Code   142  stm32h7xx_hal_uart.o(i.UART_RxISR_8BIT)
    i.UART_RxISR_8BIT_FIFOEN                 0x08008a1c   Section        0  stm32h7xx_hal_uart.o(i.UART_RxISR_8BIT_FIFOEN)
    UART_RxISR_8BIT_FIFOEN                   0x08008a1d   Thumb Code   346  stm32h7xx_hal_uart.o(i.UART_RxISR_8BIT_FIFOEN)
    i.UART_SetConfig                         0x08008b80   Section        0  stm32h7xx_hal_uart.o(i.UART_SetConfig)
    i.UART_Start_Receive_IT                  0x0800910c   Section        0  stm32h7xx_hal_uart.o(i.UART_Start_Receive_IT)
    i.UART_WaitOnFlagUntilTimeout            0x0800921c   Section        0  stm32h7xx_hal_uart.o(i.UART_WaitOnFlagUntilTimeout)
    i.UsageFault_Handler                     0x080092da   Section        0  stm32h7xx_it.o(i.UsageFault_Handler)
    i.WriteData_AD9959                       0x080092e0   Section        0  ad9959.o(i.WriteData_AD9959)
    i.Write_Amplitude                        0x080093d0   Section        0  ad9959.o(i.Write_Amplitude)
    i.Write_Phase                            0x0800942c   Section        0  ad9959.o(i.Write_Phase)
    i.__0printf                              0x080094a4   Section        0  printfa.o(i.__0printf)
    i.__ARM_fpclassify                       0x080094c4   Section        0  fpclassify.o(i.__ARM_fpclassify)
    i.__NVIC_GetPriorityGrouping             0x080094f4   Section        0  stm32h7xx_hal_cortex.o(i.__NVIC_GetPriorityGrouping)
    __NVIC_GetPriorityGrouping               0x080094f5   Thumb Code    10  stm32h7xx_hal_cortex.o(i.__NVIC_GetPriorityGrouping)
    i.__NVIC_SetPriority                     0x08009504   Section        0  stm32h7xx_hal_cortex.o(i.__NVIC_SetPriority)
    __NVIC_SetPriority                       0x08009505   Thumb Code    32  stm32h7xx_hal_cortex.o(i.__NVIC_SetPriority)
    i.__aeabi_errno_addr                     0x0800952c   Section        0  errno.o(i.__aeabi_errno_addr)
    i.__hardfp_atan                          0x08009538   Section        0  atan.o(i.__hardfp_atan)
    i.__hardfp_atan2                         0x08009738   Section        0  atan2.o(i.__hardfp_atan2)
    i.__hardfp_cos                           0x08009900   Section        0  cos.o(i.__hardfp_cos)
    i.__hardfp_pow                           0x080099b0   Section        0  pow.o(i.__hardfp_pow)
    i.__hardfp_sin                           0x0800a2a8   Section        0  sin.o(i.__hardfp_sin)
    i.__hardfp_sqrt                          0x0800a358   Section        0  sqrt.o(i.__hardfp_sqrt)
    i.__ieee754_rem_pio2                     0x0800a3c0   Section        0  rred.o(i.__ieee754_rem_pio2)
    i.__kernel_cos                           0x0800a6d0   Section        0  cos_i.o(i.__kernel_cos)
    i.__kernel_poly                          0x0800a7b0   Section        0  poly.o(i.__kernel_poly)
    i.__kernel_sin                           0x0800a820   Section        0  sin_i.o(i.__kernel_sin)
    i.__mathlib_dbl_divzero                  0x0800a8c8   Section        0  dunder.o(i.__mathlib_dbl_divzero)
    i.__mathlib_dbl_infnan                   0x0800a8e8   Section        0  dunder.o(i.__mathlib_dbl_infnan)
    i.__mathlib_dbl_infnan2                  0x0800a8ee   Section        0  dunder.o(i.__mathlib_dbl_infnan2)
    i.__mathlib_dbl_invalid                  0x0800a8f8   Section        0  dunder.o(i.__mathlib_dbl_invalid)
    i.__mathlib_dbl_overflow                 0x0800a910   Section        0  dunder.o(i.__mathlib_dbl_overflow)
    i.__mathlib_dbl_underflow                0x0800a928   Section        0  dunder.o(i.__mathlib_dbl_underflow)
    i.__scatterload_copy                     0x0800a940   Section       14  handlers.o(i.__scatterload_copy)
    i.__scatterload_null                     0x0800a94e   Section        2  handlers.o(i.__scatterload_null)
    i.__scatterload_zeroinit                 0x0800a950   Section       14  handlers.o(i.__scatterload_zeroinit)
    i.__set_errno                            0x0800a960   Section        0  errno.o(i.__set_errno)
    i._fp_digits                             0x0800a96c   Section        0  printfa.o(i._fp_digits)
    _fp_digits                               0x0800a96d   Thumb Code   366  printfa.o(i._fp_digits)
    i._printf_core                           0x0800aaf0   Section        0  printfa.o(i._printf_core)
    _printf_core                             0x0800aaf1   Thumb Code  1704  printfa.o(i._printf_core)
    i._printf_post_padding                   0x0800b1a4   Section        0  printfa.o(i._printf_post_padding)
    _printf_post_padding                     0x0800b1a5   Thumb Code    36  printfa.o(i._printf_post_padding)
    i._printf_pre_padding                    0x0800b1c8   Section        0  printfa.o(i._printf_pre_padding)
    _printf_pre_padding                      0x0800b1c9   Thumb Code    46  printfa.o(i._printf_pre_padding)
    i.atan                                   0x0800b1f6   Section        0  atan.o(i.atan)
    i.delay1                                 0x0800b206   Section        0  ad9959.o(i.delay1)
    i.fabs                                   0x0800b218   Section        0  fabs.o(i.fabs)
    i.fputc                                  0x0800b230   Section        0  debug.o(i.fputc)
    i.kfft                                   0x0800b254   Section        0  main.o(i.kfft)
    i.main                                   0x0800b5dc   Section        0  main.o(i.main)
    i.reply_er                               0x0800b664   Section        0  debug.o(i.reply_er)
    i.sqrt                                   0x0800b69c   Section        0  sqrt.o(i.sqrt)
    .constdata                               0x0800b706   Section        8  stm32h7xx_hal_dma.o(.constdata)
    flagBitshiftOffset                       0x0800b706   Data           8  stm32h7xx_hal_dma.o(.constdata)
    .constdata                               0x0800b70e   Section       24  stm32h7xx_hal_uart.o(.constdata)
    .constdata                               0x0800b726   Section       16  stm32h7xx_hal_uart_ex.o(.constdata)
    numerator                                0x0800b726   Data           8  stm32h7xx_hal_uart_ex.o(.constdata)
    denominator                              0x0800b72e   Data           8  stm32h7xx_hal_uart_ex.o(.constdata)
    .constdata                               0x0800b736   Section       16  system_stm32h7xx.o(.constdata)
    .constdata                               0x0800b748   Section      136  pow.o(.constdata)
    bp                                       0x0800b748   Data          16  pow.o(.constdata)
    dp_h                                     0x0800b758   Data          16  pow.o(.constdata)
    dp_l                                     0x0800b768   Data          16  pow.o(.constdata)
    L                                        0x0800b778   Data          48  pow.o(.constdata)
    P                                        0x0800b7a8   Data          40  pow.o(.constdata)
    .constdata                               0x0800b7d0   Section      152  atan.o(.constdata)
    atanhi                                   0x0800b7d0   Data          32  atan.o(.constdata)
    atanlo                                   0x0800b7f0   Data          32  atan.o(.constdata)
    aTodd                                    0x0800b810   Data          40  atan.o(.constdata)
    aTeven                                   0x0800b838   Data          48  atan.o(.constdata)
    .constdata                               0x0800b868   Section       48  cos_i.o(.constdata)
    C                                        0x0800b868   Data          48  cos_i.o(.constdata)
    .constdata                               0x0800b898   Section        8  qnan.o(.constdata)
    .constdata                               0x0800b8a0   Section      200  rred.o(.constdata)
    pio2s                                    0x0800b8a0   Data          48  rred.o(.constdata)
    twooverpi                                0x0800b8d0   Data         152  rred.o(.constdata)
    .constdata                               0x0800b968   Section       40  sin_i.o(.constdata)
    S                                        0x0800b968   Data          40  sin_i.o(.constdata)
    .constdata                               0x0800b990   Section      129  ctype_o.o(.constdata)
    .constdata                               0x0800ba14   Section        4  ctype_o.o(.constdata)
    table                                    0x0800ba14   Data           4  ctype_o.o(.constdata)
    .data                                    0x24000000   Section       27  ad9959.o(.data)
    .data                                    0x2400001c   Section       21  debug.o(.data)
    device_er                                0x24000020   Data           2  debug.o(.data)
    s_usart_tmp                              0x24000030   Data           1  debug.o(.data)
    .data                                    0x24000034   Section        8  main.o(.data)
    .data                                    0x2400003c   Section        4  adc.o(.data)
    HAL_RCC_ADC12_CLK_ENABLED                0x2400003c   Data           4  adc.o(.data)
    .data                                    0x24000040   Section        9  stm32h7xx_hal.o(.data)
    .data                                    0x2400004c   Section        8  system_stm32h7xx.o(.data)
    .data                                    0x24000054   Section        4  stdout.o(.data)
    .data                                    0x24000058   Section        4  errno.o(.data)
    _errno                                   0x24000058   Data           4  errno.o(.data)
    .bss                                     0x2400005c   Section     3000  debug.o(.bss)
    .bss                                     0x24000c14   Section    20480  main.o(.bss)
    .bss                                     0x24005c14   Section      320  adc.o(.bss)
    .bss                                     0x24005d54   Section      144  usart.o(.bss)
    STACK                                    0x24005de8   Section    131072  startup_stm32h750xx.o(STACK)

    Global Symbols

    Symbol Name                              Value     Ov Type        Size  Object(Section)

    BuildAttributes$$THM_ISAv4$E$P$D$K$B$S$7EM$VFPv5_D16$PE$PLD8$A:L22UL41UL21$X:L11$S22US41US21$IEEE1$IW$USESV6$~STKCKD$USESV7$~SHL$OTIME$ROPI$IEEEX$EBA8$MICROLIB$REQ8$PRES8$EABIv2 0x00000000   Number         0  anon$$obj.o ABSOLUTE
    __ARM_use_no_argv                        0x00000000   Number         0  main.o ABSOLUTE
    _printf_a                                0x00000000   Number         0  stubs.o ABSOLUTE
    _printf_c                                0x00000000   Number         0  stubs.o ABSOLUTE
    _printf_charcount                        0x00000000   Number         0  stubs.o ABSOLUTE
    _printf_d                                0x00000000   Number         0  stubs.o ABSOLUTE
    _printf_e                                0x00000000   Number         0  stubs.o ABSOLUTE
    _printf_f                                0x00000000   Number         0  stubs.o ABSOLUTE
    _printf_flags                            0x00000000   Number         0  stubs.o ABSOLUTE
    _printf_fp_dec                           0x00000000   Number         0  stubs.o ABSOLUTE
    _printf_fp_hex                           0x00000000   Number         0  stubs.o ABSOLUTE
    _printf_g                                0x00000000   Number         0  stubs.o ABSOLUTE
    _printf_i                                0x00000000   Number         0  stubs.o ABSOLUTE
    _printf_int_dec                          0x00000000   Number         0  stubs.o ABSOLUTE
    _printf_l                                0x00000000   Number         0  stubs.o ABSOLUTE
    _printf_lc                               0x00000000   Number         0  stubs.o ABSOLUTE
    _printf_ll                               0x00000000   Number         0  stubs.o ABSOLUTE
    _printf_lld                              0x00000000   Number         0  stubs.o ABSOLUTE
    _printf_lli                              0x00000000   Number         0  stubs.o ABSOLUTE
    _printf_llo                              0x00000000   Number         0  stubs.o ABSOLUTE
    _printf_llu                              0x00000000   Number         0  stubs.o ABSOLUTE
    _printf_llx                              0x00000000   Number         0  stubs.o ABSOLUTE
    _printf_longlong_dec                     0x00000000   Number         0  stubs.o ABSOLUTE
    _printf_longlong_hex                     0x00000000   Number         0  stubs.o ABSOLUTE
    _printf_longlong_oct                     0x00000000   Number         0  stubs.o ABSOLUTE
    _printf_ls                               0x00000000   Number         0  stubs.o ABSOLUTE
    _printf_mbtowc                           0x00000000   Number         0  stubs.o ABSOLUTE
    _printf_n                                0x00000000   Number         0  stubs.o ABSOLUTE
    _printf_o                                0x00000000   Number         0  stubs.o ABSOLUTE
    _printf_p                                0x00000000   Number         0  stubs.o ABSOLUTE
    _printf_percent                          0x00000000   Number         0  stubs.o ABSOLUTE
    _printf_pre_padding                      0x00000000   Number         0  stubs.o ABSOLUTE
    _printf_return_value                     0x00000000   Number         0  stubs.o ABSOLUTE
    _printf_s                                0x00000000   Number         0  stubs.o ABSOLUTE
    _printf_sizespec                         0x00000000   Number         0  stubs.o ABSOLUTE
    _printf_str                              0x00000000   Number         0  stubs.o ABSOLUTE
    _printf_truncate_signed                  0x00000000   Number         0  stubs.o ABSOLUTE
    _printf_truncate_unsigned                0x00000000   Number         0  stubs.o ABSOLUTE
    _printf_u                                0x00000000   Number         0  stubs.o ABSOLUTE
    _printf_wc                               0x00000000   Number         0  stubs.o ABSOLUTE
    _printf_wctomb                           0x00000000   Number         0  stubs.o ABSOLUTE
    _printf_widthprec                        0x00000000   Number         0  stubs.o ABSOLUTE
    _printf_x                                0x00000000   Number         0  stubs.o ABSOLUTE
    __arm_fini_                               - Undefined Weak Reference
    __cpp_initialize__aeabi_                  - Undefined Weak Reference
    __cxa_finalize                            - Undefined Weak Reference
    __decompress                              - Undefined Weak Reference
    _clock_init                               - Undefined Weak Reference
    _microlib_exit                            - Undefined Weak Reference
    __Vectors_Size                           0x00000298   Number         0  startup_stm32h750xx.o ABSOLUTE
    __Vectors                                0x08000000   Data           4  startup_stm32h750xx.o(RESET)
    __Vectors_End                            0x08000298   Data           0  startup_stm32h750xx.o(RESET)
    __main                                   0x08000299   Thumb Code     0  entry.o(.ARM.Collect$$$$00000000)
    _main_stk                                0x08000299   Thumb Code     0  entry2.o(.ARM.Collect$$$$00000001)
    _main_scatterload                        0x0800029d   Thumb Code     0  entry5.o(.ARM.Collect$$$$00000004)
    __main_after_scatterload                 0x080002a1   Thumb Code     0  entry5.o(.ARM.Collect$$$$00000004)
    _main_clock                              0x080002a1   Thumb Code     0  entry7b.o(.ARM.Collect$$$$00000008)
    _main_cpp_init                           0x080002a1   Thumb Code     0  entry8b.o(.ARM.Collect$$$$0000000A)
    _main_init                               0x080002a1   Thumb Code     0  entry9a.o(.ARM.Collect$$$$0000000B)
    __rt_lib_shutdown_fini                   0x080002a9   Thumb Code     0  entry12b.o(.ARM.Collect$$$$0000000E)
    __rt_final_cpp                           0x080002ad   Thumb Code     0  entry10a.o(.ARM.Collect$$$$0000000F)
    __rt_final_exit                          0x080002ad   Thumb Code     0  entry11a.o(.ARM.Collect$$$$00000011)
    Reset_Handler                            0x080002b1   Thumb Code     8  startup_stm32h750xx.o(.text)
    ADC3_IRQHandler                          0x080002cb   Thumb Code     0  startup_stm32h750xx.o(.text)
    ADC_IRQHandler                           0x080002cb   Thumb Code     0  startup_stm32h750xx.o(.text)
    BDMA_Channel0_IRQHandler                 0x080002cb   Thumb Code     0  startup_stm32h750xx.o(.text)
    BDMA_Channel1_IRQHandler                 0x080002cb   Thumb Code     0  startup_stm32h750xx.o(.text)
    BDMA_Channel2_IRQHandler                 0x080002cb   Thumb Code     0  startup_stm32h750xx.o(.text)
    BDMA_Channel3_IRQHandler                 0x080002cb   Thumb Code     0  startup_stm32h750xx.o(.text)
    BDMA_Channel4_IRQHandler                 0x080002cb   Thumb Code     0  startup_stm32h750xx.o(.text)
    BDMA_Channel5_IRQHandler                 0x080002cb   Thumb Code     0  startup_stm32h750xx.o(.text)
    BDMA_Channel6_IRQHandler                 0x080002cb   Thumb Code     0  startup_stm32h750xx.o(.text)
    BDMA_Channel7_IRQHandler                 0x080002cb   Thumb Code     0  startup_stm32h750xx.o(.text)
    CEC_IRQHandler                           0x080002cb   Thumb Code     0  startup_stm32h750xx.o(.text)
    COMP1_IRQHandler                         0x080002cb   Thumb Code     0  startup_stm32h750xx.o(.text)
    CRS_IRQHandler                           0x080002cb   Thumb Code     0  startup_stm32h750xx.o(.text)
    CRYP_IRQHandler                          0x080002cb   Thumb Code     0  startup_stm32h750xx.o(.text)
    DCMI_IRQHandler                          0x080002cb   Thumb Code     0  startup_stm32h750xx.o(.text)
    DFSDM1_FLT0_IRQHandler                   0x080002cb   Thumb Code     0  startup_stm32h750xx.o(.text)
    DFSDM1_FLT1_IRQHandler                   0x080002cb   Thumb Code     0  startup_stm32h750xx.o(.text)
    DFSDM1_FLT2_IRQHandler                   0x080002cb   Thumb Code     0  startup_stm32h750xx.o(.text)
    DFSDM1_FLT3_IRQHandler                   0x080002cb   Thumb Code     0  startup_stm32h750xx.o(.text)
    DMA1_Stream1_IRQHandler                  0x080002cb   Thumb Code     0  startup_stm32h750xx.o(.text)
    DMA1_Stream2_IRQHandler                  0x080002cb   Thumb Code     0  startup_stm32h750xx.o(.text)
    DMA1_Stream3_IRQHandler                  0x080002cb   Thumb Code     0  startup_stm32h750xx.o(.text)
    DMA1_Stream4_IRQHandler                  0x080002cb   Thumb Code     0  startup_stm32h750xx.o(.text)
    DMA1_Stream5_IRQHandler                  0x080002cb   Thumb Code     0  startup_stm32h750xx.o(.text)
    DMA1_Stream6_IRQHandler                  0x080002cb   Thumb Code     0  startup_stm32h750xx.o(.text)
    DMA1_Stream7_IRQHandler                  0x080002cb   Thumb Code     0  startup_stm32h750xx.o(.text)
    DMA2D_IRQHandler                         0x080002cb   Thumb Code     0  startup_stm32h750xx.o(.text)
    DMA2_Stream0_IRQHandler                  0x080002cb   Thumb Code     0  startup_stm32h750xx.o(.text)
    DMA2_Stream1_IRQHandler                  0x080002cb   Thumb Code     0  startup_stm32h750xx.o(.text)
    DMA2_Stream2_IRQHandler                  0x080002cb   Thumb Code     0  startup_stm32h750xx.o(.text)
    DMA2_Stream3_IRQHandler                  0x080002cb   Thumb Code     0  startup_stm32h750xx.o(.text)
    DMA2_Stream4_IRQHandler                  0x080002cb   Thumb Code     0  startup_stm32h750xx.o(.text)
    DMA2_Stream5_IRQHandler                  0x080002cb   Thumb Code     0  startup_stm32h750xx.o(.text)
    DMA2_Stream6_IRQHandler                  0x080002cb   Thumb Code     0  startup_stm32h750xx.o(.text)
    DMA2_Stream7_IRQHandler                  0x080002cb   Thumb Code     0  startup_stm32h750xx.o(.text)
    DMAMUX1_OVR_IRQHandler                   0x080002cb   Thumb Code     0  startup_stm32h750xx.o(.text)
    DMAMUX2_OVR_IRQHandler                   0x080002cb   Thumb Code     0  startup_stm32h750xx.o(.text)
    ECC_IRQHandler                           0x080002cb   Thumb Code     0  startup_stm32h750xx.o(.text)
    ETH_IRQHandler                           0x080002cb   Thumb Code     0  startup_stm32h750xx.o(.text)
    ETH_WKUP_IRQHandler                      0x080002cb   Thumb Code     0  startup_stm32h750xx.o(.text)
    EXTI0_IRQHandler                         0x080002cb   Thumb Code     0  startup_stm32h750xx.o(.text)
    EXTI15_10_IRQHandler                     0x080002cb   Thumb Code     0  startup_stm32h750xx.o(.text)
    EXTI1_IRQHandler                         0x080002cb   Thumb Code     0  startup_stm32h750xx.o(.text)
    EXTI2_IRQHandler                         0x080002cb   Thumb Code     0  startup_stm32h750xx.o(.text)
    EXTI3_IRQHandler                         0x080002cb   Thumb Code     0  startup_stm32h750xx.o(.text)
    EXTI4_IRQHandler                         0x080002cb   Thumb Code     0  startup_stm32h750xx.o(.text)
    EXTI9_5_IRQHandler                       0x080002cb   Thumb Code     0  startup_stm32h750xx.o(.text)
    FDCAN1_IT0_IRQHandler                    0x080002cb   Thumb Code     0  startup_stm32h750xx.o(.text)
    FDCAN1_IT1_IRQHandler                    0x080002cb   Thumb Code     0  startup_stm32h750xx.o(.text)
    FDCAN2_IT0_IRQHandler                    0x080002cb   Thumb Code     0  startup_stm32h750xx.o(.text)
    FDCAN2_IT1_IRQHandler                    0x080002cb   Thumb Code     0  startup_stm32h750xx.o(.text)
    FDCAN_CAL_IRQHandler                     0x080002cb   Thumb Code     0  startup_stm32h750xx.o(.text)
    FLASH_IRQHandler                         0x080002cb   Thumb Code     0  startup_stm32h750xx.o(.text)
    FMC_IRQHandler                           0x080002cb   Thumb Code     0  startup_stm32h750xx.o(.text)
    FPU_IRQHandler                           0x080002cb   Thumb Code     0  startup_stm32h750xx.o(.text)
    HASH_RNG_IRQHandler                      0x080002cb   Thumb Code     0  startup_stm32h750xx.o(.text)
    HRTIM1_FLT_IRQHandler                    0x080002cb   Thumb Code     0  startup_stm32h750xx.o(.text)
    HRTIM1_Master_IRQHandler                 0x080002cb   Thumb Code     0  startup_stm32h750xx.o(.text)
    HRTIM1_TIMA_IRQHandler                   0x080002cb   Thumb Code     0  startup_stm32h750xx.o(.text)
    HRTIM1_TIMB_IRQHandler                   0x080002cb   Thumb Code     0  startup_stm32h750xx.o(.text)
    HRTIM1_TIMC_IRQHandler                   0x080002cb   Thumb Code     0  startup_stm32h750xx.o(.text)
    HRTIM1_TIMD_IRQHandler                   0x080002cb   Thumb Code     0  startup_stm32h750xx.o(.text)
    HRTIM1_TIME_IRQHandler                   0x080002cb   Thumb Code     0  startup_stm32h750xx.o(.text)
    HSEM1_IRQHandler                         0x080002cb   Thumb Code     0  startup_stm32h750xx.o(.text)
    I2C1_ER_IRQHandler                       0x080002cb   Thumb Code     0  startup_stm32h750xx.o(.text)
    I2C1_EV_IRQHandler                       0x080002cb   Thumb Code     0  startup_stm32h750xx.o(.text)
    I2C2_ER_IRQHandler                       0x080002cb   Thumb Code     0  startup_stm32h750xx.o(.text)
    I2C2_EV_IRQHandler                       0x080002cb   Thumb Code     0  startup_stm32h750xx.o(.text)
    I2C3_ER_IRQHandler                       0x080002cb   Thumb Code     0  startup_stm32h750xx.o(.text)
    I2C3_EV_IRQHandler                       0x080002cb   Thumb Code     0  startup_stm32h750xx.o(.text)
    I2C4_ER_IRQHandler                       0x080002cb   Thumb Code     0  startup_stm32h750xx.o(.text)
    I2C4_EV_IRQHandler                       0x080002cb   Thumb Code     0  startup_stm32h750xx.o(.text)
    JPEG_IRQHandler                          0x080002cb   Thumb Code     0  startup_stm32h750xx.o(.text)
    LPTIM1_IRQHandler                        0x080002cb   Thumb Code     0  startup_stm32h750xx.o(.text)
    LPTIM2_IRQHandler                        0x080002cb   Thumb Code     0  startup_stm32h750xx.o(.text)
    LPTIM3_IRQHandler                        0x080002cb   Thumb Code     0  startup_stm32h750xx.o(.text)
    LPTIM4_IRQHandler                        0x080002cb   Thumb Code     0  startup_stm32h750xx.o(.text)
    LPTIM5_IRQHandler                        0x080002cb   Thumb Code     0  startup_stm32h750xx.o(.text)
    LPUART1_IRQHandler                       0x080002cb   Thumb Code     0  startup_stm32h750xx.o(.text)
    LTDC_ER_IRQHandler                       0x080002cb   Thumb Code     0  startup_stm32h750xx.o(.text)
    LTDC_IRQHandler                          0x080002cb   Thumb Code     0  startup_stm32h750xx.o(.text)
    MDIOS_IRQHandler                         0x080002cb   Thumb Code     0  startup_stm32h750xx.o(.text)
    MDIOS_WKUP_IRQHandler                    0x080002cb   Thumb Code     0  startup_stm32h750xx.o(.text)
    MDMA_IRQHandler                          0x080002cb   Thumb Code     0  startup_stm32h750xx.o(.text)
    OTG_FS_EP1_IN_IRQHandler                 0x080002cb   Thumb Code     0  startup_stm32h750xx.o(.text)
    OTG_FS_EP1_OUT_IRQHandler                0x080002cb   Thumb Code     0  startup_stm32h750xx.o(.text)
    OTG_FS_IRQHandler                        0x080002cb   Thumb Code     0  startup_stm32h750xx.o(.text)
    OTG_FS_WKUP_IRQHandler                   0x080002cb   Thumb Code     0  startup_stm32h750xx.o(.text)
    OTG_HS_EP1_IN_IRQHandler                 0x080002cb   Thumb Code     0  startup_stm32h750xx.o(.text)
    OTG_HS_EP1_OUT_IRQHandler                0x080002cb   Thumb Code     0  startup_stm32h750xx.o(.text)
    OTG_HS_IRQHandler                        0x080002cb   Thumb Code     0  startup_stm32h750xx.o(.text)
    OTG_HS_WKUP_IRQHandler                   0x080002cb   Thumb Code     0  startup_stm32h750xx.o(.text)
    PVD_AVD_IRQHandler                       0x080002cb   Thumb Code     0  startup_stm32h750xx.o(.text)
    QUADSPI_IRQHandler                       0x080002cb   Thumb Code     0  startup_stm32h750xx.o(.text)
    RCC_IRQHandler                           0x080002cb   Thumb Code     0  startup_stm32h750xx.o(.text)
    RTC_Alarm_IRQHandler                     0x080002cb   Thumb Code     0  startup_stm32h750xx.o(.text)
    RTC_WKUP_IRQHandler                      0x080002cb   Thumb Code     0  startup_stm32h750xx.o(.text)
    SAI1_IRQHandler                          0x080002cb   Thumb Code     0  startup_stm32h750xx.o(.text)
    SAI2_IRQHandler                          0x080002cb   Thumb Code     0  startup_stm32h750xx.o(.text)
    SAI3_IRQHandler                          0x080002cb   Thumb Code     0  startup_stm32h750xx.o(.text)
    SAI4_IRQHandler                          0x080002cb   Thumb Code     0  startup_stm32h750xx.o(.text)
    SDMMC1_IRQHandler                        0x080002cb   Thumb Code     0  startup_stm32h750xx.o(.text)
    SDMMC2_IRQHandler                        0x080002cb   Thumb Code     0  startup_stm32h750xx.o(.text)
    SPDIF_RX_IRQHandler                      0x080002cb   Thumb Code     0  startup_stm32h750xx.o(.text)
    SPI1_IRQHandler                          0x080002cb   Thumb Code     0  startup_stm32h750xx.o(.text)
    SPI2_IRQHandler                          0x080002cb   Thumb Code     0  startup_stm32h750xx.o(.text)
    SPI3_IRQHandler                          0x080002cb   Thumb Code     0  startup_stm32h750xx.o(.text)
    SPI4_IRQHandler                          0x080002cb   Thumb Code     0  startup_stm32h750xx.o(.text)
    SPI5_IRQHandler                          0x080002cb   Thumb Code     0  startup_stm32h750xx.o(.text)
    SPI6_IRQHandler                          0x080002cb   Thumb Code     0  startup_stm32h750xx.o(.text)
    SWPMI1_IRQHandler                        0x080002cb   Thumb Code     0  startup_stm32h750xx.o(.text)
    TAMP_STAMP_IRQHandler                    0x080002cb   Thumb Code     0  startup_stm32h750xx.o(.text)
    TIM15_IRQHandler                         0x080002cb   Thumb Code     0  startup_stm32h750xx.o(.text)
    TIM16_IRQHandler                         0x080002cb   Thumb Code     0  startup_stm32h750xx.o(.text)
    TIM17_IRQHandler                         0x080002cb   Thumb Code     0  startup_stm32h750xx.o(.text)
    TIM1_BRK_IRQHandler                      0x080002cb   Thumb Code     0  startup_stm32h750xx.o(.text)
    TIM1_CC_IRQHandler                       0x080002cb   Thumb Code     0  startup_stm32h750xx.o(.text)
    TIM1_TRG_COM_IRQHandler                  0x080002cb   Thumb Code     0  startup_stm32h750xx.o(.text)
    TIM1_UP_IRQHandler                       0x080002cb   Thumb Code     0  startup_stm32h750xx.o(.text)
    TIM2_IRQHandler                          0x080002cb   Thumb Code     0  startup_stm32h750xx.o(.text)
    TIM3_IRQHandler                          0x080002cb   Thumb Code     0  startup_stm32h750xx.o(.text)
    TIM4_IRQHandler                          0x080002cb   Thumb Code     0  startup_stm32h750xx.o(.text)
    TIM5_IRQHandler                          0x080002cb   Thumb Code     0  startup_stm32h750xx.o(.text)
    TIM6_DAC_IRQHandler                      0x080002cb   Thumb Code     0  startup_stm32h750xx.o(.text)
    TIM7_IRQHandler                          0x080002cb   Thumb Code     0  startup_stm32h750xx.o(.text)
    TIM8_BRK_TIM12_IRQHandler                0x080002cb   Thumb Code     0  startup_stm32h750xx.o(.text)
    TIM8_CC_IRQHandler                       0x080002cb   Thumb Code     0  startup_stm32h750xx.o(.text)
    TIM8_TRG_COM_TIM14_IRQHandler            0x080002cb   Thumb Code     0  startup_stm32h750xx.o(.text)
    TIM8_UP_TIM13_IRQHandler                 0x080002cb   Thumb Code     0  startup_stm32h750xx.o(.text)
    UART5_IRQHandler                         0x080002cb   Thumb Code     0  startup_stm32h750xx.o(.text)
    UART7_IRQHandler                         0x080002cb   Thumb Code     0  startup_stm32h750xx.o(.text)
    UART8_IRQHandler                         0x080002cb   Thumb Code     0  startup_stm32h750xx.o(.text)
    USART1_IRQHandler                        0x080002cb   Thumb Code     0  startup_stm32h750xx.o(.text)
    USART2_IRQHandler                        0x080002cb   Thumb Code     0  startup_stm32h750xx.o(.text)
    USART3_IRQHandler                        0x080002cb   Thumb Code     0  startup_stm32h750xx.o(.text)
    USART6_IRQHandler                        0x080002cb   Thumb Code     0  startup_stm32h750xx.o(.text)
    WAKEUP_PIN_IRQHandler                    0x080002cb   Thumb Code     0  startup_stm32h750xx.o(.text)
    WWDG_IRQHandler                          0x080002cb   Thumb Code     0  startup_stm32h750xx.o(.text)
    __aeabi_uldivmod                         0x080002d5   Thumb Code    98  uldiv.o(.text)
    __aeabi_memset                           0x08000337   Thumb Code    14  memseta.o(.text)
    __aeabi_memset4                          0x08000337   Thumb Code     0  memseta.o(.text)
    __aeabi_memset8                          0x08000337   Thumb Code     0  memseta.o(.text)
    __aeabi_memclr                           0x08000345   Thumb Code     4  memseta.o(.text)
    __aeabi_memclr4                          0x08000345   Thumb Code     0  memseta.o(.text)
    __aeabi_memclr8                          0x08000345   Thumb Code     0  memseta.o(.text)
    _memset$wrapper                          0x08000349   Thumb Code    18  memseta.o(.text)
    strcmp                                   0x0800035b   Thumb Code    28  strcmp.o(.text)
    memcmp                                   0x08000377   Thumb Code    26  memcmp.o(.text)
    strtol                                   0x08000391   Thumb Code   112  strtol.o(.text)
    __aeabi_uidiv                            0x08000401   Thumb Code     0  uidiv.o(.text)
    __aeabi_uidivmod                         0x08000401   Thumb Code    44  uidiv.o(.text)
    __aeabi_llsl                             0x0800042d   Thumb Code    30  llshl.o(.text)
    _ll_shift_l                              0x0800042d   Thumb Code     0  llshl.o(.text)
    __aeabi_llsr                             0x0800044b   Thumb Code    32  llushr.o(.text)
    _ll_ushift_r                             0x0800044b   Thumb Code     0  llushr.o(.text)
    __rt_ctype_table                         0x0800046d   Thumb Code     4  ctype_o.o(.text)
    _strtoul                                 0x08000475   Thumb Code   158  _strtoul.o(.text)
    __I$use$fp                               0x08000513   Thumb Code     0  iusefp.o(.text)
    __aeabi_dadd                             0x08000513   Thumb Code   322  dadd.o(.text)
    __aeabi_dsub                             0x08000655   Thumb Code     6  dadd.o(.text)
    __aeabi_drsub                            0x0800065b   Thumb Code     6  dadd.o(.text)
    __aeabi_dmul                             0x08000661   Thumb Code   228  dmul.o(.text)
    __aeabi_ddiv                             0x08000745   Thumb Code   222  ddiv.o(.text)
    __ARM_scalbn                             0x08000823   Thumb Code    46  dscalb.o(.text)
    scalbn                                   0x08000823   Thumb Code     0  dscalb.o(.text)
    __aeabi_d2ulz                            0x08000851   Thumb Code    48  dfixul.o(.text)
    __aeabi_cdrcmple                         0x08000881   Thumb Code    48  cdrcmple.o(.text)
    __scatterload                            0x080008b1   Thumb Code    28  init.o(.text)
    __scatterload_rt2                        0x080008b1   Thumb Code     0  init.o(.text)
    __aeabi_lasr                             0x080008d5   Thumb Code    36  llsshr.o(.text)
    _ll_sshift_r                             0x080008d5   Thumb Code     0  llsshr.o(.text)
    _chval                                   0x080008f9   Thumb Code    28  _chval.o(.text)
    _double_round                            0x08000915   Thumb Code    30  depilogue.o(.text)
    _double_epilogue                         0x08000933   Thumb Code   156  depilogue.o(.text)
    AD9958_SetAmp2Channel                    0x080009cf   Thumb Code    24  ad9959.o(i.AD9958_SetAmp2Channel)
    AD9958_SetPhase2Channel                  0x080009e7   Thumb Code    24  ad9959.o(i.AD9958_SetPhase2Channel)
    AD9958_Set_Freq                          0x08000a01   Thumb Code   154  ad9959.o(i.AD9958_Set_Freq)
    ADC_ConfigureBoostMode                   0x08000ab5   Thumb Code   320  stm32h7xx_hal_adc.o(i.ADC_ConfigureBoostMode)
    ADC_DMAConvCplt                          0x08000c15   Thumb Code   146  stm32h7xx_hal_adc.o(i.ADC_DMAConvCplt)
    ADC_DMAError                             0x08000ca7   Thumb Code    30  stm32h7xx_hal_adc.o(i.ADC_DMAError)
    ADC_DMAHalfConvCplt                      0x08000cc5   Thumb Code    14  stm32h7xx_hal_adc.o(i.ADC_DMAHalfConvCplt)
    ADC_Disable                              0x08000cd5   Thumb Code   142  stm32h7xx_hal_adc.o(i.ADC_Disable)
    ADC_Enable                               0x08000d69   Thumb Code   182  stm32h7xx_hal_adc.o(i.ADC_Enable)
    ADC_fft_collect                          0x08000e35   Thumb Code   520  main.o(i.ADC_fft_collect)
    ADC_fft_sweep                            0x08001071   Thumb Code   754  main.o(i.ADC_fft_sweep)
    ADC_start                                0x080013a9   Thumb Code  1052  main.o(i.ADC_start)
    BusFault_Handler                         0x080017c5   Thumb Code     4  stm32h7xx_it.o(i.BusFault_Handler)
    DMA1_Stream0_IRQHandler                  0x080017c9   Thumb Code    10  stm32h7xx_it.o(i.DMA1_Stream0_IRQHandler)
    DebugMon_Handler                         0x08001d45   Thumb Code     2  stm32h7xx_it.o(i.DebugMon_Handler)
    Error_Handler                            0x08001d47   Thumb Code     6  main.o(i.Error_Handler)
    HAL_ADCEx_MultiModeConfigChannel         0x08001d4d   Thumb Code   336  stm32h7xx_hal_adc_ex.o(i.HAL_ADCEx_MultiModeConfigChannel)
    HAL_ADCEx_MultiModeStart_DMA             0x08001eb1   Thumb Code   248  stm32h7xx_hal_adc_ex.o(i.HAL_ADCEx_MultiModeStart_DMA)
    HAL_ADC_ConfigChannel                    0x08001fc5   Thumb Code  1306  stm32h7xx_hal_adc.o(i.HAL_ADC_ConfigChannel)
    HAL_ADC_ConvCpltCallback                 0x08002509   Thumb Code    16  main.o(i.HAL_ADC_ConvCpltCallback)
    HAL_ADC_ConvHalfCpltCallback             0x08002521   Thumb Code     2  stm32h7xx_hal_adc.o(i.HAL_ADC_ConvHalfCpltCallback)
    HAL_ADC_ErrorCallback                    0x08002523   Thumb Code     2  stm32h7xx_hal_adc.o(i.HAL_ADC_ErrorCallback)
    HAL_ADC_Init                             0x08002525   Thumb Code   608  stm32h7xx_hal_adc.o(i.HAL_ADC_Init)
    HAL_ADC_MspInit                          0x080027b1   Thumb Code   290  adc.o(i.HAL_ADC_MspInit)
    HAL_DMA_Abort                            0x080028f5   Thumb Code  1236  stm32h7xx_hal_dma.o(i.HAL_DMA_Abort)
    HAL_DMA_Abort_IT                         0x08002dd1   Thumb Code   906  stm32h7xx_hal_dma.o(i.HAL_DMA_Abort_IT)
    HAL_DMA_IRQHandler                       0x08003169   Thumb Code  2800  stm32h7xx_hal_dma.o(i.HAL_DMA_IRQHandler)
    HAL_DMA_Init                             0x08003c61   Thumb Code  1304  stm32h7xx_hal_dma.o(i.HAL_DMA_Init)
    HAL_DMA_Start_IT                         0x08004181   Thumb Code   980  stm32h7xx_hal_dma.o(i.HAL_DMA_Start_IT)
    HAL_Delay                                0x08004561   Thumb Code    36  stm32h7xx_hal.o(i.HAL_Delay)
    HAL_GPIO_Init                            0x08004589   Thumb Code   468  stm32h7xx_hal_gpio.o(i.HAL_GPIO_Init)
    HAL_GPIO_WritePin                        0x08004791   Thumb Code    12  stm32h7xx_hal_gpio.o(i.HAL_GPIO_WritePin)
    HAL_GetREVID                             0x0800479d   Thumb Code     8  stm32h7xx_hal.o(i.HAL_GetREVID)
    HAL_GetTick                              0x080047a9   Thumb Code     6  stm32h7xx_hal.o(i.HAL_GetTick)
    HAL_IncTick                              0x080047b5   Thumb Code    16  stm32h7xx_hal.o(i.HAL_IncTick)
    HAL_Init                                 0x080047cd   Thumb Code    80  stm32h7xx_hal.o(i.HAL_Init)
    HAL_InitTick                             0x0800482d   Thumb Code    74  stm32h7xx_hal.o(i.HAL_InitTick)
    HAL_MspInit                              0x08004885   Thumb Code    76  stm32h7xx_hal_msp.o(i.HAL_MspInit)
    HAL_NVIC_EnableIRQ                       0x080048d5   Thumb Code    40  stm32h7xx_hal_cortex.o(i.HAL_NVIC_EnableIRQ)
    HAL_NVIC_SetPriority                     0x080048fd   Thumb Code   122  stm32h7xx_hal_cortex.o(i.HAL_NVIC_SetPriority)
    HAL_NVIC_SetPriorityGrouping             0x08004979   Thumb Code    32  stm32h7xx_hal_cortex.o(i.HAL_NVIC_SetPriorityGrouping)
    HAL_PWREx_ConfigSupply                   0x080049a1   Thumb Code    90  stm32h7xx_hal_pwr_ex.o(i.HAL_PWREx_ConfigSupply)
    HAL_RCCEx_GetD3PCLK1Freq                 0x08004a01   Thumb Code    26  stm32h7xx_hal_rcc_ex.o(i.HAL_RCCEx_GetD3PCLK1Freq)
    HAL_RCCEx_GetPLL1ClockFreq               0x08004a25   Thumb Code   536  stm32h7xx_hal_rcc_ex.o(i.HAL_RCCEx_GetPLL1ClockFreq)
    HAL_RCCEx_GetPLL2ClockFreq               0x08004c55   Thumb Code   536  stm32h7xx_hal_rcc_ex.o(i.HAL_RCCEx_GetPLL2ClockFreq)
    HAL_RCCEx_GetPLL3ClockFreq               0x08004e85   Thumb Code   536  stm32h7xx_hal_rcc_ex.o(i.HAL_RCCEx_GetPLL3ClockFreq)
    HAL_RCCEx_GetPeriphCLKFreq               0x080050b5   Thumb Code  1856  stm32h7xx_hal_rcc_ex.o(i.HAL_RCCEx_GetPeriphCLKFreq)
    HAL_RCCEx_PeriphCLKConfig                0x08005809   Thumb Code  2910  stm32h7xx_hal_rcc_ex.o(i.HAL_RCCEx_PeriphCLKConfig)
    HAL_RCC_ClockConfig                      0x0800636d   Thumb Code   774  stm32h7xx_hal_rcc.o(i.HAL_RCC_ClockConfig)
    HAL_RCC_GetHCLKFreq                      0x0800668d   Thumb Code    60  stm32h7xx_hal_rcc.o(i.HAL_RCC_GetHCLKFreq)
    HAL_RCC_GetPCLK1Freq                     0x080066d9   Thumb Code    26  stm32h7xx_hal_rcc.o(i.HAL_RCC_GetPCLK1Freq)
    HAL_RCC_GetPCLK2Freq                     0x080066fd   Thumb Code    26  stm32h7xx_hal_rcc.o(i.HAL_RCC_GetPCLK2Freq)
    HAL_RCC_GetSysClockFreq                  0x08006721   Thumb Code   524  stm32h7xx_hal_rcc.o(i.HAL_RCC_GetSysClockFreq)
    HAL_RCC_OscConfig                        0x0800694d   Thumb Code  2010  stm32h7xx_hal_rcc.o(i.HAL_RCC_OscConfig)
    HAL_SYSCFG_DisableVREFBUF                0x08007131   Thumb Code    14  stm32h7xx_hal.o(i.HAL_SYSCFG_DisableVREFBUF)
    HAL_SYSCFG_VREFBUF_HighImpedanceConfig   0x08007145   Thumb Code    16  stm32h7xx_hal.o(i.HAL_SYSCFG_VREFBUF_HighImpedanceConfig)
    HAL_SYSTICK_Config                       0x08007159   Thumb Code    52  stm32h7xx_hal_cortex.o(i.HAL_SYSTICK_Config)
    HAL_UARTEx_DisableFifoMode               0x0800718d   Thumb Code    78  stm32h7xx_hal_uart_ex.o(i.HAL_UARTEx_DisableFifoMode)
    HAL_UARTEx_RxEventCallback               0x080071db   Thumb Code     2  stm32h7xx_hal_uart.o(i.HAL_UARTEx_RxEventCallback)
    HAL_UARTEx_RxFifoFullCallback            0x080071dd   Thumb Code     2  stm32h7xx_hal_uart_ex.o(i.HAL_UARTEx_RxFifoFullCallback)
    HAL_UARTEx_SetRxFifoThreshold            0x080071df   Thumb Code    94  stm32h7xx_hal_uart_ex.o(i.HAL_UARTEx_SetRxFifoThreshold)
    HAL_UARTEx_SetTxFifoThreshold            0x0800723d   Thumb Code    94  stm32h7xx_hal_uart_ex.o(i.HAL_UARTEx_SetTxFifoThreshold)
    HAL_UARTEx_TxFifoEmptyCallback           0x0800729b   Thumb Code     2  stm32h7xx_hal_uart_ex.o(i.HAL_UARTEx_TxFifoEmptyCallback)
    HAL_UARTEx_WakeupCallback                0x0800729d   Thumb Code     2  stm32h7xx_hal_uart_ex.o(i.HAL_UARTEx_WakeupCallback)
    HAL_UART_ErrorCallback                   0x0800729f   Thumb Code     2  stm32h7xx_hal_uart.o(i.HAL_UART_ErrorCallback)
    HAL_UART_GetState                        0x080072a1   Thumb Code    16  stm32h7xx_hal_uart.o(i.HAL_UART_GetState)
    HAL_UART_IRQHandler                      0x080072b1   Thumb Code   960  stm32h7xx_hal_uart.o(i.HAL_UART_IRQHandler)
    HAL_UART_Init                            0x08007685   Thumb Code   120  stm32h7xx_hal_uart.o(i.HAL_UART_Init)
    HAL_UART_MspInit                         0x080076fd   Thumb Code   158  usart.o(i.HAL_UART_MspInit)
    HAL_UART_Receive                         0x080077a9   Thumb Code   300  stm32h7xx_hal_uart.o(i.HAL_UART_Receive)
    HAL_UART_Receive_IT                      0x080078d5   Thumb Code    96  stm32h7xx_hal_uart.o(i.HAL_UART_Receive_IT)
    HAL_UART_RxCpltCallback                  0x08007939   Thumb Code   388  debug.o(i.HAL_UART_RxCpltCallback)
    HAL_UART_Transmit                        0x08007b29   Thumb Code   214  stm32h7xx_hal_uart.o(i.HAL_UART_Transmit)
    HAL_UART_TxCpltCallback                  0x08007bff   Thumb Code     2  stm32h7xx_hal_uart.o(i.HAL_UART_TxCpltCallback)
    HardFault_Handler                        0x08007c01   Thumb Code     4  stm32h7xx_it.o(i.HardFault_Handler)
    IO_Update                                0x08007c05   Thumb Code    46  ad9959.o(i.IO_Update)
    Init_AD9958                              0x08007c39   Thumb Code    88  ad9959.o(i.Init_AD9958)
    IntReset                                 0x08007ca1   Thumb Code    46  ad9959.o(i.IntReset)
    Intserve                                 0x08007cd5   Thumb Code    54  ad9959.o(i.Intserve)
    MX_ADC1_Init                             0x08007dc9   Thumb Code   162  adc.o(i.MX_ADC1_Init)
    MX_ADC2_Init                             0x08007e79   Thumb Code   122  adc.o(i.MX_ADC2_Init)
    MX_DMA_Init                              0x08007f01   Thumb Code    48  dma.o(i.MX_DMA_Init)
    MX_GPIO_Init                             0x08007f35   Thumb Code    84  gpio.o(i.MX_GPIO_Init)
    MX_UART4_Init                            0x08007f8d   Thumb Code    98  usart.o(i.MX_UART4_Init)
    MemManage_Handler                        0x08007ff9   Thumb Code     4  stm32h7xx_it.o(i.MemManage_Handler)
    NMI_Handler                              0x08007ffd   Thumb Code     4  stm32h7xx_it.o(i.NMI_Handler)
    PendSV_Handler                           0x08008001   Thumb Code     2  stm32h7xx_it.o(i.PendSV_Handler)
    PeriphCommonClock_Config                 0x08008003   Thumb Code    66  main.o(i.PeriphCommonClock_Config)
    SVC_Handler                              0x0800830d   Thumb Code     2  stm32h7xx_it.o(i.SVC_Handler)
    SysTick_Handler                          0x0800830f   Thumb Code     8  stm32h7xx_it.o(i.SysTick_Handler)
    SystemClock_Config                       0x08008319   Thumb Code   212  main.o(i.SystemClock_Config)
    SystemInit                               0x080083f9   Thumb Code   220  system_stm32h7xx.o(i.SystemInit)
    UART4_IRQHandler                         0x080084fd   Thumb Code    80  debug.o(i.UART4_IRQHandler)
    UART_AdvFeatureConfig                    0x080085b1   Thumb Code   248  stm32h7xx_hal_uart.o(i.UART_AdvFeatureConfig)
    UART_CheckIdleState                      0x080086a9   Thumb Code   118  stm32h7xx_hal_uart.o(i.UART_CheckIdleState)
    UART_SetConfig                           0x08008b81   Thumb Code  1404  stm32h7xx_hal_uart.o(i.UART_SetConfig)
    UART_Start_Receive_IT                    0x0800910d   Thumb Code   256  stm32h7xx_hal_uart.o(i.UART_Start_Receive_IT)
    UART_WaitOnFlagUntilTimeout              0x0800921d   Thumb Code   190  stm32h7xx_hal_uart.o(i.UART_WaitOnFlagUntilTimeout)
    UsageFault_Handler                       0x080092db   Thumb Code     4  stm32h7xx_it.o(i.UsageFault_Handler)
    WriteData_AD9959                         0x080092e1   Thumb Code   234  ad9959.o(i.WriteData_AD9959)
    Write_Amplitude                          0x080093d1   Thumb Code    84  ad9959.o(i.Write_Amplitude)
    Write_Phase                              0x0800942d   Thumb Code   100  ad9959.o(i.Write_Phase)
    __0printf                                0x080094a5   Thumb Code    22  printfa.o(i.__0printf)
    __1printf                                0x080094a5   Thumb Code     0  printfa.o(i.__0printf)
    __2printf                                0x080094a5   Thumb Code     0  printfa.o(i.__0printf)
    __c89printf                              0x080094a5   Thumb Code     0  printfa.o(i.__0printf)
    printf                                   0x080094a5   Thumb Code     0  printfa.o(i.__0printf)
    __ARM_fpclassify                         0x080094c5   Thumb Code    48  fpclassify.o(i.__ARM_fpclassify)
    __aeabi_errno_addr                       0x0800952d   Thumb Code     4  errno.o(i.__aeabi_errno_addr)
    __rt_errno_addr                          0x0800952d   Thumb Code     0  errno.o(i.__aeabi_errno_addr)
    __hardfp_atan                            0x08009539   Thumb Code   402  atan.o(i.__hardfp_atan)
    __hardfp_atan2                           0x08009739   Thumb Code   392  atan2.o(i.__hardfp_atan2)
    __hardfp_cos                             0x08009901   Thumb Code   158  cos.o(i.__hardfp_cos)
    __hardfp_pow                             0x080099b1   Thumb Code  2140  pow.o(i.__hardfp_pow)
    __hardfp_sin                             0x0800a2a9   Thumb Code   158  sin.o(i.__hardfp_sin)
    __hardfp_sqrt                            0x0800a359   Thumb Code   102  sqrt.o(i.__hardfp_sqrt)
    __ieee754_rem_pio2                       0x0800a3c1   Thumb Code   646  rred.o(i.__ieee754_rem_pio2)
    __kernel_cos                             0x0800a6d1   Thumb Code   182  cos_i.o(i.__kernel_cos)
    __kernel_poly                            0x0800a7b1   Thumb Code   112  poly.o(i.__kernel_poly)
    __kernel_sin                             0x0800a821   Thumb Code   144  sin_i.o(i.__kernel_sin)
    __mathlib_dbl_divzero                    0x0800a8c9   Thumb Code    14  dunder.o(i.__mathlib_dbl_divzero)
    __mathlib_dbl_infnan                     0x0800a8e9   Thumb Code     6  dunder.o(i.__mathlib_dbl_infnan)
    __mathlib_dbl_infnan2                    0x0800a8ef   Thumb Code     6  dunder.o(i.__mathlib_dbl_infnan2)
    __mathlib_dbl_invalid                    0x0800a8f9   Thumb Code    10  dunder.o(i.__mathlib_dbl_invalid)
    __mathlib_dbl_overflow                   0x0800a911   Thumb Code    10  dunder.o(i.__mathlib_dbl_overflow)
    __mathlib_dbl_underflow                  0x0800a929   Thumb Code    10  dunder.o(i.__mathlib_dbl_underflow)
    __scatterload_copy                       0x0800a941   Thumb Code    14  handlers.o(i.__scatterload_copy)
    __scatterload_null                       0x0800a94f   Thumb Code     2  handlers.o(i.__scatterload_null)
    __scatterload_zeroinit                   0x0800a951   Thumb Code    14  handlers.o(i.__scatterload_zeroinit)
    __set_errno                              0x0800a961   Thumb Code     6  errno.o(i.__set_errno)
    atan                                     0x0800b1f7   Thumb Code    16  atan.o(i.atan)
    delay1                                   0x0800b207   Thumb Code    18  ad9959.o(i.delay1)
    fabs                                     0x0800b219   Thumb Code    24  fabs.o(i.fabs)
    fputc                                    0x0800b231   Thumb Code    26  debug.o(i.fputc)
    kfft                                     0x0800b255   Thumb Code   890  main.o(i.kfft)
    main                                     0x0800b5dd   Thumb Code   124  main.o(i.main)
    reply_er                                 0x0800b665   Thumb Code    42  debug.o(i.reply_er)
    sqrt                                     0x0800b69d   Thumb Code   106  sqrt.o(i.sqrt)
    UARTPrescTable                           0x0800b70e   Data          24  stm32h7xx_hal_uart.o(.constdata)
    D1CorePrescTable                         0x0800b736   Data          16  system_stm32h7xx.o(.constdata)
    __mathlib_zero                           0x0800b898   Data           8  qnan.o(.constdata)
    __ctype_table                            0x0800b990   Data         129  ctype_o.o(.constdata)
    Region$$Table$$Base                      0x0800ba18   Number         0  anon$$obj.o(Region$$Table)
    Region$$Table$$Limit                     0x0800ba38   Number         0  anon$$obj.o(Region$$Table)
    CSR_DATA0                                0x24000000   Data           1  ad9959.o(.data)
    CSR_DATA1                                0x24000001   Data           1  ad9959.o(.data)
    CSR_DATA2                                0x24000002   Data           1  ad9959.o(.data)
    CSR_DATA3                                0x24000003   Data           1  ad9959.o(.data)
    FR1_DATA                                 0x24000004   Data           3  ad9959.o(.data)
    FR2_DATA                                 0x24000007   Data           2  ad9959.o(.data)
    CFR_DATA                                 0x24000009   Data           3  ad9959.o(.data)
    CPOW0_DATA                               0x2400000c   Data           2  ad9959.o(.data)
    LSRR_DATA                                0x2400000e   Data           2  ad9959.o(.data)
    RDW_DATA                                 0x24000010   Data           4  ad9959.o(.data)
    FDW_DATA                                 0x24000014   Data           4  ad9959.o(.data)
    ACRdata                                  0x24000018   Data           3  ad9959.o(.data)
    huart_debug                              0x2400001c   Data           4  debug.o(.data)
    USART_RX_STA                             0x24000022   Data           2  debug.o(.data)
    aRxBuffer                                0x24000024   Data           1  debug.o(.data)
    single_sweep                             0x24000028   Data           4  debug.o(.data)
    double_sweep                             0x2400002c   Data           4  debug.o(.data)
    g_adc1_dma_complete_flag                 0x24000034   Data           1  main.o(.data)
    f_                                       0x24000038   Data           4  main.o(.data)
    uwTick                                   0x24000040   Data           4  stm32h7xx_hal.o(.data)
    uwTickPrio                               0x24000044   Data           4  stm32h7xx_hal.o(.data)
    uwTickFreq                               0x24000048   Data           1  stm32h7xx_hal.o(.data)
    SystemCoreClock                          0x2400004c   Data           4  system_stm32h7xx.o(.data)
    SystemD2Clock                            0x24000050   Data           4  system_stm32h7xx.o(.data)
    __stdout                                 0x24000054   Data           4  stdout.o(.data)
    USART_RX_BUF                             0x2400005c   Data        1500  debug.o(.bss)
    temp                                     0x24000638   Data        1500  debug.o(.bss)
    g_adc1_dma_data1                         0x24000c14   Data        4096  main.o(.bss)
    dataR                                    0x24001c14   Data        4096  main.o(.bss)
    dataI                                    0x24002c14   Data        4096  main.o(.bss)
    datafR                                   0x24003c14   Data        4096  main.o(.bss)
    datafI                                   0x24004c14   Data        4096  main.o(.bss)
    hadc1                                    0x24005c14   Data         100  adc.o(.bss)
    hadc2                                    0x24005c78   Data         100  adc.o(.bss)
    hdma_adc1                                0x24005cdc   Data         120  adc.o(.bss)
    huart4                                   0x24005d54   Data         144  usart.o(.bss)
    __initial_sp                             0x24025de8   Data           0  startup_stm32h750xx.o(STACK)



==============================================================================

Memory Map of the image

  Image Entry point : 0x08000299

  Load Region LR_IROM1 (Base: 0x08000000, Size: 0x0000ba94, Max: 0x00020000, ABSOLUTE)

    Execution Region ER_IROM1 (Exec base: 0x08000000, Load base: 0x08000000, Size: 0x0000ba38, Max: 0x00020000, ABSOLUTE)

    Exec Addr    Load Addr    Size         Type   Attr      Idx    E Section Name        Object

    0x08000000   0x08000000   0x00000298   Data   RO            3    RESET               startup_stm32h750xx.o
    0x08000298   0x08000298   0x00000000   Code   RO         4313  * .ARM.Collect$$$$00000000  mc_w.l(entry.o)
    0x08000298   0x08000298   0x00000004   Code   RO         4640    .ARM.Collect$$$$00000001  mc_w.l(entry2.o)
    0x0800029c   0x0800029c   0x00000004   Code   RO         4643    .ARM.Collect$$$$00000004  mc_w.l(entry5.o)
    0x080002a0   0x080002a0   0x00000000   Code   RO         4645    .ARM.Collect$$$$00000008  mc_w.l(entry7b.o)
    0x080002a0   0x080002a0   0x00000000   Code   RO         4647    .ARM.Collect$$$$0000000A  mc_w.l(entry8b.o)
    0x080002a0   0x080002a0   0x00000008   Code   RO         4648    .ARM.Collect$$$$0000000B  mc_w.l(entry9a.o)
    0x080002a8   0x080002a8   0x00000004   Code   RO         4655    .ARM.Collect$$$$0000000E  mc_w.l(entry12b.o)
    0x080002ac   0x080002ac   0x00000000   Code   RO         4650    .ARM.Collect$$$$0000000F  mc_w.l(entry10a.o)
    0x080002ac   0x080002ac   0x00000000   Code   RO         4652    .ARM.Collect$$$$00000011  mc_w.l(entry11a.o)
    0x080002ac   0x080002ac   0x00000004   Code   RO         4641    .ARM.Collect$$$$00002712  mc_w.l(entry2.o)
    0x080002b0   0x080002b0   0x00000024   Code   RO            4    .text               startup_stm32h750xx.o
    0x080002d4   0x080002d4   0x00000062   Code   RO         4316    .text               mc_w.l(uldiv.o)
    0x08000336   0x08000336   0x00000024   Code   RO         4318    .text               mc_w.l(memseta.o)
    0x0800035a   0x0800035a   0x0000001c   Code   RO         4320    .text               mc_w.l(strcmp.o)
    0x08000376   0x08000376   0x0000001a   Code   RO         4322    .text               mc_w.l(memcmp.o)
    0x08000390   0x08000390   0x00000070   Code   RO         4585    .text               mc_w.l(strtol.o)
    0x08000400   0x08000400   0x0000002c   Code   RO         4657    .text               mc_w.l(uidiv.o)
    0x0800042c   0x0800042c   0x0000001e   Code   RO         4659    .text               mc_w.l(llshl.o)
    0x0800044a   0x0800044a   0x00000020   Code   RO         4661    .text               mc_w.l(llushr.o)
    0x0800046a   0x0800046a   0x00000002   PAD
    0x0800046c   0x0800046c   0x00000008   Code   RO         4663    .text               mc_w.l(ctype_o.o)
    0x08000474   0x08000474   0x0000009e   Code   RO         4698    .text               mc_w.l(_strtoul.o)
    0x08000512   0x08000512   0x00000000   Code   RO         4700    .text               mc_w.l(iusefp.o)
    0x08000512   0x08000512   0x0000014e   Code   RO         4701    .text               mf_w.l(dadd.o)
    0x08000660   0x08000660   0x000000e4   Code   RO         4703    .text               mf_w.l(dmul.o)
    0x08000744   0x08000744   0x000000de   Code   RO         4705    .text               mf_w.l(ddiv.o)
    0x08000822   0x08000822   0x0000002e   Code   RO         4707    .text               mf_w.l(dscalb.o)
    0x08000850   0x08000850   0x00000030   Code   RO         4709    .text               mf_w.l(dfixul.o)
    0x08000880   0x08000880   0x00000030   Code   RO         4711    .text               mf_w.l(cdrcmple.o)
    0x080008b0   0x080008b0   0x00000024   Code   RO         4713    .text               mc_w.l(init.o)
    0x080008d4   0x080008d4   0x00000024   Code   RO         4715    .text               mc_w.l(llsshr.o)
    0x080008f8   0x080008f8   0x0000001c   Code   RO         4717    .text               mc_w.l(_chval.o)
    0x08000914   0x08000914   0x000000ba   Code   RO         4719    .text               mf_w.l(depilogue.o)
    0x080009ce   0x080009ce   0x00000018   Code   RO           13    i.AD9958_SetAmp2Channel  ad9959.o
    0x080009e6   0x080009e6   0x00000018   Code   RO           15    i.AD9958_SetPhase2Channel  ad9959.o
    0x080009fe   0x080009fe   0x00000002   PAD
    0x08000a00   0x08000a00   0x000000b4   Code   RO           16    i.AD9958_Set_Freq   ad9959.o
    0x08000ab4   0x08000ab4   0x00000160   Code   RO          660    i.ADC_ConfigureBoostMode  stm32h7xx_hal_adc.o
    0x08000c14   0x08000c14   0x00000092   Code   RO          662    i.ADC_DMAConvCplt   stm32h7xx_hal_adc.o
    0x08000ca6   0x08000ca6   0x0000001e   Code   RO          663    i.ADC_DMAError      stm32h7xx_hal_adc.o
    0x08000cc4   0x08000cc4   0x0000000e   Code   RO          664    i.ADC_DMAHalfConvCplt  stm32h7xx_hal_adc.o
    0x08000cd2   0x08000cd2   0x00000002   PAD
    0x08000cd4   0x08000cd4   0x00000094   Code   RO          665    i.ADC_Disable       stm32h7xx_hal_adc.o
    0x08000d68   0x08000d68   0x000000cc   Code   RO          666    i.ADC_Enable        stm32h7xx_hal_adc.o
    0x08000e34   0x08000e34   0x0000023c   Code   RO          309    i.ADC_fft_collect   main.o
    0x08001070   0x08001070   0x00000338   Code   RO          310    i.ADC_fft_sweep     main.o
    0x080013a8   0x080013a8   0x0000041c   Code   RO          311    i.ADC_start         main.o
    0x080017c4   0x080017c4   0x00000004   Code   RO          551    i.BusFault_Handler  stm32h7xx_it.o
    0x080017c8   0x080017c8   0x00000010   Code   RO          552    i.DMA1_Stream0_IRQHandler  stm32h7xx_it.o
    0x080017d8   0x080017d8   0x000000ec   Code   RO         1886    i.DMA_CalcBaseAndBitshift  stm32h7xx_hal_dma.o
    0x080018c4   0x080018c4   0x000000c4   Code   RO         1887    i.DMA_CalcDMAMUXChannelBaseAndMask  stm32h7xx_hal_dma.o
    0x08001988   0x08001988   0x00000098   Code   RO         1888    i.DMA_CalcDMAMUXRequestGenBaseAndMask  stm32h7xx_hal_dma.o
    0x08001a20   0x08001a20   0x000000ae   Code   RO         1889    i.DMA_CheckFifoParam  stm32h7xx_hal_dma.o
    0x08001ace   0x08001ace   0x00000002   PAD
    0x08001ad0   0x08001ad0   0x00000274   Code   RO         1890    i.DMA_SetConfig     stm32h7xx_hal_dma.o
    0x08001d44   0x08001d44   0x00000002   Code   RO          553    i.DebugMon_Handler  stm32h7xx_it.o
    0x08001d46   0x08001d46   0x00000006   Code   RO          312    i.Error_Handler     main.o
    0x08001d4c   0x08001d4c   0x00000164   Code   RO          942    i.HAL_ADCEx_MultiModeConfigChannel  stm32h7xx_hal_adc_ex.o
    0x08001eb0   0x08001eb0   0x00000114   Code   RO          944    i.HAL_ADCEx_MultiModeStart_DMA  stm32h7xx_hal_adc_ex.o
    0x08001fc4   0x08001fc4   0x00000544   Code   RO          668    i.HAL_ADC_ConfigChannel  stm32h7xx_hal_adc.o
    0x08002508   0x08002508   0x00000018   Code   RO          313    i.HAL_ADC_ConvCpltCallback  main.o
    0x08002520   0x08002520   0x00000002   Code   RO          670    i.HAL_ADC_ConvHalfCpltCallback  stm32h7xx_hal_adc.o
    0x08002522   0x08002522   0x00000002   Code   RO          672    i.HAL_ADC_ErrorCallback  stm32h7xx_hal_adc.o
    0x08002524   0x08002524   0x0000028c   Code   RO          677    i.HAL_ADC_Init      stm32h7xx_hal_adc.o
    0x080027b0   0x080027b0   0x00000144   Code   RO          437    i.HAL_ADC_MspInit   adc.o
    0x080028f4   0x080028f4   0x000004dc   Code   RO         1891    i.HAL_DMA_Abort     stm32h7xx_hal_dma.o
    0x08002dd0   0x08002dd0   0x00000398   Code   RO         1892    i.HAL_DMA_Abort_IT  stm32h7xx_hal_dma.o
    0x08003168   0x08003168   0x00000af8   Code   RO         1896    i.HAL_DMA_IRQHandler  stm32h7xx_hal_dma.o
    0x08003c60   0x08003c60   0x00000520   Code   RO         1897    i.HAL_DMA_Init      stm32h7xx_hal_dma.o
    0x08004180   0x08004180   0x000003e0   Code   RO         1901    i.HAL_DMA_Start_IT  stm32h7xx_hal_dma.o
    0x08004560   0x08004560   0x00000028   Code   RO         2746    i.HAL_Delay         stm32h7xx_hal.o
    0x08004588   0x08004588   0x00000208   Code   RO         1739    i.HAL_GPIO_Init     stm32h7xx_hal_gpio.o
    0x08004790   0x08004790   0x0000000c   Code   RO         1743    i.HAL_GPIO_WritePin  stm32h7xx_hal_gpio.o
    0x0800479c   0x0800479c   0x0000000c   Code   RO         2757    i.HAL_GetREVID      stm32h7xx_hal.o
    0x080047a8   0x080047a8   0x0000000c   Code   RO         2758    i.HAL_GetTick       stm32h7xx_hal.o
    0x080047b4   0x080047b4   0x00000018   Code   RO         2764    i.HAL_IncTick       stm32h7xx_hal.o
    0x080047cc   0x080047cc   0x00000060   Code   RO         2765    i.HAL_Init          stm32h7xx_hal.o
    0x0800482c   0x0800482c   0x00000058   Code   RO         2766    i.HAL_InitTick      stm32h7xx_hal.o
    0x08004884   0x08004884   0x00000050   Code   RO          636    i.HAL_MspInit       stm32h7xx_hal_msp.o
    0x080048d4   0x080048d4   0x00000028   Code   RO         2599    i.HAL_NVIC_EnableIRQ  stm32h7xx_hal_cortex.o
    0x080048fc   0x080048fc   0x0000007a   Code   RO         2605    i.HAL_NVIC_SetPriority  stm32h7xx_hal_cortex.o
    0x08004976   0x08004976   0x00000002   PAD
    0x08004978   0x08004978   0x00000028   Code   RO         2606    i.HAL_NVIC_SetPriorityGrouping  stm32h7xx_hal_cortex.o
    0x080049a0   0x080049a0   0x00000060   Code   RO         2340    i.HAL_PWREx_ConfigSupply  stm32h7xx_hal_pwr_ex.o
    0x08004a00   0x08004a00   0x00000024   Code   RO         1302    i.HAL_RCCEx_GetD3PCLK1Freq  stm32h7xx_hal_rcc_ex.o
    0x08004a24   0x08004a24   0x00000230   Code   RO         1303    i.HAL_RCCEx_GetPLL1ClockFreq  stm32h7xx_hal_rcc_ex.o
    0x08004c54   0x08004c54   0x00000230   Code   RO         1304    i.HAL_RCCEx_GetPLL2ClockFreq  stm32h7xx_hal_rcc_ex.o
    0x08004e84   0x08004e84   0x00000230   Code   RO         1305    i.HAL_RCCEx_GetPLL3ClockFreq  stm32h7xx_hal_rcc_ex.o
    0x080050b4   0x080050b4   0x00000754   Code   RO         1307    i.HAL_RCCEx_GetPeriphCLKFreq  stm32h7xx_hal_rcc_ex.o
    0x08005808   0x08005808   0x00000b64   Code   RO         1311    i.HAL_RCCEx_PeriphCLKConfig  stm32h7xx_hal_rcc_ex.o
    0x0800636c   0x0800636c   0x00000320   Code   RO         1187    i.HAL_RCC_ClockConfig  stm32h7xx_hal_rcc.o
    0x0800668c   0x0800668c   0x0000004c   Code   RO         1192    i.HAL_RCC_GetHCLKFreq  stm32h7xx_hal_rcc.o
    0x080066d8   0x080066d8   0x00000024   Code   RO         1194    i.HAL_RCC_GetPCLK1Freq  stm32h7xx_hal_rcc.o
    0x080066fc   0x080066fc   0x00000024   Code   RO         1195    i.HAL_RCC_GetPCLK2Freq  stm32h7xx_hal_rcc.o
    0x08006720   0x08006720   0x0000022c   Code   RO         1196    i.HAL_RCC_GetSysClockFreq  stm32h7xx_hal_rcc.o
    0x0800694c   0x0800694c   0x000007e4   Code   RO         1199    i.HAL_RCC_OscConfig  stm32h7xx_hal_rcc.o
    0x08007130   0x08007130   0x00000014   Code   RO         2776    i.HAL_SYSCFG_DisableVREFBUF  stm32h7xx_hal.o
    0x08007144   0x08007144   0x00000014   Code   RO         2781    i.HAL_SYSCFG_VREFBUF_HighImpedanceConfig  stm32h7xx_hal.o
    0x08007158   0x08007158   0x00000034   Code   RO         2610    i.HAL_SYSTICK_Config  stm32h7xx_hal_cortex.o
    0x0800718c   0x0800718c   0x0000004e   Code   RO         4100    i.HAL_UARTEx_DisableFifoMode  stm32h7xx_hal_uart_ex.o
    0x080071da   0x080071da   0x00000002   Code   RO         3684    i.HAL_UARTEx_RxEventCallback  stm32h7xx_hal_uart.o
    0x080071dc   0x080071dc   0x00000002   Code   RO         4107    i.HAL_UARTEx_RxFifoFullCallback  stm32h7xx_hal_uart_ex.o
    0x080071de   0x080071de   0x0000005e   Code   RO         4108    i.HAL_UARTEx_SetRxFifoThreshold  stm32h7xx_hal_uart_ex.o
    0x0800723c   0x0800723c   0x0000005e   Code   RO         4109    i.HAL_UARTEx_SetTxFifoThreshold  stm32h7xx_hal_uart_ex.o
    0x0800729a   0x0800729a   0x00000002   Code   RO         4111    i.HAL_UARTEx_TxFifoEmptyCallback  stm32h7xx_hal_uart_ex.o
    0x0800729c   0x0800729c   0x00000002   Code   RO         4112    i.HAL_UARTEx_WakeupCallback  stm32h7xx_hal_uart_ex.o
    0x0800729e   0x0800729e   0x00000002   Code   RO         3700    i.HAL_UART_ErrorCallback  stm32h7xx_hal_uart.o
    0x080072a0   0x080072a0   0x00000010   Code   RO         3702    i.HAL_UART_GetState  stm32h7xx_hal_uart.o
    0x080072b0   0x080072b0   0x000003d4   Code   RO         3703    i.HAL_UART_IRQHandler  stm32h7xx_hal_uart.o
    0x08007684   0x08007684   0x00000078   Code   RO         3704    i.HAL_UART_Init     stm32h7xx_hal_uart.o
    0x080076fc   0x080076fc   0x000000ac   Code   RO          510    i.HAL_UART_MspInit  usart.o
    0x080077a8   0x080077a8   0x0000012c   Code   RO         3707    i.HAL_UART_Receive  stm32h7xx_hal_uart.o
    0x080078d4   0x080078d4   0x00000064   Code   RO         3709    i.HAL_UART_Receive_IT  stm32h7xx_hal_uart.o
    0x08007938   0x08007938   0x000001f0   Code   RO          236    i.HAL_UART_RxCpltCallback  debug.o
    0x08007b28   0x08007b28   0x000000d6   Code   RO         3713    i.HAL_UART_Transmit  stm32h7xx_hal_uart.o
    0x08007bfe   0x08007bfe   0x00000002   Code   RO         3716    i.HAL_UART_TxCpltCallback  stm32h7xx_hal_uart.o
    0x08007c00   0x08007c00   0x00000004   Code   RO          554    i.HardFault_Handler  stm32h7xx_it.o
    0x08007c04   0x08007c04   0x00000034   Code   RO           17    i.IO_Update         ad9959.o
    0x08007c38   0x08007c38   0x00000068   Code   RO           18    i.Init_AD9958       ad9959.o
    0x08007ca0   0x08007ca0   0x00000034   Code   RO           19    i.IntReset          ad9959.o
    0x08007cd4   0x08007cd4   0x0000003c   Code   RO           20    i.Intserve          ad9959.o
    0x08007d10   0x08007d10   0x00000010   Code   RO          689    i.LL_ADC_Enable     stm32h7xx_hal_adc.o
    0x08007d20   0x08007d20   0x0000000a   Code   RO          691    i.LL_ADC_GetMultimode  stm32h7xx_hal_adc.o
    0x08007d2a   0x08007d2a   0x0000000a   Code   RO          692    i.LL_ADC_INJ_IsConversionOngoing  stm32h7xx_hal_adc.o
    0x08007d34   0x08007d34   0x0000000a   Code   RO          693    i.LL_ADC_IsDisableOngoing  stm32h7xx_hal_adc.o
    0x08007d3e   0x08007d3e   0x0000000a   Code   RO          694    i.LL_ADC_IsEnabled  stm32h7xx_hal_adc.o
    0x08007d48   0x08007d48   0x0000000a   Code   RO          955    i.LL_ADC_IsEnabled  stm32h7xx_hal_adc_ex.o
    0x08007d52   0x08007d52   0x0000000a   Code   RO          695    i.LL_ADC_IsInternalRegulatorEnabled  stm32h7xx_hal_adc.o
    0x08007d5c   0x08007d5c   0x0000000a   Code   RO          696    i.LL_ADC_REG_IsConversionOngoing  stm32h7xx_hal_adc.o
    0x08007d66   0x08007d66   0x0000000a   Code   RO          956    i.LL_ADC_REG_IsConversionOngoing  stm32h7xx_hal_adc_ex.o
    0x08007d70   0x08007d70   0x00000012   Code   RO          697    i.LL_ADC_REG_IsTriggerSourceSWStart  stm32h7xx_hal_adc.o
    0x08007d82   0x08007d82   0x00000002   PAD
    0x08007d84   0x08007d84   0x00000010   Code   RO          957    i.LL_ADC_REG_StartConversion  stm32h7xx_hal_adc_ex.o
    0x08007d94   0x08007d94   0x00000028   Code   RO          700    i.LL_ADC_SetChannelSamplingTime  stm32h7xx_hal_adc.o
    0x08007dbc   0x08007dbc   0x0000000c   Code   RO          701    i.LL_ADC_SetCommonPathInternalCh  stm32h7xx_hal_adc.o
    0x08007dc8   0x08007dc8   0x000000b0   Code   RO          438    i.MX_ADC1_Init      adc.o
    0x08007e78   0x08007e78   0x00000088   Code   RO          439    i.MX_ADC2_Init      adc.o
    0x08007f00   0x08007f00   0x00000034   Code   RO          485    i.MX_DMA_Init       dma.o
    0x08007f34   0x08007f34   0x00000058   Code   RO          412    i.MX_GPIO_Init      gpio.o
    0x08007f8c   0x08007f8c   0x0000006c   Code   RO          511    i.MX_UART4_Init     usart.o
    0x08007ff8   0x08007ff8   0x00000004   Code   RO          555    i.MemManage_Handler  stm32h7xx_it.o
    0x08007ffc   0x08007ffc   0x00000004   Code   RO          556    i.NMI_Handler       stm32h7xx_it.o
    0x08008000   0x08008000   0x00000002   Code   RO          557    i.PendSV_Handler    stm32h7xx_it.o
    0x08008002   0x08008002   0x00000042   Code   RO          314    i.PeriphCommonClock_Config  main.o
    0x08008044   0x08008044   0x00000164   Code   RO         1314    i.RCCEx_PLL2_Config  stm32h7xx_hal_rcc_ex.o
    0x080081a8   0x080081a8   0x00000164   Code   RO         1315    i.RCCEx_PLL3_Config  stm32h7xx_hal_rcc_ex.o
    0x0800830c   0x0800830c   0x00000002   Code   RO          558    i.SVC_Handler       stm32h7xx_it.o
    0x0800830e   0x0800830e   0x00000008   Code   RO          559    i.SysTick_Handler   stm32h7xx_it.o
    0x08008316   0x08008316   0x00000002   PAD
    0x08008318   0x08008318   0x000000e0   Code   RO          315    i.SystemClock_Config  main.o
    0x080083f8   0x080083f8   0x00000104   Code   RO         4218    i.SystemInit        system_stm32h7xx.o
    0x080084fc   0x080084fc   0x0000005c   Code   RO          237    i.UART4_IRQHandler  debug.o
    0x08008558   0x08008558   0x00000058   Code   RO         4113    i.UARTEx_SetNbDataToProcess  stm32h7xx_hal_uart_ex.o
    0x080085b0   0x080085b0   0x000000f8   Code   RO         3718    i.UART_AdvFeatureConfig  stm32h7xx_hal_uart.o
    0x080086a8   0x080086a8   0x00000076   Code   RO         3719    i.UART_CheckIdleState  stm32h7xx_hal_uart.o
    0x0800871e   0x0800871e   0x00000018   Code   RO         3720    i.UART_DMAAbortOnError  stm32h7xx_hal_uart.o
    0x08008736   0x08008736   0x00000002   PAD
    0x08008738   0x08008738   0x0000003c   Code   RO         3730    i.UART_EndRxTransfer  stm32h7xx_hal_uart.o
    0x08008774   0x08008774   0x00000022   Code   RO         3731    i.UART_EndTransmit_IT  stm32h7xx_hal_uart.o
    0x08008796   0x08008796   0x00000092   Code   RO         3733    i.UART_RxISR_16BIT  stm32h7xx_hal_uart.o
    0x08008828   0x08008828   0x00000164   Code   RO         3734    i.UART_RxISR_16BIT_FIFOEN  stm32h7xx_hal_uart.o
    0x0800898c   0x0800898c   0x0000008e   Code   RO         3735    i.UART_RxISR_8BIT   stm32h7xx_hal_uart.o
    0x08008a1a   0x08008a1a   0x00000002   PAD
    0x08008a1c   0x08008a1c   0x00000164   Code   RO         3736    i.UART_RxISR_8BIT_FIFOEN  stm32h7xx_hal_uart.o
    0x08008b80   0x08008b80   0x0000058c   Code   RO         3737    i.UART_SetConfig    stm32h7xx_hal_uart.o
    0x0800910c   0x0800910c   0x00000110   Code   RO         3739    i.UART_Start_Receive_IT  stm32h7xx_hal_uart.o
    0x0800921c   0x0800921c   0x000000be   Code   RO         3744    i.UART_WaitOnFlagUntilTimeout  stm32h7xx_hal_uart.o
    0x080092da   0x080092da   0x00000004   Code   RO          560    i.UsageFault_Handler  stm32h7xx_it.o
    0x080092de   0x080092de   0x00000002   PAD
    0x080092e0   0x080092e0   0x000000f0   Code   RO           21    i.WriteData_AD9959  ad9959.o
    0x080093d0   0x080093d0   0x0000005c   Code   RO           22    i.Write_Amplitude   ad9959.o
    0x0800942c   0x0800942c   0x00000078   Code   RO           23    i.Write_Phase       ad9959.o
    0x080094a4   0x080094a4   0x00000020   Code   RO         4557    i.__0printf         mc_w.l(printfa.o)
    0x080094c4   0x080094c4   0x00000030   Code   RO         4624    i.__ARM_fpclassify  m_wv.l(fpclassify.o)
    0x080094f4   0x080094f4   0x00000010   Code   RO         2612    i.__NVIC_GetPriorityGrouping  stm32h7xx_hal_cortex.o
    0x08009504   0x08009504   0x00000028   Code   RO         2613    i.__NVIC_SetPriority  stm32h7xx_hal_cortex.o
    0x0800952c   0x0800952c   0x00000008   Code   RO         4691    i.__aeabi_errno_addr  mc_w.l(errno.o)
    0x08009534   0x08009534   0x00000004   PAD
    0x08009538   0x08009538   0x00000200   Code   RO         4587    i.__hardfp_atan     m_wv.l(atan.o)
    0x08009738   0x08009738   0x000001c8   Code   RO         4251    i.__hardfp_atan2    m_wv.l(atan2.o)
    0x08009900   0x08009900   0x000000b0   Code   RO         4263    i.__hardfp_cos      m_wv.l(cos.o)
    0x080099b0   0x080099b0   0x000008f8   Code   RO         4275    i.__hardfp_pow      m_wv.l(pow.o)
    0x0800a2a8   0x0800a2a8   0x000000b0   Code   RO         4289    i.__hardfp_sin      m_wv.l(sin.o)
    0x0800a358   0x0800a358   0x00000066   Code   RO         4301    i.__hardfp_sqrt     m_wv.l(sqrt.o)
    0x0800a3be   0x0800a3be   0x00000002   PAD
    0x0800a3c0   0x0800a3c0   0x00000310   Code   RO         4629    i.__ieee754_rem_pio2  m_wv.l(rred.o)
    0x0800a6d0   0x0800a6d0   0x000000e0   Code   RO         4601    i.__kernel_cos      m_wv.l(cos_i.o)
    0x0800a7b0   0x0800a7b0   0x00000070   Code   RO         4626    i.__kernel_poly     m_wv.l(poly.o)
    0x0800a820   0x0800a820   0x000000a8   Code   RO         4634    i.__kernel_sin      m_wv.l(sin_i.o)
    0x0800a8c8   0x0800a8c8   0x00000020   Code   RO         4604    i.__mathlib_dbl_divzero  m_wv.l(dunder.o)
    0x0800a8e8   0x0800a8e8   0x00000006   Code   RO         4605    i.__mathlib_dbl_infnan  m_wv.l(dunder.o)
    0x0800a8ee   0x0800a8ee   0x00000006   Code   RO         4606    i.__mathlib_dbl_infnan2  m_wv.l(dunder.o)
    0x0800a8f4   0x0800a8f4   0x00000004   PAD
    0x0800a8f8   0x0800a8f8   0x00000018   Code   RO         4607    i.__mathlib_dbl_invalid  m_wv.l(dunder.o)
    0x0800a910   0x0800a910   0x00000018   Code   RO         4608    i.__mathlib_dbl_overflow  m_wv.l(dunder.o)
    0x0800a928   0x0800a928   0x00000018   Code   RO         4610    i.__mathlib_dbl_underflow  m_wv.l(dunder.o)
    0x0800a940   0x0800a940   0x0000000e   Code   RO         4723    i.__scatterload_copy  mc_w.l(handlers.o)
    0x0800a94e   0x0800a94e   0x00000002   Code   RO         4724    i.__scatterload_null  mc_w.l(handlers.o)
    0x0800a950   0x0800a950   0x0000000e   Code   RO         4725    i.__scatterload_zeroinit  mc_w.l(handlers.o)
    0x0800a95e   0x0800a95e   0x00000002   PAD
    0x0800a960   0x0800a960   0x0000000c   Code   RO         4693    i.__set_errno       mc_w.l(errno.o)
    0x0800a96c   0x0800a96c   0x00000184   Code   RO         4564    i._fp_digits        mc_w.l(printfa.o)
    0x0800aaf0   0x0800aaf0   0x000006b4   Code   RO         4565    i._printf_core      mc_w.l(printfa.o)
    0x0800b1a4   0x0800b1a4   0x00000024   Code   RO         4566    i._printf_post_padding  mc_w.l(printfa.o)
    0x0800b1c8   0x0800b1c8   0x0000002e   Code   RO         4567    i._printf_pre_padding  mc_w.l(printfa.o)
    0x0800b1f6   0x0800b1f6   0x00000010   Code   RO         4589    i.atan              m_wv.l(atan.o)
    0x0800b206   0x0800b206   0x00000012   Code   RO           25    i.delay1            ad9959.o
    0x0800b218   0x0800b218   0x00000018   Code   RO         4620    i.fabs              m_wv.l(fabs.o)
    0x0800b230   0x0800b230   0x00000024   Code   RO          238    i.fputc             debug.o
    0x0800b254   0x0800b254   0x00000388   Code   RO          316    i.kfft              main.o
    0x0800b5dc   0x0800b5dc   0x00000088   Code   RO          317    i.main              main.o
    0x0800b664   0x0800b664   0x00000038   Code   RO          239    i.reply_er          debug.o
    0x0800b69c   0x0800b69c   0x0000006a   Code   RO         4303    i.sqrt              m_wv.l(sqrt.o)
    0x0800b706   0x0800b706   0x00000008   Data   RO         1903    .constdata          stm32h7xx_hal_dma.o
    0x0800b70e   0x0800b70e   0x00000018   Data   RO         3745    .constdata          stm32h7xx_hal_uart.o
    0x0800b726   0x0800b726   0x00000010   Data   RO         4115    .constdata          stm32h7xx_hal_uart_ex.o
    0x0800b736   0x0800b736   0x00000010   Data   RO         4219    .constdata          system_stm32h7xx.o
    0x0800b746   0x0800b746   0x00000002   PAD
    0x0800b748   0x0800b748   0x00000088   Data   RO         4278    .constdata          m_wv.l(pow.o)
    0x0800b7d0   0x0800b7d0   0x00000098   Data   RO         4590    .constdata          m_wv.l(atan.o)
    0x0800b868   0x0800b868   0x00000030   Data   RO         4602    .constdata          m_wv.l(cos_i.o)
    0x0800b898   0x0800b898   0x00000008   Data   RO         4628    .constdata          m_wv.l(qnan.o)
    0x0800b8a0   0x0800b8a0   0x000000c8   Data   RO         4631    .constdata          m_wv.l(rred.o)
    0x0800b968   0x0800b968   0x00000028   Data   RO         4635    .constdata          m_wv.l(sin_i.o)
    0x0800b990   0x0800b990   0x00000081   Data   RO         4664    .constdata          mc_w.l(ctype_o.o)
    0x0800ba11   0x0800ba11   0x00000003   PAD
    0x0800ba14   0x0800ba14   0x00000004   Data   RO         4665    .constdata          mc_w.l(ctype_o.o)
    0x0800ba18   0x0800ba18   0x00000020   Data   RO         4721    Region$$Table       anon$$obj.o


    Execution Region RW_IRAM1 (Exec base: 0x20000000, Load base: 0x0800ba38, Size: 0x00000000, Max: 0x00020000, ABSOLUTE)

    **** No section assigned to this execution region ****


    Execution Region RW_IRAM2 (Exec base: 0x24000000, Load base: 0x0800ba38, Size: 0x00025de8, Max: 0x00080000, ABSOLUTE)

    Exec Addr    Load Addr    Size         Type   Attr      Idx    E Section Name        Object

    0x24000000   0x0800ba38   0x0000001b   Data   RW           27    .data               ad9959.o
    0x2400001b   0x0800ba53   0x00000001   PAD
    0x2400001c   0x0800ba54   0x00000015   Data   RW          241    .data               debug.o
    0x24000031   0x0800ba69   0x00000003   PAD
    0x24000034   0x0800ba6c   0x00000008   Data   RW          319    .data               main.o
    0x2400003c   0x0800ba74   0x00000004   Data   RW          441    .data               adc.o
    0x24000040   0x0800ba78   0x00000009   Data   RW         2787    .data               stm32h7xx_hal.o
    0x24000049   0x0800ba81   0x00000003   PAD
    0x2400004c   0x0800ba84   0x00000008   Data   RW         4220    .data               system_stm32h7xx.o
    0x24000054   0x0800ba8c   0x00000004   Data   RW         4656    .data               mc_w.l(stdout.o)
    0x24000058   0x0800ba90   0x00000004   Data   RW         4694    .data               mc_w.l(errno.o)
    0x2400005c        -       0x00000bb8   Zero   RW          240    .bss                debug.o
    0x24000c14        -       0x00005000   Zero   RW          318    .bss                main.o
    0x24005c14        -       0x00000140   Zero   RW          440    .bss                adc.o
    0x24005d54        -       0x00000090   Zero   RW          512    .bss                usart.o
    0x24005de4   0x0800ba94   0x00000004   PAD
    0x24005de8        -       0x00020000   Zero   RW            1    STACK               startup_stm32h750xx.o


==============================================================================

Image component sizes


      Code (inc. data)   RO Data    RW Data    ZI Data      Debug   Object Name

       966         94          0         27          0    1268544   ad9959.o
       636         62          0          4        320       2760   adc.o
       680        144          0         21       3000       5129   debug.o
        52          4          0          0          0        850   dma.o
        88          4          0          0          0        931   gpio.o
      3808        208          0          8      20480       8628   main.o
        36          8        664          0     131072        820   startup_stm32h750xx.o
       312         62          0          9          0      24389   stm32h7xx_hal.o
      3044        196          0          0          0      75837   stm32h7xx_hal_adc.o
       668         52          0          0          0      64114   stm32h7xx_hal_adc_ex.o
       310         22          0          0          0      39959   stm32h7xx_hal_cortex.o
      8662        166          8          0          0      13162   stm32h7xx_hal_dma.o
       532         52          0          0          0       2424   stm32h7xx_hal_gpio.o
        80          4          0          0          0        954   stm32h7xx_hal_msp.o
        96          6          0          0          0        757   stm32h7xx_hal_pwr_ex.o
      3524        108          0          0          0       6836   stm32h7xx_hal_rcc.o
      7220        180          0          0          0      10555   stm32h7xx_hal_rcc_ex.o
      5102        182         24          0          0      37453   stm32h7xx_hal_uart.o
       360         10         16          0          0       5426   stm32h7xx_hal_uart_ex.o
        50          6          0          0          0       4576   stm32h7xx_it.o
       260         40         16          8          0       1414   system_stm32h7xx.o
       280         24          0          0        144       1840   usart.o

    ----------------------------------------------------------------------
     36784       1634        762         84     155020    1577358   Object Totals
         0          0         32          0          0          0   (incl. Generated)
        18          0          2          7          4          0   (incl. Padding)

    ----------------------------------------------------------------------

      Code (inc. data)   RO Data    RW Data    ZI Data      Debug   Library Member Name

       528        110        152          0          0        348   atan.o
       456         64          0          0          0        188   atan2.o
       176         18          0          0          0        156   cos.o
       224         42         48          0          0        184   cos_i.o
       116         60          0          0          0        696   dunder.o
        24          0          0          0          0        124   fabs.o
        48          0          0          0          0        124   fpclassify.o
       112          0          0          0          0        116   poly.o
      2296        304        136          0          0        320   pow.o
         0          0          8          0          0          0   qnan.o
       784        138        200          0          0        172   rred.o
       176         18          0          0          0        160   sin.o
       168         24         40          0          0        196   sin_i.o
       208          0          0          0          0        280   sqrt.o
        28          0          0          0          0         68   _chval.o
       158          0          0          0          0         92   _strtoul.o
         8          4        133          0          0         68   ctype_o.o
         0          0          0          0          0          0   entry.o
         0          0          0          0          0          0   entry10a.o
         0          0          0          0          0          0   entry11a.o
         4          0          0          0          0          0   entry12b.o
         8          4          0          0          0          0   entry2.o
         4          0          0          0          0          0   entry5.o
         0          0          0          0          0          0   entry7b.o
         0          0          0          0          0          0   entry8b.o
         8          4          0          0          0          0   entry9a.o
        20         10          0          4          0        136   errno.o
        30          0          0          0          0          0   handlers.o
        36          8          0          0          0         68   init.o
         0          0          0          0          0          0   iusefp.o
        30          0          0          0          0         68   llshl.o
        36          0          0          0          0         68   llsshr.o
        32          0          0          0          0         68   llushr.o
        26          0          0          0          0         80   memcmp.o
        36          0          0          0          0        108   memseta.o
      2218         90          0          0          0        464   printfa.o
         0          0          0          4          0          0   stdout.o
        28          0          0          0          0         76   strcmp.o
       112          0          0          0          0         88   strtol.o
        44          0          0          0          0         80   uidiv.o
        98          0          0          0          0         92   uldiv.o
        48          0          0          0          0         68   cdrcmple.o
       334          0          0          0          0        148   dadd.o
       222          0          0          0          0        100   ddiv.o
       186          0          0          0          0        176   depilogue.o
        48          0          0          0          0         68   dfixul.o
       228          0          0          0          0         96   dmul.o
        46          0          0          0          0         80   dscalb.o

    ----------------------------------------------------------------------
      9406        902        720          8          0       5424   Library Totals
        14          4          3          0          0          0   (incl. Padding)

    ----------------------------------------------------------------------

      Code (inc. data)   RO Data    RW Data    ZI Data      Debug   Library Name

      5316        778        584          0          0       3064   m_wv.l
      2964        120        133          8          0       1624   mc_w.l
      1112          0          0          0          0        736   mf_w.l

    ----------------------------------------------------------------------
      9406        902        720          8          0       5424   Library Totals

    ----------------------------------------------------------------------

==============================================================================


      Code (inc. data)   RO Data    RW Data    ZI Data      Debug   

     46190       2536       1482         92     155020    1566942   Grand Totals
     46190       2536       1482         92     155020    1566942   ELF Image Totals
     46190       2536       1482         92          0          0   ROM Totals

==============================================================================

    Total RO  Size (Code + RO Data)                47672 (  46.55kB)
    Total RW  Size (RW Data + ZI Data)            155112 ( 151.48kB)
    Total ROM Size (Code + RO Data + RW Data)      47764 (  46.64kB)

==============================================================================

