Component: ARM Compiler 5.06 update 7 (build 960) Tool: armlink [4d3601]

==============================================================================

Section Cross References

    startup_stm32h750xx.o(RESET) refers to startup_stm32h750xx.o(STACK) for __initial_sp
    startup_stm32h750xx.o(RESET) refers to startup_stm32h750xx.o(.text) for Reset_Handler
    startup_stm32h750xx.o(RESET) refers to stm32h7xx_it.o(i.NMI_Handler) for NMI_Handler
    startup_stm32h750xx.o(RESET) refers to stm32h7xx_it.o(i.HardFault_Handler) for HardFault_Handler
    startup_stm32h750xx.o(RESET) refers to stm32h7xx_it.o(i.MemManage_Handler) for MemManage_Handler
    startup_stm32h750xx.o(RESET) refers to stm32h7xx_it.o(i.BusFault_Handler) for BusFault_Handler
    startup_stm32h750xx.o(RESET) refers to stm32h7xx_it.o(i.UsageFault_Handler) for UsageFault_Handler
    startup_stm32h750xx.o(RESET) refers to stm32h7xx_it.o(i.SVC_Handler) for SVC_Handler
    startup_stm32h750xx.o(RESET) refers to stm32h7xx_it.o(i.DebugMon_Handler) for DebugMon_Handler
    startup_stm32h750xx.o(RESET) refers to stm32h7xx_it.o(i.PendSV_Handler) for PendSV_Handler
    startup_stm32h750xx.o(RESET) refers to stm32h7xx_it.o(i.SysTick_Handler) for SysTick_Handler
    startup_stm32h750xx.o(RESET) refers to stm32h7xx_it.o(i.EXTI3_IRQHandler) for EXTI3_IRQHandler
    startup_stm32h750xx.o(RESET) refers to stm32h7xx_it.o(i.DMA1_Stream0_IRQHandler) for DMA1_Stream0_IRQHandler
    startup_stm32h750xx.o(RESET) refers to stm32h7xx_it.o(i.DMA1_Stream1_IRQHandler) for DMA1_Stream1_IRQHandler
    startup_stm32h750xx.o(RESET) refers to stm32h7xx_it.o(i.EXTI15_10_IRQHandler) for EXTI15_10_IRQHandler
    startup_stm32h750xx.o(RESET) refers to debug.o(i.UART4_IRQHandler) for UART4_IRQHandler
    startup_stm32h750xx.o(RESET) refers to stm32h7xx_it.o(i.LPTIM1_IRQHandler) for LPTIM1_IRQHandler
    startup_stm32h750xx.o(RESET) refers to stm32h7xx_it.o(i.LPTIM2_IRQHandler) for LPTIM2_IRQHandler
    startup_stm32h750xx.o(.text) refers to system_stm32h7xx.o(i.SystemInit) for SystemInit
    startup_stm32h750xx.o(.text) refers to entry.o(.ARM.Collect$$$$00000000) for __main
    ad9958.o(i.AD9958_SetAmp2Channel) refers to ad9958.o(i.Write_Amplitude) for Write_Amplitude
    ad9958.o(i.AD9958_SetFrequency2Channel) refers to ad9958.o(i.Write_frequence) for Write_frequence
    ad9958.o(i.AD9958_SetPhase2Channel) refers to ad9958.o(i.Write_Phase) for Write_Phase
    ad9958.o(i.AD9958_Set_Freq) refers to ad9958.o(i.AD9958_SetFrequency2Channel) for AD9958_SetFrequency2Channel
    ad9958.o(i.IO_Update) refers to stm32h7xx_hal_gpio.o(i.HAL_GPIO_WritePin) for HAL_GPIO_WritePin
    ad9958.o(i.IO_Update) refers to ad9958.o(i.delay1) for delay1
    ad9958.o(i.Init_AD9958) refers to stm32h7xx_hal_gpio.o(i.HAL_GPIO_Init) for HAL_GPIO_Init
    ad9958.o(i.Init_AD9958) refers to ad9958.o(i.Intserve) for Intserve
    ad9958.o(i.Init_AD9958) refers to ad9958.o(i.IntReset) for IntReset
    ad9958.o(i.Init_AD9958) refers to ad9958.o(i.WriteData_AD9958) for WriteData_AD9958
    ad9958.o(i.Init_AD9958) refers to ad9958.o(.data) for FR1_DATA
    ad9958.o(i.IntReset) refers to stm32h7xx_hal_gpio.o(i.HAL_GPIO_WritePin) for HAL_GPIO_WritePin
    ad9958.o(i.IntReset) refers to ad9958.o(i.delay1) for delay1
    ad9958.o(i.Intserve) refers to stm32h7xx_hal_gpio.o(i.HAL_GPIO_WritePin) for HAL_GPIO_WritePin
    ad9958.o(i.WriteData_AD9958) refers to stm32h7xx_hal_gpio.o(i.HAL_GPIO_WritePin) for HAL_GPIO_WritePin
    ad9958.o(i.WriteData_AD9958) refers to ad9958.o(i.IO_Update) for IO_Update
    ad9958.o(i.Write_Amplitude) refers to ad9958.o(i.WriteData_AD9958) for WriteData_AD9958
    ad9958.o(i.Write_Amplitude) refers to ad9958.o(.data) for CSR_DATA2
    ad9958.o(i.Write_Phase) refers to ad9958.o(i.WriteData_AD9958) for WriteData_AD9958
    ad9958.o(i.Write_Phase) refers to ad9958.o(.data) for CPOW0_DATA
    ad9958.o(i.Write_frequence) refers to ad9958.o(i.WriteData_AD9958) for WriteData_AD9958
    ad9958.o(i.Write_frequence) refers to main.o(.data) for offset
    ad9958.o(i.Write_frequence) refers to ad9958.o(.data) for CSR_DATA2
    ad9958.o(i.mode1) refers to ad9958.o(i.AD9958_Set_Freq) for AD9958_Set_Freq
    debug.o(i.UART4_IRQHandler) refers to stm32h7xx_hal_uart.o(i.HAL_UART_IRQHandler) for HAL_UART_IRQHandler
    debug.o(i.UART4_IRQHandler) refers to debug.o(i.reply_er) for reply_er
    debug.o(i.UART4_IRQHandler) refers to stm32h7xx_hal_uart.o(i.HAL_UART_GetState) for HAL_UART_GetState
    debug.o(i.UART4_IRQHandler) refers to stm32h7xx_hal_uart.o(i.HAL_UART_Receive_IT) for HAL_UART_Receive_IT
    debug.o(i.UART4_IRQHandler) refers to debug.o(.data) for huart_debug
    debug.o(i.fputc) refers to stm32h7xx_hal_uart.o(i.HAL_UART_Transmit) for HAL_UART_Transmit
    debug.o(i.fputc) refers to debug.o(.data) for s_usart_tmp
    debug.o(i.reply_er) refers to stm32h7xx_hal_uart.o(i.HAL_UART_Transmit) for HAL_UART_Transmit
    debug.o(i.reply_er) refers to debug.o(.data) for device_er
[...]
    i.TIM_OC2_SetConfig                      0x08008e74   Section        0  stm32h7xx_hal_tim.o(i.TIM_OC2_SetConfig)
    i.TIM_OC3_SetConfig                      0x08008f28   Section        0  stm32h7xx_hal_tim.o(i.TIM_OC3_SetConfig)
    TIM_OC3_SetConfig                        0x08008f29   Thumb Code   154  stm32h7xx_hal_tim.o(i.TIM_OC3_SetConfig)
    i.TIM_OC4_SetConfig                      0x08008fd8   Section        0  stm32h7xx_hal_tim.o(i.TIM_OC4_SetConfig)
    TIM_OC4_SetConfig                        0x08008fd9   Thumb Code    92  stm32h7xx_hal_tim.o(i.TIM_OC4_SetConfig)
    i.TIM_OC5_SetConfig                      0x08009048   Section        0  stm32h7xx_hal_tim.o(i.TIM_OC5_SetConfig)
    TIM_OC5_SetConfig                        0x08009049   Thumb Code    86  stm32h7xx_hal_tim.o(i.TIM_OC5_SetConfig)
    i.TIM_OC6_SetConfig                      0x080090b4   Section        0  stm32h7xx_hal_tim.o(i.TIM_OC6_SetConfig)
    TIM_OC6_SetConfig                        0x080090b5   Thumb Code    88  stm32h7xx_hal_tim.o(i.TIM_OC6_SetConfig)
    i.TIM_TI1_ConfigInputStage               0x08009120   Section        0  stm32h7xx_hal_tim.o(i.TIM_TI1_ConfigInputStage)
    TIM_TI1_ConfigInputStage                 0x08009121   Thumb Code    38  stm32h7xx_hal_tim.o(i.TIM_TI1_ConfigInputStage)
    i.TIM_TI2_ConfigInputStage               0x08009146   Section        0  stm32h7xx_hal_tim.o(i.TIM_TI2_ConfigInputStage)
    TIM_TI2_ConfigInputStage                 0x08009147   Thumb Code    40  stm32h7xx_hal_tim.o(i.TIM_TI2_ConfigInputStage)
    i.UART4_IRQHandler                       0x08009170   Section        0  debug.o(i.UART4_IRQHandler)
    i.UARTEx_SetNbDataToProcess              0x080091cc   Section        0  stm32h7xx_hal_uart_ex.o(i.UARTEx_SetNbDataToProcess)
    UARTEx_SetNbDataToProcess                0x080091cd   Thumb Code    78  stm32h7xx_hal_uart_ex.o(i.UARTEx_SetNbDataToProcess)
    i.UART_AdvFeatureConfig                  0x08009224   Section        0  stm32h7xx_hal_uart.o(i.UART_AdvFeatureConfig)
    i.UART_CheckIdleState                    0x0800931c   Section        0  stm32h7xx_hal_uart.o(i.UART_CheckIdleState)
    i.UART_DMAAbortOnError                   0x08009392   Section        0  stm32h7xx_hal_uart.o(i.UART_DMAAbortOnError)
    UART_DMAAbortOnError                     0x08009393   Thumb Code    24  stm32h7xx_hal_uart.o(i.UART_DMAAbortOnError)
    i.UART_EndRxTransfer                     0x080093ac   Section        0  stm32h7xx_hal_uart.o(i.UART_EndRxTransfer)
    UART_EndRxTransfer                       0x080093ad   Thumb Code    56  stm32h7xx_hal_uart.o(i.UART_EndRxTransfer)
    i.UART_EndTransmit_IT                    0x080093e8   Section        0  stm32h7xx_hal_uart.o(i.UART_EndTransmit_IT)
    UART_EndTransmit_IT                      0x080093e9   Thumb Code    34  stm32h7xx_hal_uart.o(i.UART_EndTransmit_IT)
    i.UART_RxISR_16BIT                       0x0800940a   Section        0  stm32h7xx_hal_uart.o(i.UART_RxISR_16BIT)
    UART_RxISR_16BIT                         0x0800940b   Thumb Code   146  stm32h7xx_hal_uart.o(i.UART_RxISR_16BIT)
    i.UART_RxISR_16BIT_FIFOEN                0x0800949c   Section        0  stm32h7xx_hal_uart.o(i.UART_RxISR_16BIT_FIFOEN)
    UART_RxISR_16BIT_FIFOEN                  0x0800949d   Thumb Code   348  stm32h7xx_hal_uart.o(i.UART_RxISR_16BIT_FIFOEN)
    i.UART_RxISR_8BIT                        0x08009600   Section        0  stm32h7xx_hal_uart.o(i.UART_RxISR_8BIT)
    UART_RxISR_8BIT                          0x08009601   Thumb Code   142  stm32h7xx_hal_uart.o(i.UART_RxISR_8BIT)
    i.UART_RxISR_8BIT_FIFOEN                 0x08009690   Section        0  stm32h7xx_hal_uart.o(i.UART_RxISR_8BIT_FIFOEN)
    UART_RxISR_8BIT_FIFOEN                   0x08009691   Thumb Code   346  stm32h7xx_hal_uart.o(i.UART_RxISR_8BIT_FIFOEN)
    i.UART_SetConfig                         0x080097f4   Section        0  stm32h7xx_hal_uart.o(i.UART_SetConfig)
    i.UART_Start_Receive_IT                  0x08009d80   Section        0  stm32h7xx_hal_uart.o(i.UART_Start_Receive_IT)
    i.UART_WaitOnFlagUntilTimeout            0x08009e90   Section        0  stm32h7xx_hal_uart.o(i.UART_WaitOnFlagUntilTimeout)
    i.UsageFault_Handler                     0x08009f4e   Section        0  stm32h7xx_it.o(i.UsageFault_Handler)
    i.WriteData_AD9958                       0x08009f54   Section        0  ad9958.o(i.WriteData_AD9958)
    i.Write_Amplitude                        0x0800a044   Section        0  ad9958.o(i.Write_Amplitude)
    i.Write_Phase                            0x0800a0a0   Section        0  ad9958.o(i.Write_Phase)
    i.Write_frequence                        0x0800a118   Section        0  ad9958.o(i.Write_frequence)
    i.__0printf                              0x0800a1c8   Section        0  printfa.o(i.__0printf)
    i.__ARM_fpclassify                       0x0800a1e8   Section        0  fpclassify.o(i.__ARM_fpclassify)
    i.__NVIC_GetPriorityGrouping             0x0800a218   Section        0  stm32h7xx_hal_cortex.o(i.__NVIC_GetPriorityGrouping)
    __NVIC_GetPriorityGrouping               0x0800a219   Thumb Code    10  stm32h7xx_hal_cortex.o(i.__NVIC_GetPriorityGrouping)
    i.__NVIC_SetPriority                     0x0800a228   Section        0  stm32h7xx_hal_cortex.o(i.__NVIC_SetPriority)
    __NVIC_SetPriority                       0x0800a229   Thumb Code    32  stm32h7xx_hal_cortex.o(i.__NVIC_SetPriority)
    i.__hardfp_cos                           0x0800a250   Section        0  cos.o(i.__hardfp_cos)
    i.__hardfp_sin                           0x0800a300   Section        0  sin.o(i.__hardfp_sin)
    i.__hardfp_sqrt                          0x0800a3b0   Section        0  sqrt.o(i.__hardfp_sqrt)
    i.__ieee754_rem_pio2                     0x0800a418   Section        0  rred.o(i.__ieee754_rem_pio2)
    i.__kernel_cos                           0x0800a728   Section        0  cos_i.o(i.__kernel_cos)
    i.__kernel_poly                          0x0800a808   Section        0  poly.o(i.__kernel_poly)
    i.__kernel_sin                           0x0800a878   Section        0  sin_i.o(i.__kernel_sin)
    i.__mathlib_dbl_invalid                  0x0800a920   Section        0  dunder.o(i.__mathlib_dbl_invalid)
    i.__mathlib_dbl_underflow                0x0800a938   Section        0  dunder.o(i.__mathlib_dbl_underflow)
    i.__scatterload_copy                     0x0800a950   Section       14  handlers.o(i.__scatterload_copy)
    i.__scatterload_null                     0x0800a95e   Section        2  handlers.o(i.__scatterload_null)
    i.__scatterload_zeroinit                 0x0800a960   Section       14  handlers.o(i.__scatterload_zeroinit)
    i.__set_errno                            0x0800a970   Section        0  errno.o(i.__set_errno)
    i._fp_digits                             0x0800a97c   Section        0  printfa.o(i._fp_digits)
    _fp_digits                               0x0800a97d   Thumb Code   366  printfa.o(i._fp_digits)
    i._printf_core                           0x0800ab00   Section        0  printfa.o(i._printf_core)
    _printf_core                             0x0800ab01   Thumb Code  1704  printfa.o(i._printf_core)
    i._printf_post_padding                   0x0800b1b4   Section        0  printfa.o(i._printf_post_padding)
    _printf_post_padding                     0x0800b1b5   Thumb Code    36  printfa.o(i._printf_post_padding)
    i._printf_pre_padding                    0x0800b1d8   Section        0  printfa.o(i._printf_pre_padding)
    _printf_pre_padding                      0x0800b1d9   Thumb Code    46  printfa.o(i._printf_pre_padding)
    i.delay1                                 0x0800b206   Section        0  ad9958.o(i.delay1)
    i.fabs                                   0x0800b218   Section        0  fabs.o(i.fabs)
    i.fputc                                  0x0800b230   Section        0  debug.o(i.fputc)
    i.kfft                                   0x0800b254   Section        0  main.o(i.kfft)
    i.main                                   0x0800b5dc   Section        0  main.o(i.main)
    i.reply_er                               0x0800b770   Section        0  debug.o(i.reply_er)
    .constdata                               0x0800b7a8   Section        8  stm32h7xx_hal_dma.o(.constdata)
    flagBitshiftOffset                       0x0800b7a8   Data           8  stm32h7xx_hal_dma.o(.constdata)
    .constdata                               0x0800b7b0   Section       24  stm32h7xx_hal_uart.o(.constdata)
    .constdata                               0x0800b7c8   Section       16  stm32h7xx_hal_uart_ex.o(.constdata)
    numerator                                0x0800b7c8   Data           8  stm32h7xx_hal_uart_ex.o(.constdata)
    denominator                              0x0800b7d0   Data           8  stm32h7xx_hal_uart_ex.o(.constdata)
    .constdata                               0x0800b7d8   Section       16  system_stm32h7xx.o(.constdata)
    .constdata                               0x0800b7e8   Section       48  cos_i.o(.constdata)
    C                                        0x0800b7e8   Data          48  cos_i.o(.constdata)
    .constdata                               0x0800b818   Section      200  rred.o(.constdata)
    pio2s                                    0x0800b818   Data          48  rred.o(.constdata)
    twooverpi                                0x0800b848   Data         152  rred.o(.constdata)
    .constdata                               0x0800b8e0   Section       40  sin_i.o(.constdata)
    S                                        0x0800b8e0   Data          40  sin_i.o(.constdata)
    .data                                    0x24000000   Section       27  ad9958.o(.data)
    .data                                    0x2400001c   Section       21  debug.o(.data)
    device_er                                0x24000020   Data           2  debug.o(.data)
    s_usart_tmp                              0x24000030   Data           1  debug.o(.data)
    .data                                    0x24000034   Section       21  main.o(.data)
    .data                                    0x2400004c   Section        4  adc.o(.data)
    HAL_RCC_ADC12_CLK_ENABLED                0x2400004c   Data           4  adc.o(.data)
    .data                                    0x24000050   Section        9  stm32h7xx_hal.o(.data)
    .data                                    0x2400005c   Section        8  system_stm32h7xx.o(.data)
    .data                                    0x24000064   Section        4  stdout.o(.data)
    .data                                    0x24000068   Section        4  errno.o(.data)
    _errno                                   0x24000068   Data           4  errno.o(.data)
    .bss                                     0x2400006c   Section    24576  main.o(.bss)
    .bss                                     0x2400606c   Section      440  adc.o(.bss)
    .bss                                     0x24006224   Section      112  lptim.o(.bss)
    .bss                                     0x24006294   Section       76  tim.o(.bss)
    .bss                                     0x240062e0   Section      144  usart.o(.bss)
    STACK                                    0x24006370   Section    131072  startup_stm32h750xx.o(STACK)

    Global Symbols

    Symbol Name                              Value     Ov Type        Size  Object(Section)

    BuildAttributes$$THM_ISAv4$E$P$D$K$B$S$7EM$VFPv5_D16$PE$PLD8$A:L22UL41UL21$X:L11$S22US41US21$IEEE1$IW$USESV6$~STKCKD$USESV7$~SHL$OTIME$ROPI$IEEEX$EBA8$MICROLIB$REQ8$PRES8$EABIv2 0x00000000   Number         0  anon$$obj.o ABSOLUTE
    __ARM_use_no_argv                        0x00000000   Number         0  main.o ABSOLUTE
    _printf_a                                0x00000000   Number         0  stubs.o ABSOLUTE
    _printf_c                                0x00000000   Number         0  stubs.o ABSOLUTE
    _printf_charcount                        0x00000000   Number         0  stubs.o ABSOLUTE
    _printf_d                                0x00000000   Number         0  stubs.o ABSOLUTE
    _printf_e                                0x00000000   Number         0  stubs.o ABSOLUTE
    _printf_f                                0x00000000   Number         0  stubs.o ABSOLUTE
    _printf_flags                            0x00000000   Number         0  stubs.o ABSOLUTE
    _printf_fp_dec                           0x00000000   Number         0  stubs.o ABSOLUTE
    _printf_fp_hex                           0x00000000   Number         0  stubs.o ABSOLUTE
    _printf_g                                0x00000000   Number         0  stubs.o ABSOLUTE
    _printf_i                                0x00000000   Number         0  stubs.o ABSOLUTE
    _printf_int_dec                          0x00000000   Number         0  stubs.o ABSOLUTE
    _printf_l                                0x00000000   Number         0  stubs.o ABSOLUTE
    _printf_lc                               0x00000000   Number         0  stubs.o ABSOLUTE
    _printf_ll                               0x00000000   Number         0  stubs.o ABSOLUTE
    _printf_lld                              0x00000000   Number         0  stubs.o ABSOLUTE
    _printf_lli                              0x00000000   Number         0  stubs.o ABSOLUTE
    _printf_llo                              0x00000000   Number         0  stubs.o ABSOLUTE
    _printf_llu                              0x00000000   Number         0  stubs.o ABSOLUTE
    _printf_llx                              0x00000000   Number         0  stubs.o ABSOLUTE
    _printf_longlong_dec                     0x00000000   Number         0  stubs.o ABSOLUTE
    _printf_longlong_hex                     0x00000000   Number         0  stubs.o ABSOLUTE
    _printf_longlong_oct                     0x00000000   Number         0  stubs.o ABSOLUTE
    _printf_ls                               0x00000000   Number         0  stubs.o ABSOLUTE
    _printf_mbtowc                           0x00000000   Number         0  stubs.o ABSOLUTE
    _printf_n                                0x00000000   Number         0  stubs.o ABSOLUTE
    _printf_o                                0x00000000   Number         0  stubs.o ABSOLUTE
    _printf_p                                0x00000000   Number         0  stubs.o ABSOLUTE
    _printf_percent                          0x00000000   Number         0  stubs.o ABSOLUTE
    _printf_pre_padding                      0x00000000   Number         0  stubs.o ABSOLUTE
    _printf_return_value                     0x00000000   Number         0  stubs.o ABSOLUTE
    _printf_s                                0x00000000   Number         0  stubs.o ABSOLUTE
    _printf_sizespec                         0x00000000   Number         0  stubs.o ABSOLUTE
    _printf_str                              0x00000000   Number         0  stubs.o ABSOLUTE
    _printf_truncate_signed                  0x00000000   Number         0  stubs.o ABSOLUTE
    _printf_truncate_unsigned                0x00000000   Number         0  stubs.o ABSOLUTE
    _printf_u                                0x00000000   Number         0  stubs.o ABSOLUTE
    _printf_wc                               0x00000000   Number         0  stubs.o ABSOLUTE
    _printf_wctomb                           0x00000000   Number         0  stubs.o ABSOLUTE
    _printf_widthprec                        0x00000000   Number         0  stubs.o ABSOLUTE
    _printf_x                                0x00000000   Number         0  stubs.o ABSOLUTE
    __arm_fini_                               - Undefined Weak Reference
    __cpp_initialize__aeabi_                  - Undefined Weak Reference
    __cxa_finalize                            - Undefined Weak Reference
    __decompress                              - Undefined Weak Reference
    _clock_init                               - Undefined Weak Reference
    _microlib_exit                            - Undefined Weak Reference
    __Vectors_Size                           0x00000298   Number         0  startup_stm32h750xx.o ABSOLUTE
    __Vectors                                0x08000000   Data           4  startup_stm32h750xx.o(RESET)
    __Vectors_End                            0x08000298   Data           0  startup_stm32h750xx.o(RESET)
    __main                                   0x08000299   Thumb Code     0  entry.o(.ARM.Collect$$$$00000000)
    _main_stk                                0x08000299   Thumb Code     0  entry2.o(.ARM.Collect$$$$00000001)
    _main_scatterload                        0x0800029d   Thumb Code     0  entry5.o(.ARM.Collect$$$$00000004)
    __main_after_scatterload                 0x080002a1   Thumb Code     0  entry5.o(.ARM.Collect$$$$00000004)
    _main_clock                              0x080002a1   Thumb Code     0  entry7b.o(.ARM.Collect$$$$00000008)
    _main_cpp_init                           0x080002a1   Thumb Code     0  entry8b.o(.ARM.Collect$$$$0000000A)
    _main_init                               0x080002a1   Thumb Code     0  entry9a.o(.ARM.Collect$$$$0000000B)
    __rt_lib_shutdown_fini                   0x080002a9   Thumb Code     0  entry12b.o(.ARM.Collect$$$$0000000E)
    __rt_final_cpp                           0x080002ad   Thumb Code     0  entry10a.o(.ARM.Collect$$$$0000000F)
    __rt_final_exit                          0x080002ad   Thumb Code     0  entry11a.o(.ARM.Collect$$$$00000011)
    Reset_Handler                            0x080002b1   Thumb Code     8  startup_stm32h750xx.o(.text)
    ADC3_IRQHandler                          0x080002cb   Thumb Code     0  startup_stm32h750xx.o(.text)
    ADC_IRQHandler                           0x080002cb   Thumb Code     0  startup_stm32h750xx.o(.text)
    BDMA_Channel0_IRQHandler                 0x080002cb   Thumb Code     0  startup_stm32h750xx.o(.text)
    BDMA_Channel1_IRQHandler                 0x080002cb   Thumb Code     0  startup_stm32h750xx.o(.text)
    BDMA_Channel2_IRQHandler                 0x080002cb   Thumb Code     0  startup_stm32h750xx.o(.text)
    BDMA_Channel3_IRQHandler                 0x080002cb   Thumb Code     0  startup_stm32h750xx.o(.text)
    BDMA_Channel4_IRQHandler                 0x080002cb   Thumb Code     0  startup_stm32h750xx.o(.text)
    BDMA_Channel5_IRQHandler                 0x080002cb   Thumb Code     0  startup_stm32h750xx.o(.text)
    BDMA_Channel6_IRQHandler                 0x080002cb   Thumb Code     0  startup_stm32h750xx.o(.text)
    BDMA_Channel7_IRQHandler                 0x080002cb   Thumb Code     0  startup_stm32h750xx.o(.text)
    CEC_IRQHandler                           0x080002cb   Thumb Code     0  startup_stm32h750xx.o(.text)
    COMP1_IRQHandler                         0x080002cb   Thumb Code     0  startup_stm32h750xx.o(.text)
    CRS_IRQHandler                           0x080002cb   Thumb Code     0  startup_stm32h750xx.o(.text)
    CRYP_IRQHandler                          0x080002cb   Thumb Code     0  startup_stm32h750xx.o(.text)
    DCMI_IRQHandler                          0x080002cb   Thumb Code     0  startup_stm32h750xx.o(.text)
    DFSDM1_FLT0_IRQHandler                   0x080002cb   Thumb Code     0  startup_stm32h750xx.o(.text)
    DFSDM1_FLT1_IRQHandler                   0x080002cb   Thumb Code     0  startup_stm32h750xx.o(.text)
    DFSDM1_FLT2_IRQHandler                   0x080002cb   Thumb Code     0  startup_stm32h750xx.o(.text)
    DFSDM1_FLT3_IRQHandler                   0x080002cb   Thumb Code     0  startup_stm32h750xx.o(.text)
    DMA1_Stream2_IRQHandler                  0x080002cb   Thumb Code     0  startup_stm32h750xx.o(.text)
    DMA1_Stream3_IRQHandler                  0x080002cb   Thumb Code     0  startup_stm32h750xx.o(.text)
    DMA1_Stream4_IRQHandler                  0x080002cb   Thumb Code     0  startup_stm32h750xx.o(.text)
    DMA1_Stream5_IRQHandler                  0x080002cb   Thumb Code     0  startup_stm32h750xx.o(.text)
    DMA1_Stream6_IRQHandler                  0x080002cb   Thumb Code     0  startup_stm32h750xx.o(.text)
    DMA1_Stream7_IRQHandler                  0x080002cb   Thumb Code     0  startup_stm32h750xx.o(.text)
    DMA2D_IRQHandler                         0x080002cb   Thumb Code     0  startup_stm32h750xx.o(.text)
    DMA2_Stream0_IRQHandler                  0x080002cb   Thumb Code     0  startup_stm32h750xx.o(.text)
    DMA2_Stream1_IRQHandler                  0x080002cb   Thumb Code     0  startup_stm32h750xx.o(.text)
    DMA2_Stream2_IRQHandler                  0x080002cb   Thumb Code     0  startup_stm32h750xx.o(.text)
    DMA2_Stream3_IRQHandler                  0x080002cb   Thumb Code     0  startup_stm32h750xx.o(.text)
    DMA2_Stream4_IRQHandler                  0x080002cb   Thumb Code     0  startup_stm32h750xx.o(.text)
    DMA2_Stream5_IRQHandler                  0x080002cb   Thumb Code     0  startup_stm32h750xx.o(.text)
    DMA2_Stream6_IRQHandler                  0x080002cb   Thumb Code     0  startup_stm32h750xx.o(.text)
    DMA2_Stream7_IRQHandler                  0x080002cb   Thumb Code     0  startup_stm32h750xx.o(.text)
    DMAMUX1_OVR_IRQHandler                   0x080002cb   Thumb Code     0  startup_stm32h750xx.o(.text)
    DMAMUX2_OVR_IRQHandler                   0x080002cb   Thumb Code     0  startup_stm32h750xx.o(.text)
    ECC_IRQHandler                           0x080002cb   Thumb Code     0  startup_stm32h750xx.o(.text)
    ETH_IRQHandler                           0x080002cb   Thumb Code     0  startup_stm32h750xx.o(.text)
    ETH_WKUP_IRQHandler                      0x080002cb   Thumb Code     0  startup_stm32h750xx.o(.text)
    EXTI0_IRQHandler                         0x080002cb   Thumb Code     0  startup_stm32h750xx.o(.text)
    EXTI1_IRQHandler                         0x080002cb   Thumb Code     0  startup_stm32h750xx.o(.text)
    EXTI2_IRQHandler                         0x080002cb   Thumb Code     0  startup_stm32h750xx.o(.text)
    EXTI4_IRQHandler                         0x080002cb   Thumb Code     0  startup_stm32h750xx.o(.text)
    EXTI9_5_IRQHandler                       0x080002cb   Thumb Code     0  startup_stm32h750xx.o(.text)
    FDCAN1_IT0_IRQHandler                    0x080002cb   Thumb Code     0  startup_stm32h750xx.o(.text)
    FDCAN1_IT1_IRQHandler                    0x080002cb   Thumb Code     0  startup_stm32h750xx.o(.text)
    FDCAN2_IT0_IRQHandler                    0x080002cb   Thumb Code     0  startup_stm32h750xx.o(.text)
    FDCAN2_IT1_IRQHandler                    0x080002cb   Thumb Code     0  startup_stm32h750xx.o(.text)
    FDCAN_CAL_IRQHandler                     0x080002cb   Thumb Code     0  startup_stm32h750xx.o(.text)
    FLASH_IRQHandler                         0x080002cb   Thumb Code     0  startup_stm32h750xx.o(.text)
    FMC_IRQHandler                           0x080002cb   Thumb Code     0  startup_stm32h750xx.o(.text)
    FPU_IRQHandler                           0x080002cb   Thumb Code     0  startup_stm32h750xx.o(.text)
    HASH_RNG_IRQHandler                      0x080002cb   Thumb Code     0  startup_stm32h750xx.o(.text)
    HRTIM1_FLT_IRQHandler                    0x080002cb   Thumb Code     0  startup_stm32h750xx.o(.text)
    HRTIM1_Master_IRQHandler                 0x080002cb   Thumb Code     0  startup_stm32h750xx.o(.text)
    HRTIM1_TIMA_IRQHandler                   0x080002cb   Thumb Code     0  startup_stm32h750xx.o(.text)
    HRTIM1_TIMB_IRQHandler                   0x080002cb   Thumb Code     0  startup_stm32h750xx.o(.text)
    HRTIM1_TIMC_IRQHandler                   0x080002cb   Thumb Code     0  startup_stm32h750xx.o(.text)
    HRTIM1_TIMD_IRQHandler                   0x080002cb   Thumb Code     0  startup_stm32h750xx.o(.text)
    HRTIM1_TIME_IRQHandler                   0x080002cb   Thumb Code     0  startup_stm32h750xx.o(.text)
    HSEM1_IRQHandler                         0x080002cb   Thumb Code     0  startup_stm32h750xx.o(.text)
    I2C1_ER_IRQHandler                       0x080002cb   Thumb Code     0  startup_stm32h750xx.o(.text)
    I2C1_EV_IRQHandler                       0x080002cb   Thumb Code     0  startup_stm32h750xx.o(.text)
    I2C2_ER_IRQHandler                       0x080002cb   Thumb Code     0  startup_stm32h750xx.o(.text)
    I2C2_EV_IRQHandler                       0x080002cb   Thumb Code     0  startup_stm32h750xx.o(.text)
    I2C3_ER_IRQHandler                       0x080002cb   Thumb Code     0  startup_stm32h750xx.o(.text)
    I2C3_EV_IRQHandler                       0x080002cb   Thumb Code     0  startup_stm32h750xx.o(.text)
    I2C4_ER_IRQHandler                       0x080002cb   Thumb Code     0  startup_stm32h750xx.o(.text)
    I2C4_EV_IRQHandler                       0x080002cb   Thumb Code     0  startup_stm32h750xx.o(.text)
    JPEG_IRQHandler                          0x080002cb   Thumb Code     0  startup_stm32h750xx.o(.text)
    LPTIM3_IRQHandler                        0x080002cb   Thumb Code     0  startup_stm32h750xx.o(.text)
    LPTIM4_IRQHandler                        0x080002cb   Thumb Code     0  startup_stm32h750xx.o(.text)
    LPTIM5_IRQHandler                        0x080002cb   Thumb Code     0  startup_stm32h750xx.o(.text)
    LPUART1_IRQHandler                       0x080002cb   Thumb Code     0  startup_stm32h750xx.o(.text)
    LTDC_ER_IRQHandler                       0x080002cb   Thumb Code     0  startup_stm32h750xx.o(.text)
    LTDC_IRQHandler                          0x080002cb   Thumb Code     0  startup_stm32h750xx.o(.text)
    MDIOS_IRQHandler                         0x080002cb   Thumb Code     0  startup_stm32h750xx.o(.text)
    MDIOS_WKUP_IRQHandler                    0x080002cb   Thumb Code     0  startup_stm32h750xx.o(.text)
    MDMA_IRQHandler                          0x080002cb   Thumb Code     0  startup_stm32h750xx.o(.text)
    OTG_FS_EP1_IN_IRQHandler                 0x080002cb   Thumb Code     0  startup_stm32h750xx.o(.text)
    OTG_FS_EP1_OUT_IRQHandler                0x080002cb   Thumb Code     0  startup_stm32h750xx.o(.text)
    OTG_FS_IRQHandler                        0x080002cb   Thumb Code     0  startup_stm32h750xx.o(.text)
    OTG_FS_WKUP_IRQHandler                   0x080002cb   Thumb Code     0  startup_stm32h750xx.o(.text)
    OTG_HS_EP1_IN_IRQHandler                 0x080002cb   Thumb Code     0  startup_stm32h750xx.o(.text)
    OTG_HS_EP1_OUT_IRQHandler                0x080002cb   Thumb Code     0  startup_stm32h750xx.o(.text)
    OTG_HS_IRQHandler                        0x080002cb   Thumb Code     0  startup_stm32h750xx.o(.text)
    OTG_HS_WKUP_IRQHandler                   0x080002cb   Thumb Code     0  startup_stm32h750xx.o(.text)
    PVD_AVD_IRQHandler                       0x080002cb   Thumb Code     0  startup_stm32h750xx.o(.text)
    QUADSPI_IRQHandler                       0x080002cb   Thumb Code     0  startup_stm32h750xx.o(.text)
    RCC_IRQHandler                           0x080002cb   Thumb Code     0  startup_stm32h750xx.o(.text)
    RTC_Alarm_IRQHandler                     0x080002cb   Thumb Code     0  startup_stm32h750xx.o(.text)
    RTC_WKUP_IRQHandler                      0x080002cb   Thumb Code     0  startup_stm32h750xx.o(.text)
    SAI1_IRQHandler                          0x080002cb   Thumb Code     0  startup_stm32h750xx.o(.text)
    SAI2_IRQHandler                          0x080002cb   Thumb Code     0  startup_stm32h750xx.o(.text)
    SAI3_IRQHandler                          0x080002cb   Thumb Code     0  startup_stm32h750xx.o(.text)
    SAI4_IRQHandler                          0x080002cb   Thumb Code     0  startup_stm32h750xx.o(.text)
    SDMMC1_IRQHandler                        0x080002cb   Thumb Code     0  startup_stm32h750xx.o(.text)
    SDMMC2_IRQHandler                        0x080002cb   Thumb Code     0  startup_stm32h750xx.o(.text)
    SPDIF_RX_IRQHandler                      0x080002cb   Thumb Code     0  startup_stm32h750xx.o(.text)
    SPI1_IRQHandler                          0x080002cb   Thumb Code     0  startup_stm32h750xx.o(.text)
    SPI2_IRQHandler                          0x080002cb   Thumb Code     0  startup_stm32h750xx.o(.text)
    SPI3_IRQHandler                          0x080002cb   Thumb Code     0  startup_stm32h750xx.o(.text)
    SPI4_IRQHandler                          0x080002cb   Thumb Code     0  startup_stm32h750xx.o(.text)
    SPI5_IRQHandler                          0x080002cb   Thumb Code     0  startup_stm32h750xx.o(.text)
    SPI6_IRQHandler                          0x080002cb   Thumb Code     0  startup_stm32h750xx.o(.text)
    SWPMI1_IRQHandler                        0x080002cb   Thumb Code     0  startup_stm32h750xx.o(.text)
    TAMP_STAMP_IRQHandler                    0x080002cb   Thumb Code     0  startup_stm32h750xx.o(.text)
    TIM15_IRQHandler                         0x080002cb   Thumb Code     0  startup_stm32h750xx.o(.text)
    TIM16_IRQHandler                         0x080002cb   Thumb Code     0  startup_stm32h750xx.o(.text)
    TIM17_IRQHandler                         0x080002cb   Thumb Code     0  startup_stm32h750xx.o(.text)
    TIM1_BRK_IRQHandler                      0x080002cb   Thumb Code     0  startup_stm32h750xx.o(.text)
    TIM1_CC_IRQHandler                       0x080002cb   Thumb Code     0  startup_stm32h750xx.o(.text)
    TIM1_TRG_COM_IRQHandler                  0x080002cb   Thumb Code     0  startup_stm32h750xx.o(.text)
    TIM1_UP_IRQHandler                       0x080002cb   Thumb Code     0  startup_stm32h750xx.o(.text)
    TIM2_IRQHandler                          0x080002cb   Thumb Code     0  startup_stm32h750xx.o(.text)
    TIM3_IRQHandler                          0x080002cb   Thumb Code     0  startup_stm32h750xx.o(.text)
    TIM4_IRQHandler                          0x080002cb   Thumb Code     0  startup_stm32h750xx.o(.text)
    TIM5_IRQHandler                          0x080002cb   Thumb Code     0  startup_stm32h750xx.o(.text)
    TIM6_DAC_IRQHandler                      0x080002cb   Thumb Code     0  startup_stm32h750xx.o(.text)
    TIM7_IRQHandler                          0x080002cb   Thumb Code     0  startup_stm32h750xx.o(.text)
    TIM8_BRK_TIM12_IRQHandler                0x080002cb   Thumb Code     0  startup_stm32h750xx.o(.text)
    TIM8_CC_IRQHandler                       0x080002cb   Thumb Code     0  startup_stm32h750xx.o(.text)
    TIM8_TRG_COM_TIM14_IRQHandler            0x080002cb   Thumb Code     0  startup_stm32h750xx.o(.text)
    TIM8_UP_TIM13_IRQHandler                 0x080002cb   Thumb Code     0  startup_stm32h750xx.o(.text)
    UART5_IRQHandler                         0x080002cb   Thumb Code     0  startup_stm32h750xx.o(.text)
    UART7_IRQHandler                         0x080002cb   Thumb Code     0  startup_stm32h750xx.o(.text)
    UART8_IRQHandler                         0x080002cb   Thumb Code     0  startup_stm32h750xx.o(.text)
    USART1_IRQHandler                        0x080002cb   Thumb Code     0  startup_stm32h750xx.o(.text)
    USART2_IRQHandler                        0x080002cb   Thumb Code     0  startup_stm32h750xx.o(.text)
    USART3_IRQHandler                        0x080002cb   Thumb Code     0  startup_stm32h750xx.o(.text)
    USART6_IRQHandler                        0x080002cb   Thumb Code     0  startup_stm32h750xx.o(.text)
    WAKEUP_PIN_IRQHandler                    0x080002cb   Thumb Code     0  startup_stm32h750xx.o(.text)
    WWDG_IRQHandler                          0x080002cb   Thumb Code     0  startup_stm32h750xx.o(.text)
    __aeabi_uldivmod                         0x080002d5   Thumb Code    98  uldiv.o(.text)
    __aeabi_memset                           0x08000337   Thumb Code    14  memseta.o(.text)
    __aeabi_memset4                          0x08000337   Thumb Code     0  memseta.o(.text)
    __aeabi_memset8                          0x08000337   Thumb Code     0  memseta.o(.text)
    __aeabi_memclr                           0x08000345   Thumb Code     4  memseta.o(.text)
    __aeabi_memclr4                          0x08000345   Thumb Code     0  memseta.o(.text)
    __aeabi_memclr8                          0x08000345   Thumb Code     0  memseta.o(.text)
    _memset$wrapper                          0x08000349   Thumb Code    18  memseta.o(.text)
    __aeabi_uidiv                            0x0800035b   Thumb Code     0  uidiv.o(.text)
    __aeabi_uidivmod                         0x0800035b   Thumb Code    44  uidiv.o(.text)
    __aeabi_llsl                             0x08000387   Thumb Code    30  llshl.o(.text)
    _ll_shift_l                              0x08000387   Thumb Code     0  llshl.o(.text)
    __aeabi_llsr                             0x080003a5   Thumb Code    32  llushr.o(.text)
    _ll_ushift_r                             0x080003a5   Thumb Code     0  llushr.o(.text)
    __I$use$fp                               0x080003c5   Thumb Code     0  iusefp.o(.text)
    __aeabi_dadd                             0x080003c5   Thumb Code   322  dadd.o(.text)
    __aeabi_dsub                             0x08000507   Thumb Code     6  dadd.o(.text)
    __aeabi_drsub                            0x0800050d   Thumb Code     6  dadd.o(.text)
    __aeabi_dmul                             0x08000513   Thumb Code   228  dmul.o(.text)
    __aeabi_ddiv                             0x080005f7   Thumb Code   222  ddiv.o(.text)
    __aeabi_d2ulz                            0x080006d5   Thumb Code    48  dfixul.o(.text)
    __aeabi_cdrcmple                         0x08000705   Thumb Code    48  cdrcmple.o(.text)
    __scatterload                            0x08000735   Thumb Code    28  init.o(.text)
    __scatterload_rt2                        0x08000735   Thumb Code     0  init.o(.text)
    __aeabi_lasr                             0x08000759   Thumb Code    36  llsshr.o(.text)
    _ll_sshift_r                             0x08000759   Thumb Code     0  llsshr.o(.text)
    _double_round                            0x0800077d   Thumb Code    30  depilogue.o(.text)
    _double_epilogue                         0x0800079b   Thumb Code   156  depilogue.o(.text)
    AD9958_SetAmp2Channel                    0x08000837   Thumb Code    24  ad9958.o(i.AD9958_SetAmp2Channel)
    AD9958_SetFrequency2Channel              0x0800084f   Thumb Code    24  ad9958.o(i.AD9958_SetFrequency2Channel)
    AD9958_SetPhase2Channel                  0x08000867   Thumb Code    24  ad9958.o(i.AD9958_SetPhase2Channel)
    ADC_ConfigureBoostMode                   0x08000881   Thumb Code   320  stm32h7xx_hal_adc.o(i.ADC_ConfigureBoostMode)
    ADC_ConversionStop                       0x080009e1   Thumb Code   276  stm32h7xx_hal_adc.o(i.ADC_ConversionStop)
    ADC_DMAConvCplt                          0x08000afd   Thumb Code   146  stm32h7xx_hal_adc.o(i.ADC_DMAConvCplt)
    ADC_DMAError                             0x08000b8f   Thumb Code    30  stm32h7xx_hal_adc.o(i.ADC_DMAError)
    ADC_DMAHalfConvCplt                      0x08000bad   Thumb Code    14  stm32h7xx_hal_adc.o(i.ADC_DMAHalfConvCplt)
    ADC_Disable                              0x08000bbd   Thumb Code   142  stm32h7xx_hal_adc.o(i.ADC_Disable)
    ADC_Enable                               0x08000c51   Thumb Code   182  stm32h7xx_hal_adc.o(i.ADC_Enable)
    ADC_fft_collect                          0x08000d1d   Thumb Code   750  main.o(i.ADC_fft_collect)
    BUZZER_SetFrequency                      0x08001051   Thumb Code    22  main.o(i.BUZZER_SetFrequency)
    BusFault_Handler                         0x08001071   Thumb Code     4  stm32h7xx_it.o(i.BusFault_Handler)
    DMA1_Stream0_IRQHandler                  0x08001075   Thumb Code    10  stm32h7xx_it.o(i.DMA1_Stream0_IRQHandler)
    DMA1_Stream1_IRQHandler                  0x08001085   Thumb Code    10  stm32h7xx_it.o(i.DMA1_Stream1_IRQHandler)
    DebugMon_Handler                         0x08001601   Thumb Code     2  stm32h7xx_it.o(i.DebugMon_Handler)
    EXTI15_10_IRQHandler                     0x08001603   Thumb Code    12  stm32h7xx_it.o(i.EXTI15_10_IRQHandler)
    EXTI3_IRQHandler                         0x0800160f   Thumb Code    10  stm32h7xx_it.o(i.EXTI3_IRQHandler)
    Error_Handler                            0x08001619   Thumb Code     6  main.o(i.Error_Handler)
    HAL_ADCEx_MultiModeConfigChannel         0x08001621   Thumb Code   336  stm32h7xx_hal_adc_ex.o(i.HAL_ADCEx_MultiModeConfigChannel)
    HAL_ADC_ConfigChannel                    0x08001785   Thumb Code  1306  stm32h7xx_hal_adc.o(i.HAL_ADC_ConfigChannel)
    HAL_ADC_ConvCpltCallback                 0x08001cc9   Thumb Code    48  main.o(i.HAL_ADC_ConvCpltCallback)
    HAL_ADC_ConvHalfCpltCallback             0x08001d11   Thumb Code     2  stm32h7xx_hal_adc.o(i.HAL_ADC_ConvHalfCpltCallback)
    HAL_ADC_ErrorCallback                    0x08001d13   Thumb Code     2  stm32h7xx_hal_adc.o(i.HAL_ADC_ErrorCallback)
    HAL_ADC_Init                             0x08001d15   Thumb Code   608  stm32h7xx_hal_adc.o(i.HAL_ADC_Init)
    HAL_ADC_MspInit                          0x08001fa1   Thumb Code   352  adc.o(i.HAL_ADC_MspInit)
    HAL_ADC_Start_DMA                        0x08002125   Thumb Code   278  stm32h7xx_hal_adc.o(i.HAL_ADC_Start_DMA)
    HAL_ADC_Stop_DMA                         0x08002259   Thumb Code   136  stm32h7xx_hal_adc.o(i.HAL_ADC_Stop_DMA)
    HAL_DMA_Abort                            0x080022e1   Thumb Code  1236  stm32h7xx_hal_dma.o(i.HAL_DMA_Abort)
    HAL_DMA_Abort_IT                         0x080027bd   Thumb Code   906  stm32h7xx_hal_dma.o(i.HAL_DMA_Abort_IT)
    HAL_DMA_IRQHandler                       0x08002b55   Thumb Code  2800  stm32h7xx_hal_dma.o(i.HAL_DMA_IRQHandler)
    HAL_DMA_Init                             0x0800364d   Thumb Code  1304  stm32h7xx_hal_dma.o(i.HAL_DMA_Init)
    HAL_DMA_Start_IT                         0x08003b6d   Thumb Code   980  stm32h7xx_hal_dma.o(i.HAL_DMA_Start_IT)
    HAL_Delay                                0x08003f4d   Thumb Code    36  stm32h7xx_hal.o(i.HAL_Delay)
    HAL_GPIO_EXTI_Callback                   0x08003f75   Thumb Code    38  main.o(i.HAL_GPIO_EXTI_Callback)
    HAL_GPIO_EXTI_IRQHandler                 0x08003fa5   Thumb Code    24  stm32h7xx_hal_gpio.o(i.HAL_GPIO_EXTI_IRQHandler)
    HAL_GPIO_Init                            0x08003fc1   Thumb Code   468  stm32h7xx_hal_gpio.o(i.HAL_GPIO_Init)
    HAL_GPIO_WritePin                        0x080041c9   Thumb Code    12  stm32h7xx_hal_gpio.o(i.HAL_GPIO_WritePin)
    HAL_GetREVID                             0x080041d5   Thumb Code     8  stm32h7xx_hal.o(i.HAL_GetREVID)
    HAL_GetTick                              0x080041e1   Thumb Code     6  stm32h7xx_hal.o(i.HAL_GetTick)
    HAL_IncTick                              0x080041ed   Thumb Code    16  stm32h7xx_hal.o(i.HAL_IncTick)
    HAL_Init                                 0x08004205   Thumb Code    80  stm32h7xx_hal.o(i.HAL_Init)
    HAL_InitTick                             0x08004265   Thumb Code    74  stm32h7xx_hal.o(i.HAL_InitTick)
    HAL_LPTIM_AutoReloadMatchCallback        0x080042bd   Thumb Code   138  main.o(i.HAL_LPTIM_AutoReloadMatchCallback)
    HAL_LPTIM_AutoReloadWriteCallback        0x0800435d   Thumb Code     2  stm32h7xx_hal_lptim.o(i.HAL_LPTIM_AutoReloadWriteCallback)
    HAL_LPTIM_CompareMatchCallback           0x0800435f   Thumb Code     2  stm32h7xx_hal_lptim.o(i.HAL_LPTIM_CompareMatchCallback)
    HAL_LPTIM_CompareWriteCallback           0x08004361   Thumb Code     2  stm32h7xx_hal_lptim.o(i.HAL_LPTIM_CompareWriteCallback)
    HAL_LPTIM_Counter_Start_IT               0x08004363   Thumb Code   150  stm32h7xx_hal_lptim.o(i.HAL_LPTIM_Counter_Start_IT)
    HAL_LPTIM_Counter_Stop_IT                0x080043f9   Thumb Code    62  stm32h7xx_hal_lptim.o(i.HAL_LPTIM_Counter_Stop_IT)
    HAL_LPTIM_DirectionDownCallback          0x08004437   Thumb Code     2  stm32h7xx_hal_lptim.o(i.HAL_LPTIM_DirectionDownCallback)
    HAL_LPTIM_DirectionUpCallback            0x08004439   Thumb Code     2  stm32h7xx_hal_lptim.o(i.HAL_LPTIM_DirectionUpCallback)
    HAL_LPTIM_GetState                       0x0800443b   Thumb Code     8  stm32h7xx_hal_lptim.o(i.HAL_LPTIM_GetState)
    HAL_LPTIM_IRQHandler                     0x08004443   Thumb Code   230  stm32h7xx_hal_lptim.o(i.HAL_LPTIM_IRQHandler)
    HAL_LPTIM_Init                           0x08004529   Thumb Code   236  stm32h7xx_hal_lptim.o(i.HAL_LPTIM_Init)
    HAL_LPTIM_MspInit                        0x08004625   Thumb Code   170  lptim.o(i.HAL_LPTIM_MspInit)
    HAL_LPTIM_TriggerCallback                0x080046dd   Thumb Code     2  stm32h7xx_hal_lptim.o(i.HAL_LPTIM_TriggerCallback)
    HAL_MspInit                              0x080046e1   Thumb Code    68  stm32h7xx_hal_msp.o(i.HAL_MspInit)
    HAL_NVIC_EnableIRQ                       0x08004729   Thumb Code    40  stm32h7xx_hal_cortex.o(i.HAL_NVIC_EnableIRQ)
    HAL_NVIC_SetPriority                     0x08004751   Thumb Code   122  stm32h7xx_hal_cortex.o(i.HAL_NVIC_SetPriority)
    HAL_NVIC_SetPriorityGrouping             0x080047cd   Thumb Code    32  stm32h7xx_hal_cortex.o(i.HAL_NVIC_SetPriorityGrouping)
    HAL_PWREx_ConfigSupply                   0x080047f5   Thumb Code    90  stm32h7xx_hal_pwr_ex.o(i.HAL_PWREx_ConfigSupply)
    HAL_RCCEx_GetD3PCLK1Freq                 0x08004855   Thumb Code    26  stm32h7xx_hal_rcc_ex.o(i.HAL_RCCEx_GetD3PCLK1Freq)
    HAL_RCCEx_GetPLL1ClockFreq               0x08004879   Thumb Code   536  stm32h7xx_hal_rcc_ex.o(i.HAL_RCCEx_GetPLL1ClockFreq)
    HAL_RCCEx_GetPLL2ClockFreq               0x08004aa9   Thumb Code   536  stm32h7xx_hal_rcc_ex.o(i.HAL_RCCEx_GetPLL2ClockFreq)
    HAL_RCCEx_GetPLL3ClockFreq               0x08004cd9   Thumb Code   536  stm32h7xx_hal_rcc_ex.o(i.HAL_RCCEx_GetPLL3ClockFreq)
    HAL_RCCEx_GetPeriphCLKFreq               0x08004f09   Thumb Code  1856  stm32h7xx_hal_rcc_ex.o(i.HAL_RCCEx_GetPeriphCLKFreq)
    HAL_RCCEx_PeriphCLKConfig                0x0800565d   Thumb Code  2910  stm32h7xx_hal_rcc_ex.o(i.HAL_RCCEx_PeriphCLKConfig)
    HAL_RCC_ClockConfig                      0x080061c1   Thumb Code   774  stm32h7xx_hal_rcc.o(i.HAL_RCC_ClockConfig)
    HAL_RCC_GetHCLKFreq                      0x080064e1   Thumb Code    60  stm32h7xx_hal_rcc.o(i.HAL_RCC_GetHCLKFreq)
    HAL_RCC_GetPCLK1Freq                     0x0800652d   Thumb Code    26  stm32h7xx_hal_rcc.o(i.HAL_RCC_GetPCLK1Freq)
    HAL_RCC_GetPCLK2Freq                     0x08006551   Thumb Code    26  stm32h7xx_hal_rcc.o(i.HAL_RCC_GetPCLK2Freq)
    HAL_RCC_GetSysClockFreq                  0x08006575   Thumb Code   524  stm32h7xx_hal_rcc.o(i.HAL_RCC_GetSysClockFreq)
    HAL_RCC_OscConfig                        0x080067a1   Thumb Code  2010  stm32h7xx_hal_rcc.o(i.HAL_RCC_OscConfig)
    HAL_SYSCFG_DisableVREFBUF                0x08006f85   Thumb Code    14  stm32h7xx_hal.o(i.HAL_SYSCFG_DisableVREFBUF)
    HAL_SYSCFG_VREFBUF_HighImpedanceConfig   0x08006f99   Thumb Code    16  stm32h7xx_hal.o(i.HAL_SYSCFG_VREFBUF_HighImpedanceConfig)
    HAL_SYSTICK_Config                       0x08006fad   Thumb Code    52  stm32h7xx_hal_cortex.o(i.HAL_SYSTICK_Config)
    HAL_TIMEx_MasterConfigSynchronization    0x08006fe1   Thumb Code   166  stm32h7xx_hal_tim_ex.o(i.HAL_TIMEx_MasterConfigSynchronization)
    HAL_TIM_Base_Init                        0x080070a1   Thumb Code   110  stm32h7xx_hal_tim.o(i.HAL_TIM_Base_Init)
    HAL_TIM_Base_MspInit                     0x08007111   Thumb Code    40  tim.o(i.HAL_TIM_Base_MspInit)
    HAL_TIM_ConfigClockSource                0x08007141   Thumb Code   300  stm32h7xx_hal_tim.o(i.HAL_TIM_ConfigClockSource)
    HAL_TIM_MspPostInit                      0x08007271   Thumb Code    80  tim.o(i.HAL_TIM_MspPostInit)
    HAL_TIM_PWM_ConfigChannel                0x080072cd   Thumb Code   360  stm32h7xx_hal_tim.o(i.HAL_TIM_PWM_ConfigChannel)
    HAL_TIM_PWM_Init                         0x08007435   Thumb Code   110  stm32h7xx_hal_tim.o(i.HAL_TIM_PWM_Init)
    HAL_TIM_PWM_MspInit                      0x080074a3   Thumb Code     2  stm32h7xx_hal_tim.o(i.HAL_TIM_PWM_MspInit)
    HAL_TIM_PWM_Start                        0x080074a5   Thumb Code   306  stm32h7xx_hal_tim.o(i.HAL_TIM_PWM_Start)
    HAL_TIM_PWM_Stop                         0x08007601   Thumb Code   208  stm32h7xx_hal_tim.o(i.HAL_TIM_PWM_Stop)
    HAL_UARTEx_DisableFifoMode               0x080076e5   Thumb Code    78  stm32h7xx_hal_uart_ex.o(i.HAL_UARTEx_DisableFifoMode)
    HAL_UARTEx_RxEventCallback               0x08007733   Thumb Code     2  stm32h7xx_hal_uart.o(i.HAL_UARTEx_RxEventCallback)
    HAL_UARTEx_RxFifoFullCallback            0x08007735   Thumb Code     2  stm32h7xx_hal_uart_ex.o(i.HAL_UARTEx_RxFifoFullCallback)
    HAL_UARTEx_SetRxFifoThreshold            0x08007737   Thumb Code    94  stm32h7xx_hal_uart_ex.o(i.HAL_UARTEx_SetRxFifoThreshold)
    HAL_UARTEx_SetTxFifoThreshold            0x08007795   Thumb Code    94  stm32h7xx_hal_uart_ex.o(i.HAL_UARTEx_SetTxFifoThreshold)
    HAL_UARTEx_TxFifoEmptyCallback           0x080077f3   Thumb Code     2  stm32h7xx_hal_uart_ex.o(i.HAL_UARTEx_TxFifoEmptyCallback)
    HAL_UARTEx_WakeupCallback                0x080077f5   Thumb Code     2  stm32h7xx_hal_uart_ex.o(i.HAL_UARTEx_WakeupCallback)
    HAL_UART_ErrorCallback                   0x080077f7   Thumb Code     2  stm32h7xx_hal_uart.o(i.HAL_UART_ErrorCallback)
    HAL_UART_GetState                        0x080077f9   Thumb Code    16  stm32h7xx_hal_uart.o(i.HAL_UART_GetState)
    HAL_UART_IRQHandler                      0x08007809   Thumb Code   960  stm32h7xx_hal_uart.o(i.HAL_UART_IRQHandler)
    HAL_UART_Init                            0x08007bdd   Thumb Code   120  stm32h7xx_hal_uart.o(i.HAL_UART_Init)
    HAL_UART_MspInit                         0x08007c55   Thumb Code   142  usart.o(i.HAL_UART_MspInit)
    HAL_UART_Receive_IT                      0x08007cf1   Thumb Code    96  stm32h7xx_hal_uart.o(i.HAL_UART_Receive_IT)
    HAL_UART_RxCpltCallback                  0x08007d55   Thumb Code     2  stm32h7xx_hal_uart.o(i.HAL_UART_RxCpltCallback)
    HAL_UART_Transmit                        0x08007d57   Thumb Code   214  stm32h7xx_hal_uart.o(i.HAL_UART_Transmit)
    HAL_UART_TxCpltCallback                  0x08007e2d   Thumb Code     2  stm32h7xx_hal_uart.o(i.HAL_UART_TxCpltCallback)
    HardFault_Handler                        0x08007e2f   Thumb Code     4  stm32h7xx_it.o(i.HardFault_Handler)
    IO_Update                                0x08007e35   Thumb Code    46  ad9958.o(i.IO_Update)
    Init_AD9958                              0x08007e69   Thumb Code    88  ad9958.o(i.Init_AD9958)
    IntReset                                 0x08007ed1   Thumb Code    46  ad9958.o(i.IntReset)
    Intserve                                 0x08007f05   Thumb Code    54  ad9958.o(i.Intserve)
    LPTIM1_IRQHandler                        0x08007ff9   Thumb Code    10  stm32h7xx_it.o(i.LPTIM1_IRQHandler)
    LPTIM2_IRQHandler                        0x08008009   Thumb Code    10  stm32h7xx_it.o(i.LPTIM2_IRQHandler)
    LPTIM_Disable                            0x08008019   Thumb Code   716  stm32h7xx_hal_lptim.o(i.LPTIM_Disable)
    LT_Init                                  0x08008329   Thumb Code    74  lt.o(i.LT_Init)
    LTset                                    0x0800837d   Thumb Code    38  lt.o(i.LTset)
    MX_ADC1_Init                             0x080083a9   Thumb Code   152  adc.o(i.MX_ADC1_Init)
    MX_ADC2_Init                             0x0800844d   Thumb Code   124  adc.o(i.MX_ADC2_Init)
    MX_DMA_Init                              0x080084d5   Thumb Code    64  dma.o(i.MX_DMA_Init)
    MX_GPIO_Init                             0x08008519   Thumb Code   222  gpio.o(i.MX_GPIO_Init)
    MX_LPTIM1_Init                           0x08008609   Thumb Code    50  lptim.o(i.MX_LPTIM1_Init)
    MX_LPTIM2_Init                           0x08008645   Thumb Code    50  lptim.o(i.MX_LPTIM2_Init)
    MX_TIM4_Init                             0x08008681   Thumb Code   156  tim.o(i.MX_TIM4_Init)
    MX_USART1_UART_Init                      0x08008725   Thumb Code    98  usart.o(i.MX_USART1_UART_Init)
    MemManage_Handler                        0x08008791   Thumb Code     4  stm32h7xx_it.o(i.MemManage_Handler)
    NMI_Handler                              0x08008795   Thumb Code     4  stm32h7xx_it.o(i.NMI_Handler)
    PendSV_Handler                           0x08008799   Thumb Code     2  stm32h7xx_it.o(i.PendSV_Handler)
    PeriphCommonClock_Config                 0x0800879d   Thumb Code    70  main.o(i.PeriphCommonClock_Config)
    SVC_Handler                              0x08008ab1   Thumb Code     2  stm32h7xx_it.o(i.SVC_Handler)
    SysTick_Handler                          0x08008ab3   Thumb Code     8  stm32h7xx_it.o(i.SysTick_Handler)
    SystemClock_Config                       0x08008abd   Thumb Code   222  main.o(i.SystemClock_Config)
    SystemInit                               0x08008ba9   Thumb Code   220  system_stm32h7xx.o(i.SystemInit)
    TIM_Base_SetConfig                       0x08008cad   Thumb Code   170  stm32h7xx_hal_tim.o(i.TIM_Base_SetConfig)
    TIM_CCxChannelCmd                        0x08008d79   Thumb Code    34  stm32h7xx_hal_tim.o(i.TIM_CCxChannelCmd)
    TIM_ETR_SetConfig                        0x08008d9b   Thumb Code    22  stm32h7xx_hal_tim.o(i.TIM_ETR_SetConfig)
    TIM_OC2_SetConfig                        0x08008e75   Thumb Code   156  stm32h7xx_hal_tim.o(i.TIM_OC2_SetConfig)
    UART4_IRQHandler                         0x08009171   Thumb Code    80  debug.o(i.UART4_IRQHandler)
    UART_AdvFeatureConfig                    0x08009225   Thumb Code   248  stm32h7xx_hal_uart.o(i.UART_AdvFeatureConfig)
    UART_CheckIdleState                      0x0800931d   Thumb Code   118  stm32h7xx_hal_uart.o(i.UART_CheckIdleState)
    UART_SetConfig                           0x080097f5   Thumb Code  1404  stm32h7xx_hal_uart.o(i.UART_SetConfig)
    UART_Start_Receive_IT                    0x08009d81   Thumb Code   256  stm32h7xx_hal_uart.o(i.UART_Start_Receive_IT)
    UART_WaitOnFlagUntilTimeout              0x08009e91   Thumb Code   190  stm32h7xx_hal_uart.o(i.UART_WaitOnFlagUntilTimeout)
    UsageFault_Handler                       0x08009f4f   Thumb Code     4  stm32h7xx_it.o(i.UsageFault_Handler)
    WriteData_AD9958                         0x08009f55   Thumb Code   234  ad9958.o(i.WriteData_AD9958)
    Write_Amplitude                          0x0800a045   Thumb Code    84  ad9958.o(i.Write_Amplitude)
    Write_Phase                              0x0800a0a1   Thumb Code   100  ad9958.o(i.Write_Phase)
    Write_frequence                          0x0800a119   Thumb Code   146  ad9958.o(i.Write_frequence)
    __0printf                                0x0800a1c9   Thumb Code    22  printfa.o(i.__0printf)
    __1printf                                0x0800a1c9   Thumb Code     0  printfa.o(i.__0printf)
    __2printf                                0x0800a1c9   Thumb Code     0  printfa.o(i.__0printf)
    __c89printf                              0x0800a1c9   Thumb Code     0  printfa.o(i.__0printf)
    printf                                   0x0800a1c9   Thumb Code     0  printfa.o(i.__0printf)
    __ARM_fpclassify                         0x0800a1e9   Thumb Code    48  fpclassify.o(i.__ARM_fpclassify)
    __hardfp_cos                             0x0800a251   Thumb Code   158  cos.o(i.__hardfp_cos)
    __hardfp_sin                             0x0800a301   Thumb Code   158  sin.o(i.__hardfp_sin)
    __hardfp_sqrt                            0x0800a3b1   Thumb Code   102  sqrt.o(i.__hardfp_sqrt)
    __ieee754_rem_pio2                       0x0800a419   Thumb Code   646  rred.o(i.__ieee754_rem_pio2)
    __kernel_cos                             0x0800a729   Thumb Code   182  cos_i.o(i.__kernel_cos)
    __kernel_poly                            0x0800a809   Thumb Code   112  poly.o(i.__kernel_poly)
    __kernel_sin                             0x0800a879   Thumb Code   144  sin_i.o(i.__kernel_sin)
    __mathlib_dbl_invalid                    0x0800a921   Thumb Code    10  dunder.o(i.__mathlib_dbl_invalid)
    __mathlib_dbl_underflow                  0x0800a939   Thumb Code    10  dunder.o(i.__mathlib_dbl_underflow)
    __scatterload_copy                       0x0800a951   Thumb Code    14  handlers.o(i.__scatterload_copy)
    __scatterload_null                       0x0800a95f   Thumb Code     2  handlers.o(i.__scatterload_null)
    __scatterload_zeroinit                   0x0800a961   Thumb Code    14  handlers.o(i.__scatterload_zeroinit)
    __set_errno                              0x0800a971   Thumb Code     6  errno.o(i.__set_errno)
    delay1                                   0x0800b207   Thumb Code    18  ad9958.o(i.delay1)
    fabs                                     0x0800b219   Thumb Code    24  fabs.o(i.fabs)
    fputc                                    0x0800b231   Thumb Code    26  debug.o(i.fputc)
    kfft                                     0x0800b255   Thumb Code   890  main.o(i.kfft)
    main                                     0x0800b5dd   Thumb Code   328  main.o(i.main)
    reply_er                                 0x0800b771   Thumb Code    42  debug.o(i.reply_er)
    UARTPrescTable                           0x0800b7b0   Data          24  stm32h7xx_hal_uart.o(.constdata)
    D1CorePrescTable                         0x0800b7d8   Data          16  system_stm32h7xx.o(.constdata)
    Region$$Table$$Base                      0x0800b908   Number         0  anon$$obj.o(Region$$Table)
    Region$$Table$$Limit                     0x0800b928   Number         0  anon$$obj.o(Region$$Table)
    CSR_DATA0                                0x24000000   Data           1  ad9958.o(.data)
    CSR_DATA1                                0x24000001   Data           1  ad9958.o(.data)
    CSR_DATA2                                0x24000002   Data           1  ad9958.o(.data)
    CSR_DATA3                                0x24000003   Data           1  ad9958.o(.data)
    FR1_DATA                                 0x24000004   Data           3  ad9958.o(.data)
    FR2_DATA                                 0x24000007   Data           2  ad9958.o(.data)
    CFR_DATA                                 0x24000009   Data           3  ad9958.o(.data)
    CPOW0_DATA                               0x2400000c   Data           2  ad9958.o(.data)
    LSRR_DATA                                0x2400000e   Data           2  ad9958.o(.data)
    RDW_DATA                                 0x24000010   Data           4  ad9958.o(.data)
    FDW_DATA                                 0x24000014   Data           4  ad9958.o(.data)
    ACRdata                                  0x24000018   Data           3  ad9958.o(.data)
    huart_debug                              0x2400001c   Data           4  debug.o(.data)
    USART_RX_STA                             0x24000022   Data           2  debug.o(.data)
    aRxBuffer                                0x24000024   Data           1  debug.o(.data)
    single_sweep                             0x24000028   Data           4  debug.o(.data)
    double_sweep                             0x2400002c   Data           4  debug.o(.data)
    g_adc1_dma_complete_flag                 0x24000034   Data           1  main.o(.data)
    g_adc2_dma_complete_flag                 0x24000035   Data           1  main.o(.data)
    offset                                   0x24000038   Data           4  main.o(.data)
    offset_                                  0x2400003c   Data           4  main.o(.data)
    phase                                    0x24000040   Data           4  main.o(.data)
    GP                                       0x24000044   Data           4  main.o(.data)
    adjust_flag                              0x24000048   Data           1  main.o(.data)
    uwTick                                   0x24000050   Data           4  stm32h7xx_hal.o(.data)
    uwTickPrio                               0x24000054   Data           4  stm32h7xx_hal.o(.data)
    uwTickFreq                               0x24000058   Data           1  stm32h7xx_hal.o(.data)
    SystemCoreClock                          0x2400005c   Data           4  system_stm32h7xx.o(.data)
    SystemD2Clock                            0x24000060   Data           4  system_stm32h7xx.o(.data)
    __stdout                                 0x24000064   Data           4  stdout.o(.data)
    g_adc1_dma_data1                         0x2400006c   Data        4096  main.o(.bss)
    g_adc2_dma_data1                         0x2400106c   Data        4096  main.o(.bss)
    dataR                                    0x2400206c   Data        4096  main.o(.bss)
    dataI                                    0x2400306c   Data        4096  main.o(.bss)
    datafR                                   0x2400406c   Data        4096  main.o(.bss)
    datafI                                   0x2400506c   Data        4096  main.o(.bss)
    hadc1                                    0x2400606c   Data         100  adc.o(.bss)
    hadc2                                    0x240060d0   Data         100  adc.o(.bss)
    hdma_adc1                                0x24006134   Data         120  adc.o(.bss)
    hdma_adc2                                0x240061ac   Data         120  adc.o(.bss)
    hlptim1                                  0x24006224   Data          56  lptim.o(.bss)
    hlptim2                                  0x2400625c   Data          56  lptim.o(.bss)
    htim4                                    0x24006294   Data          76  tim.o(.bss)
    huart1                                   0x240062e0   Data         144  usart.o(.bss)
    __initial_sp                             0x24026370   Data           0  startup_stm32h750xx.o(STACK)



==============================================================================

Memory Map of the image

  Image Entry point : 0x08000299

  Load Region LR_IROM1 (Base: 0x08000000, Size: 0x0000b994, Max: 0x00020000, ABSOLUTE)

    Execution Region ER_IROM1 (Exec base: 0x08000000, Load base: 0x08000000, Size: 0x0000b928, Max: 0x00020000, ABSOLUTE)

    Exec Addr    Load Addr    Size         Type   Attr      Idx    E Section Name        Object

    0x08000000   0x08000000   0x00000298   Data   RO            3    RESET               startup_stm32h750xx.o
    0x08000298   0x08000298   0x00000000   Code   RO         5712  * .ARM.Collect$$$$00000000  mc_w.l(entry.o)
    0x08000298   0x08000298   0x00000004   Code   RO         6008    .ARM.Collect$$$$00000001  mc_w.l(entry2.o)
    0x0800029c   0x0800029c   0x00000004   Code   RO         6011    .ARM.Collect$$$$00000004  mc_w.l(entry5.o)
    0x080002a0   0x080002a0   0x00000000   Code   RO         6013    .ARM.Collect$$$$00000008  mc_w.l(entry7b.o)
    0x080002a0   0x080002a0   0x00000000   Code   RO         6015    .ARM.Collect$$$$0000000A  mc_w.l(entry8b.o)
    0x080002a0   0x080002a0   0x00000008   Code   RO         6016    .ARM.Collect$$$$0000000B  mc_w.l(entry9a.o)
    0x080002a8   0x080002a8   0x00000004   Code   RO         6023    .ARM.Collect$$$$0000000E  mc_w.l(entry12b.o)
    0x080002ac   0x080002ac   0x00000000   Code   RO         6018    .ARM.Collect$$$$0000000F  mc_w.l(entry10a.o)
    0x080002ac   0x080002ac   0x00000000   Code   RO         6020    .ARM.Collect$$$$00000011  mc_w.l(entry11a.o)
    0x080002ac   0x080002ac   0x00000004   Code   RO         6009    .ARM.Collect$$$$00002712  mc_w.l(entry2.o)
    0x080002b0   0x080002b0   0x00000024   Code   RO            4    .text               startup_stm32h750xx.o
    0x080002d4   0x080002d4   0x00000062   Code   RO         5715    .text               mc_w.l(uldiv.o)
    0x08000336   0x08000336   0x00000024   Code   RO         5717    .text               mc_w.l(memseta.o)
    0x0800035a   0x0800035a   0x0000002c   Code   RO         6025    .text               mc_w.l(uidiv.o)
    0x08000386   0x08000386   0x0000001e   Code   RO         6027    .text               mc_w.l(llshl.o)
    0x080003a4   0x080003a4   0x00000020   Code   RO         6029    .text               mc_w.l(llushr.o)
    0x080003c4   0x080003c4   0x00000000   Code   RO         6038    .text               mc_w.l(iusefp.o)
    0x080003c4   0x080003c4   0x0000014e   Code   RO         6039    .text               mf_w.l(dadd.o)
    0x08000512   0x08000512   0x000000e4   Code   RO         6041    .text               mf_w.l(dmul.o)
    0x080005f6   0x080005f6   0x000000de   Code   RO         6043    .text               mf_w.l(ddiv.o)
    0x080006d4   0x080006d4   0x00000030   Code   RO         6045    .text               mf_w.l(dfixul.o)
    0x08000704   0x08000704   0x00000030   Code   RO         6047    .text               mf_w.l(cdrcmple.o)
    0x08000734   0x08000734   0x00000024   Code   RO         6059    .text               mc_w.l(init.o)
    0x08000758   0x08000758   0x00000024   Code   RO         6061    .text               mc_w.l(llsshr.o)
    0x0800077c   0x0800077c   0x000000ba   Code   RO         6063    .text               mf_w.l(depilogue.o)
    0x08000836   0x08000836   0x00000018   Code   RO           13    i.AD9958_SetAmp2Channel  ad9958.o
    0x0800084e   0x0800084e   0x00000018   Code   RO           14    i.AD9958_SetFrequency2Channel  ad9958.o
    0x08000866   0x08000866   0x00000018   Code   RO           15    i.AD9958_SetPhase2Channel  ad9958.o
    0x0800087e   0x0800087e   0x00000002   PAD
    0x08000880   0x08000880   0x00000160   Code   RO          834    i.ADC_ConfigureBoostMode  stm32h7xx_hal_adc.o
    0x080009e0   0x080009e0   0x0000011c   Code   RO          835    i.ADC_ConversionStop  stm32h7xx_hal_adc.o
    0x08000afc   0x08000afc   0x00000092   Code   RO          836    i.ADC_DMAConvCplt   stm32h7xx_hal_adc.o
    0x08000b8e   0x08000b8e   0x0000001e   Code   RO          837    i.ADC_DMAError      stm32h7xx_hal_adc.o
    0x08000bac   0x08000bac   0x0000000e   Code   RO          838    i.ADC_DMAHalfConvCplt  stm32h7xx_hal_adc.o
    0x08000bba   0x08000bba   0x00000002   PAD
    0x08000bbc   0x08000bbc   0x00000094   Code   RO          839    i.ADC_Disable       stm32h7xx_hal_adc.o
    0x08000c50   0x08000c50   0x000000cc   Code   RO          840    i.ADC_Enable        stm32h7xx_hal_adc.o
    0x08000d1c   0x08000d1c   0x00000334   Code   RO          346    i.ADC_fft_collect   main.o
    0x08001050   0x08001050   0x00000020   Code   RO          347    i.BUZZER_SetFrequency  main.o
    0x08001070   0x08001070   0x00000004   Code   RO          698    i.BusFault_Handler  stm32h7xx_it.o
    0x08001074   0x08001074   0x00000010   Code   RO          699    i.DMA1_Stream0_IRQHandler  stm32h7xx_it.o
    0x08001084   0x08001084   0x00000010   Code   RO          700    i.DMA1_Stream1_IRQHandler  stm32h7xx_it.o
    0x08001094   0x08001094   0x000000ec   Code   RO         2060    i.DMA_CalcBaseAndBitshift  stm32h7xx_hal_dma.o
    0x08001180   0x08001180   0x000000c4   Code   RO         2061    i.DMA_CalcDMAMUXChannelBaseAndMask  stm32h7xx_hal_dma.o
    0x08001244   0x08001244   0x00000098   Code   RO         2062    i.DMA_CalcDMAMUXRequestGenBaseAndMask  stm32h7xx_hal_dma.o
    0x080012dc   0x080012dc   0x000000ae   Code   RO         2063    i.DMA_CheckFifoParam  stm32h7xx_hal_dma.o
    0x0800138a   0x0800138a   0x00000002   PAD
    0x0800138c   0x0800138c   0x00000274   Code   RO         2064    i.DMA_SetConfig     stm32h7xx_hal_dma.o
    0x08001600   0x08001600   0x00000002   Code   RO          701    i.DebugMon_Handler  stm32h7xx_it.o
    0x08001602   0x08001602   0x0000000c   Code   RO          702    i.EXTI15_10_IRQHandler  stm32h7xx_it.o
    0x0800160e   0x0800160e   0x0000000a   Code   RO          703    i.EXTI3_IRQHandler  stm32h7xx_it.o
    0x08001618   0x08001618   0x00000006   Code   RO          348    i.Error_Handler     main.o
    0x0800161e   0x0800161e   0x00000002   PAD
    0x08001620   0x08001620   0x00000164   Code   RO         1116    i.HAL_ADCEx_MultiModeConfigChannel  stm32h7xx_hal_adc_ex.o
    0x08001784   0x08001784   0x00000544   Code   RO          842    i.HAL_ADC_ConfigChannel  stm32h7xx_hal_adc.o
    0x08001cc8   0x08001cc8   0x00000048   Code   RO          349    i.HAL_ADC_ConvCpltCallback  main.o
    0x08001d10   0x08001d10   0x00000002   Code   RO          844    i.HAL_ADC_ConvHalfCpltCallback  stm32h7xx_hal_adc.o
    0x08001d12   0x08001d12   0x00000002   Code   RO          846    i.HAL_ADC_ErrorCallback  stm32h7xx_hal_adc.o
    0x08001d14   0x08001d14   0x0000028c   Code   RO          851    i.HAL_ADC_Init      stm32h7xx_hal_adc.o
    0x08001fa0   0x08001fa0   0x00000184   Code   RO          488    i.HAL_ADC_MspInit   adc.o
    0x08002124   0x08002124   0x00000134   Code   RO          858    i.HAL_ADC_Start_DMA  stm32h7xx_hal_adc.o
    0x08002258   0x08002258   0x00000088   Code   RO          861    i.HAL_ADC_Stop_DMA  stm32h7xx_hal_adc.o
    0x080022e0   0x080022e0   0x000004dc   Code   RO         2065    i.HAL_DMA_Abort     stm32h7xx_hal_dma.o
    0x080027bc   0x080027bc   0x00000398   Code   RO         2066    i.HAL_DMA_Abort_IT  stm32h7xx_hal_dma.o
    0x08002b54   0x08002b54   0x00000af8   Code   RO         2070    i.HAL_DMA_IRQHandler  stm32h7xx_hal_dma.o
    0x0800364c   0x0800364c   0x00000520   Code   RO         2071    i.HAL_DMA_Init      stm32h7xx_hal_dma.o
    0x08003b6c   0x08003b6c   0x000003e0   Code   RO         2075    i.HAL_DMA_Start_IT  stm32h7xx_hal_dma.o
    0x08003f4c   0x08003f4c   0x00000028   Code   RO         2920    i.HAL_Delay         stm32h7xx_hal.o
    0x08003f74   0x08003f74   0x00000030   Code   RO          350    i.HAL_GPIO_EXTI_Callback  main.o
    0x08003fa4   0x08003fa4   0x0000001c   Code   RO         1912    i.HAL_GPIO_EXTI_IRQHandler  stm32h7xx_hal_gpio.o
    0x08003fc0   0x08003fc0   0x00000208   Code   RO         1913    i.HAL_GPIO_Init     stm32h7xx_hal_gpio.o
    0x080041c8   0x080041c8   0x0000000c   Code   RO         1917    i.HAL_GPIO_WritePin  stm32h7xx_hal_gpio.o
    0x080041d4   0x080041d4   0x0000000c   Code   RO         2931    i.HAL_GetREVID      stm32h7xx_hal.o
    0x080041e0   0x080041e0   0x0000000c   Code   RO         2932    i.HAL_GetTick       stm32h7xx_hal.o
    0x080041ec   0x080041ec   0x00000018   Code   RO         2938    i.HAL_IncTick       stm32h7xx_hal.o
    0x08004204   0x08004204   0x00000060   Code   RO         2939    i.HAL_Init          stm32h7xx_hal.o
    0x08004264   0x08004264   0x00000058   Code   RO         2940    i.HAL_InitTick      stm32h7xx_hal.o
    0x080042bc   0x080042bc   0x000000a0   Code   RO          351    i.HAL_LPTIM_AutoReloadMatchCallback  main.o
    0x0800435c   0x0800435c   0x00000002   Code   RO         3814    i.HAL_LPTIM_AutoReloadWriteCallback  stm32h7xx_hal_lptim.o
    0x0800435e   0x0800435e   0x00000002   Code   RO         3815    i.HAL_LPTIM_CompareMatchCallback  stm32h7xx_hal_lptim.o
    0x08004360   0x08004360   0x00000002   Code   RO         3816    i.HAL_LPTIM_CompareWriteCallback  stm32h7xx_hal_lptim.o
    0x08004362   0x08004362   0x00000096   Code   RO         3818    i.HAL_LPTIM_Counter_Start_IT  stm32h7xx_hal_lptim.o
    0x080043f8   0x080043f8   0x0000003e   Code   RO         3820    i.HAL_LPTIM_Counter_Stop_IT  stm32h7xx_hal_lptim.o
    0x08004436   0x08004436   0x00000002   Code   RO         3822    i.HAL_LPTIM_DirectionDownCallback  stm32h7xx_hal_lptim.o
    0x08004438   0x08004438   0x00000002   Code   RO         3823    i.HAL_LPTIM_DirectionUpCallback  stm32h7xx_hal_lptim.o
    0x0800443a   0x0800443a   0x00000008   Code   RO         3828    i.HAL_LPTIM_GetState  stm32h7xx_hal_lptim.o
    0x08004442   0x08004442   0x000000e6   Code   RO         3829    i.HAL_LPTIM_IRQHandler  stm32h7xx_hal_lptim.o
    0x08004528   0x08004528   0x000000fc   Code   RO         3830    i.HAL_LPTIM_Init    stm32h7xx_hal_lptim.o
    0x08004624   0x08004624   0x000000b8   Code   RO          561    i.HAL_LPTIM_MspInit  lptim.o
    0x080046dc   0x080046dc   0x00000002   Code   RO         3852    i.HAL_LPTIM_TriggerCallback  stm32h7xx_hal_lptim.o
    0x080046de   0x080046de   0x00000002   PAD
    0x080046e0   0x080046e0   0x00000048   Code   RO          810    i.HAL_MspInit       stm32h7xx_hal_msp.o
    0x08004728   0x08004728   0x00000028   Code   RO         2773    i.HAL_NVIC_EnableIRQ  stm32h7xx_hal_cortex.o
    0x08004750   0x08004750   0x0000007a   Code   RO         2779    i.HAL_NVIC_SetPriority  stm32h7xx_hal_cortex.o
    0x080047ca   0x080047ca   0x00000002   PAD
    0x080047cc   0x080047cc   0x00000028   Code   RO         2780    i.HAL_NVIC_SetPriorityGrouping  stm32h7xx_hal_cortex.o
    0x080047f4   0x080047f4   0x00000060   Code   RO         2514    i.HAL_PWREx_ConfigSupply  stm32h7xx_hal_pwr_ex.o
    0x08004854   0x08004854   0x00000024   Code   RO         1476    i.HAL_RCCEx_GetD3PCLK1Freq  stm32h7xx_hal_rcc_ex.o
    0x08004878   0x08004878   0x00000230   Code   RO         1477    i.HAL_RCCEx_GetPLL1ClockFreq  stm32h7xx_hal_rcc_ex.o
    0x08004aa8   0x08004aa8   0x00000230   Code   RO         1478    i.HAL_RCCEx_GetPLL2ClockFreq  stm32h7xx_hal_rcc_ex.o
    0x08004cd8   0x08004cd8   0x00000230   Code   RO         1479    i.HAL_RCCEx_GetPLL3ClockFreq  stm32h7xx_hal_rcc_ex.o
    0x08004f08   0x08004f08   0x00000754   Code   RO         1481    i.HAL_RCCEx_GetPeriphCLKFreq  stm32h7xx_hal_rcc_ex.o
    0x0800565c   0x0800565c   0x00000b64   Code   RO         1485    i.HAL_RCCEx_PeriphCLKConfig  stm32h7xx_hal_rcc_ex.o
    0x080061c0   0x080061c0   0x00000320   Code   RO         1361    i.HAL_RCC_ClockConfig  stm32h7xx_hal_rcc.o
    0x080064e0   0x080064e0   0x0000004c   Code   RO         1366    i.HAL_RCC_GetHCLKFreq  stm32h7xx_hal_rcc.o
    0x0800652c   0x0800652c   0x00000024   Code   RO         1368    i.HAL_RCC_GetPCLK1Freq  stm32h7xx_hal_rcc.o
    0x08006550   0x08006550   0x00000024   Code   RO         1369    i.HAL_RCC_GetPCLK2Freq  stm32h7xx_hal_rcc.o
    0x08006574   0x08006574   0x0000022c   Code   RO         1370    i.HAL_RCC_GetSysClockFreq  stm32h7xx_hal_rcc.o
    0x080067a0   0x080067a0   0x000007e4   Code   RO         1373    i.HAL_RCC_OscConfig  stm32h7xx_hal_rcc.o
    0x08006f84   0x08006f84   0x00000014   Code   RO         2950    i.HAL_SYSCFG_DisableVREFBUF  stm32h7xx_hal.o
    0x08006f98   0x08006f98   0x00000014   Code   RO         2955    i.HAL_SYSCFG_VREFBUF_HighImpedanceConfig  stm32h7xx_hal.o
    0x08006fac   0x08006fac   0x00000034   Code   RO         2784    i.HAL_SYSTICK_Config  stm32h7xx_hal_cortex.o
    0x08006fe0   0x08006fe0   0x000000c0   Code   RO         4831    i.HAL_TIMEx_MasterConfigSynchronization  stm32h7xx_hal_tim_ex.o
    0x080070a0   0x080070a0   0x0000006e   Code   RO         4084    i.HAL_TIM_Base_Init  stm32h7xx_hal_tim.o
    0x0800710e   0x0800710e   0x00000002   PAD
    0x08007110   0x08007110   0x00000030   Code   RO          609    i.HAL_TIM_Base_MspInit  tim.o
    0x08007140   0x08007140   0x00000130   Code   RO         4093    i.HAL_TIM_ConfigClockSource  stm32h7xx_hal_tim.o
    0x08007270   0x08007270   0x0000005c   Code   RO          610    i.HAL_TIM_MspPostInit  tim.o
    0x080072cc   0x080072cc   0x00000168   Code   RO         4156    i.HAL_TIM_PWM_ConfigChannel  stm32h7xx_hal_tim.o
    0x08007434   0x08007434   0x0000006e   Code   RO         4159    i.HAL_TIM_PWM_Init  stm32h7xx_hal_tim.o
    0x080074a2   0x080074a2   0x00000002   Code   RO         4161    i.HAL_TIM_PWM_MspInit  stm32h7xx_hal_tim.o
    0x080074a4   0x080074a4   0x0000015c   Code   RO         4164    i.HAL_TIM_PWM_Start  stm32h7xx_hal_tim.o
    0x08007600   0x08007600   0x000000e4   Code   RO         4167    i.HAL_TIM_PWM_Stop  stm32h7xx_hal_tim.o
    0x080076e4   0x080076e4   0x0000004e   Code   RO         5525    i.HAL_UARTEx_DisableFifoMode  stm32h7xx_hal_uart_ex.o
    0x08007732   0x08007732   0x00000002   Code   RO         5109    i.HAL_UARTEx_RxEventCallback  stm32h7xx_hal_uart.o
    0x08007734   0x08007734   0x00000002   Code   RO         5532    i.HAL_UARTEx_RxFifoFullCallback  stm32h7xx_hal_uart_ex.o
    0x08007736   0x08007736   0x0000005e   Code   RO         5533    i.HAL_UARTEx_SetRxFifoThreshold  stm32h7xx_hal_uart_ex.o
    0x08007794   0x08007794   0x0000005e   Code   RO         5534    i.HAL_UARTEx_SetTxFifoThreshold  stm32h7xx_hal_uart_ex.o
    0x080077f2   0x080077f2   0x00000002   Code   RO         5536    i.HAL_UARTEx_TxFifoEmptyCallback  stm32h7xx_hal_uart_ex.o
    0x080077f4   0x080077f4   0x00000002   Code   RO         5537    i.HAL_UARTEx_WakeupCallback  stm32h7xx_hal_uart_ex.o
    0x080077f6   0x080077f6   0x00000002   Code   RO         5125    i.HAL_UART_ErrorCallback  stm32h7xx_hal_uart.o
    0x080077f8   0x080077f8   0x00000010   Code   RO         5127    i.HAL_UART_GetState  stm32h7xx_hal_uart.o
    0x08007808   0x08007808   0x000003d4   Code   RO         5128    i.HAL_UART_IRQHandler  stm32h7xx_hal_uart.o
    0x08007bdc   0x08007bdc   0x00000078   Code   RO         5129    i.HAL_UART_Init     stm32h7xx_hal_uart.o
    0x08007c54   0x08007c54   0x0000009c   Code   RO          657    i.HAL_UART_MspInit  usart.o
    0x08007cf0   0x08007cf0   0x00000064   Code   RO         5134    i.HAL_UART_Receive_IT  stm32h7xx_hal_uart.o
    0x08007d54   0x08007d54   0x00000002   Code   RO         5136    i.HAL_UART_RxCpltCallback  stm32h7xx_hal_uart.o
    0x08007d56   0x08007d56   0x000000d6   Code   RO         5138    i.HAL_UART_Transmit  stm32h7xx_hal_uart.o
    0x08007e2c   0x08007e2c   0x00000002   Code   RO         5141    i.HAL_UART_TxCpltCallback  stm32h7xx_hal_uart.o
    0x08007e2e   0x08007e2e   0x00000004   Code   RO          704    i.HardFault_Handler  stm32h7xx_it.o
    0x08007e32   0x08007e32   0x00000002   PAD
    0x08007e34   0x08007e34   0x00000034   Code   RO           17    i.IO_Update         ad9958.o
    0x08007e68   0x08007e68   0x00000068   Code   RO           18    i.Init_AD9958       ad9958.o
    0x08007ed0   0x08007ed0   0x00000034   Code   RO           19    i.IntReset          ad9958.o
    0x08007f04   0x08007f04   0x0000003c   Code   RO           20    i.Intserve          ad9958.o
    0x08007f40   0x08007f40   0x00000010   Code   RO          863    i.LL_ADC_Enable     stm32h7xx_hal_adc.o
    0x08007f50   0x08007f50   0x0000000a   Code   RO          865    i.LL_ADC_GetMultimode  stm32h7xx_hal_adc.o
    0x08007f5a   0x08007f5a   0x0000000a   Code   RO          866    i.LL_ADC_INJ_IsConversionOngoing  stm32h7xx_hal_adc.o
    0x08007f64   0x08007f64   0x0000000a   Code   RO          867    i.LL_ADC_IsDisableOngoing  stm32h7xx_hal_adc.o
    0x08007f6e   0x08007f6e   0x0000000a   Code   RO          868    i.LL_ADC_IsEnabled  stm32h7xx_hal_adc.o
    0x08007f78   0x08007f78   0x0000000a   Code   RO         1129    i.LL_ADC_IsEnabled  stm32h7xx_hal_adc_ex.o
    0x08007f82   0x08007f82   0x0000000a   Code   RO          869    i.LL_ADC_IsInternalRegulatorEnabled  stm32h7xx_hal_adc.o
    0x08007f8c   0x08007f8c   0x0000000a   Code   RO          870    i.LL_ADC_REG_IsConversionOngoing  stm32h7xx_hal_adc.o
    0x08007f96   0x08007f96   0x0000000a   Code   RO         1130    i.LL_ADC_REG_IsConversionOngoing  stm32h7xx_hal_adc_ex.o
    0x08007fa0   0x08007fa0   0x00000012   Code   RO          871    i.LL_ADC_REG_IsTriggerSourceSWStart  stm32h7xx_hal_adc.o
    0x08007fb2   0x08007fb2   0x00000002   PAD
    0x08007fb4   0x08007fb4   0x00000010   Code   RO          872    i.LL_ADC_REG_StartConversion  stm32h7xx_hal_adc.o
    0x08007fc4   0x08007fc4   0x00000028   Code   RO          874    i.LL_ADC_SetChannelSamplingTime  stm32h7xx_hal_adc.o
    0x08007fec   0x08007fec   0x0000000c   Code   RO          875    i.LL_ADC_SetCommonPathInternalCh  stm32h7xx_hal_adc.o
    0x08007ff8   0x08007ff8   0x00000010   Code   RO          705    i.LPTIM1_IRQHandler  stm32h7xx_it.o
    0x08008008   0x08008008   0x00000010   Code   RO          706    i.LPTIM2_IRQHandler  stm32h7xx_it.o
    0x08008018   0x08008018   0x000002d8   Code   RO         3853    i.LPTIM_Disable     stm32h7xx_hal_lptim.o
    0x080082f0   0x080082f0   0x00000038   Code   RO         3854    i.LPTIM_WaitForFlag  stm32h7xx_hal_lptim.o
    0x08008328   0x08008328   0x00000054   Code   RO          313    i.LT_Init           lt.o
    0x0800837c   0x0800837c   0x0000002c   Code   RO          314    i.LTset             lt.o
    0x080083a8   0x080083a8   0x000000a4   Code   RO          489    i.MX_ADC1_Init      adc.o
    0x0800844c   0x0800844c   0x00000088   Code   RO          490    i.MX_ADC2_Init      adc.o
    0x080084d4   0x080084d4   0x00000044   Code   RO          536    i.MX_DMA_Init       dma.o
    0x08008518   0x08008518   0x000000f0   Code   RO          463    i.MX_GPIO_Init      gpio.o
    0x08008608   0x08008608   0x0000003c   Code   RO          562    i.MX_LPTIM1_Init    lptim.o
    0x08008644   0x08008644   0x0000003c   Code   RO          563    i.MX_LPTIM2_Init    lptim.o
    0x08008680   0x08008680   0x000000a4   Code   RO          611    i.MX_TIM4_Init      tim.o
    0x08008724   0x08008724   0x0000006c   Code   RO          658    i.MX_USART1_UART_Init  usart.o
    0x08008790   0x08008790   0x00000004   Code   RO          707    i.MemManage_Handler  stm32h7xx_it.o
    0x08008794   0x08008794   0x00000004   Code   RO          708    i.NMI_Handler       stm32h7xx_it.o
    0x08008798   0x08008798   0x00000002   Code   RO          709    i.PendSV_Handler    stm32h7xx_it.o
    0x0800879a   0x0800879a   0x00000002   PAD
    0x0800879c   0x0800879c   0x0000004c   Code   RO          352    i.PeriphCommonClock_Config  main.o
    0x080087e8   0x080087e8   0x00000164   Code   RO         1488    i.RCCEx_PLL2_Config  stm32h7xx_hal_rcc_ex.o
    0x0800894c   0x0800894c   0x00000164   Code   RO         1489    i.RCCEx_PLL3_Config  stm32h7xx_hal_rcc_ex.o
    0x08008ab0   0x08008ab0   0x00000002   Code   RO          710    i.SVC_Handler       stm32h7xx_it.o
    0x08008ab2   0x08008ab2   0x00000008   Code   RO          711    i.SysTick_Handler   stm32h7xx_it.o
    0x08008aba   0x08008aba   0x00000002   PAD
    0x08008abc   0x08008abc   0x000000ec   Code   RO          353    i.SystemClock_Config  main.o
    0x08008ba8   0x08008ba8   0x00000104   Code   RO         5643    i.SystemInit        system_stm32h7xx.o
    0x08008cac   0x08008cac   0x000000cc   Code   RO         4177    i.TIM_Base_SetConfig  stm32h7xx_hal_tim.o
    0x08008d78   0x08008d78   0x00000022   Code   RO         4178    i.TIM_CCxChannelCmd  stm32h7xx_hal_tim.o
    0x08008d9a   0x08008d9a   0x00000016   Code   RO         4188    i.TIM_ETR_SetConfig  stm32h7xx_hal_tim.o
    0x08008db0   0x08008db0   0x00000018   Code   RO         4189    i.TIM_ITRx_SetConfig  stm32h7xx_hal_tim.o
    0x08008dc8   0x08008dc8   0x000000ac   Code   RO         4190    i.TIM_OC1_SetConfig  stm32h7xx_hal_tim.o
    0x08008e74   0x08008e74   0x000000b4   Code   RO         4191    i.TIM_OC2_SetConfig  stm32h7xx_hal_tim.o
    0x08008f28   0x08008f28   0x000000b0   Code   RO         4192    i.TIM_OC3_SetConfig  stm32h7xx_hal_tim.o
    0x08008fd8   0x08008fd8   0x00000070   Code   RO         4193    i.TIM_OC4_SetConfig  stm32h7xx_hal_tim.o
    0x08009048   0x08009048   0x0000006c   Code   RO         4194    i.TIM_OC5_SetConfig  stm32h7xx_hal_tim.o
    0x080090b4   0x080090b4   0x0000006c   Code   RO         4195    i.TIM_OC6_SetConfig  stm32h7xx_hal_tim.o
    0x08009120   0x08009120   0x00000026   Code   RO         4197    i.TIM_TI1_ConfigInputStage  stm32h7xx_hal_tim.o
    0x08009146   0x08009146   0x00000028   Code   RO         4199    i.TIM_TI2_ConfigInputStage  stm32h7xx_hal_tim.o
    0x0800916e   0x0800916e   0x00000002   PAD
    0x08009170   0x08009170   0x0000005c   Code   RO          246    i.UART4_IRQHandler  debug.o
    0x080091cc   0x080091cc   0x00000058   Code   RO         5538    i.UARTEx_SetNbDataToProcess  stm32h7xx_hal_uart_ex.o
    0x08009224   0x08009224   0x000000f8   Code   RO         5143    i.UART_AdvFeatureConfig  stm32h7xx_hal_uart.o
    0x0800931c   0x0800931c   0x00000076   Code   RO         5144    i.UART_CheckIdleState  stm32h7xx_hal_uart.o
    0x08009392   0x08009392   0x00000018   Code   RO         5145    i.UART_DMAAbortOnError  stm32h7xx_hal_uart.o
    0x080093aa   0x080093aa   0x00000002   PAD
    0x080093ac   0x080093ac   0x0000003c   Code   RO         5155    i.UART_EndRxTransfer  stm32h7xx_hal_uart.o
    0x080093e8   0x080093e8   0x00000022   Code   RO         5156    i.UART_EndTransmit_IT  stm32h7xx_hal_uart.o
    0x0800940a   0x0800940a   0x00000092   Code   RO         5158    i.UART_RxISR_16BIT  stm32h7xx_hal_uart.o
    0x0800949c   0x0800949c   0x00000164   Code   RO         5159    i.UART_RxISR_16BIT_FIFOEN  stm32h7xx_hal_uart.o
    0x08009600   0x08009600   0x0000008e   Code   RO         5160    i.UART_RxISR_8BIT   stm32h7xx_hal_uart.o
    0x0800968e   0x0800968e   0x00000002   PAD
    0x08009690   0x08009690   0x00000164   Code   RO         5161    i.UART_RxISR_8BIT_FIFOEN  stm32h7xx_hal_uart.o
    0x080097f4   0x080097f4   0x0000058c   Code   RO         5162    i.UART_SetConfig    stm32h7xx_hal_uart.o
    0x08009d80   0x08009d80   0x00000110   Code   RO         5164    i.UART_Start_Receive_IT  stm32h7xx_hal_uart.o
    0x08009e90   0x08009e90   0x000000be   Code   RO         5169    i.UART_WaitOnFlagUntilTimeout  stm32h7xx_hal_uart.o
    0x08009f4e   0x08009f4e   0x00000004   Code   RO          712    i.UsageFault_Handler  stm32h7xx_it.o
    0x08009f52   0x08009f52   0x00000002   PAD
    0x08009f54   0x08009f54   0x000000f0   Code   RO           21    i.WriteData_AD9958  ad9958.o
    0x0800a044   0x0800a044   0x0000005c   Code   RO           22    i.Write_Amplitude   ad9958.o
    0x0800a0a0   0x0800a0a0   0x00000078   Code   RO           23    i.Write_Phase       ad9958.o
    0x0800a118   0x0800a118   0x000000b0   Code   RO           24    i.Write_frequence   ad9958.o
    0x0800a1c8   0x0800a1c8   0x00000020   Code   RO         5952    i.__0printf         mc_w.l(printfa.o)
    0x0800a1e8   0x0800a1e8   0x00000030   Code   RO         6055    i.__ARM_fpclassify  m_wv.l(fpclassify.o)
    0x0800a218   0x0800a218   0x00000010   Code   RO         2786    i.__NVIC_GetPriorityGrouping  stm32h7xx_hal_cortex.o
    0x0800a228   0x0800a228   0x00000028   Code   RO         2787    i.__NVIC_SetPriority  stm32h7xx_hal_cortex.o
    0x0800a250   0x0800a250   0x000000b0   Code   RO         5676    i.__hardfp_cos      m_wv.l(cos.o)
    0x0800a300   0x0800a300   0x000000b0   Code   RO         5688    i.__hardfp_sin      m_wv.l(sin.o)
    0x0800a3b0   0x0800a3b0   0x00000066   Code   RO         5700    i.__hardfp_sqrt     m_wv.l(sqrt.o)
    0x0800a416   0x0800a416   0x00000002   PAD
    0x0800a418   0x0800a418   0x00000310   Code   RO         5997    i.__ieee754_rem_pio2  m_wv.l(rred.o)
    0x0800a728   0x0800a728   0x000000e0   Code   RO         5980    i.__kernel_cos      m_wv.l(cos_i.o)
    0x0800a808   0x0800a808   0x00000070   Code   RO         6057    i.__kernel_poly     m_wv.l(poly.o)
    0x0800a878   0x0800a878   0x000000a8   Code   RO         6002    i.__kernel_sin      m_wv.l(sin_i.o)
    0x0800a920   0x0800a920   0x00000018   Code   RO         5986    i.__mathlib_dbl_invalid  m_wv.l(dunder.o)
    0x0800a938   0x0800a938   0x00000018   Code   RO         5989    i.__mathlib_dbl_underflow  m_wv.l(dunder.o)
    0x0800a950   0x0800a950   0x0000000e   Code   RO         6067    i.__scatterload_copy  mc_w.l(handlers.o)
    0x0800a95e   0x0800a95e   0x00000002   Code   RO         6068    i.__scatterload_null  mc_w.l(handlers.o)
    0x0800a960   0x0800a960   0x0000000e   Code   RO         6069    i.__scatterload_zeroinit  mc_w.l(handlers.o)
    0x0800a96e   0x0800a96e   0x00000002   PAD
    0x0800a970   0x0800a970   0x0000000c   Code   RO         6033    i.__set_errno       mc_w.l(errno.o)
    0x0800a97c   0x0800a97c   0x00000184   Code   RO         5959    i._fp_digits        mc_w.l(printfa.o)
    0x0800ab00   0x0800ab00   0x000006b4   Code   RO         5960    i._printf_core      mc_w.l(printfa.o)
    0x0800b1b4   0x0800b1b4   0x00000024   Code   RO         5961    i._printf_post_padding  mc_w.l(printfa.o)
    0x0800b1d8   0x0800b1d8   0x0000002e   Code   RO         5962    i._printf_pre_padding  mc_w.l(printfa.o)
    0x0800b206   0x0800b206   0x00000012   Code   RO           25    i.delay1            ad9958.o
    0x0800b218   0x0800b218   0x00000018   Code   RO         6051    i.fabs              m_wv.l(fabs.o)
    0x0800b230   0x0800b230   0x00000024   Code   RO          247    i.fputc             debug.o
    0x0800b254   0x0800b254   0x00000388   Code   RO          354    i.kfft              main.o
    0x0800b5dc   0x0800b5dc   0x00000194   Code   RO          355    i.main              main.o
    0x0800b770   0x0800b770   0x00000038   Code   RO          248    i.reply_er          debug.o
    0x0800b7a8   0x0800b7a8   0x00000008   Data   RO         2077    .constdata          stm32h7xx_hal_dma.o
    0x0800b7b0   0x0800b7b0   0x00000018   Data   RO         5170    .constdata          stm32h7xx_hal_uart.o
    0x0800b7c8   0x0800b7c8   0x00000010   Data   RO         5540    .constdata          stm32h7xx_hal_uart_ex.o
    0x0800b7d8   0x0800b7d8   0x00000010   Data   RO         5644    .constdata          system_stm32h7xx.o
    0x0800b7e8   0x0800b7e8   0x00000030   Data   RO         5981    .constdata          m_wv.l(cos_i.o)
    0x0800b818   0x0800b818   0x000000c8   Data   RO         5999    .constdata          m_wv.l(rred.o)
    0x0800b8e0   0x0800b8e0   0x00000028   Data   RO         6003    .constdata          m_wv.l(sin_i.o)
    0x0800b908   0x0800b908   0x00000020   Data   RO         6065    Region$$Table       anon$$obj.o


    Execution Region RW_IRAM1 (Exec base: 0x20000000, Load base: 0x0800b928, Size: 0x00000000, Max: 0x00020000, ABSOLUTE)

    **** No section assigned to this execution region ****


    Execution Region RW_IRAM2 (Exec base: 0x24000000, Load base: 0x0800b928, Size: 0x00026370, Max: 0x00080000, ABSOLUTE)

    Exec Addr    Load Addr    Size         Type   Attr      Idx    E Section Name        Object

    0x24000000   0x0800b928   0x0000001b   Data   RW           27    .data               ad9958.o
    0x2400001b   0x0800b943   0x00000001   PAD
    0x2400001c   0x0800b944   0x00000015   Data   RW          250    .data               debug.o
    0x24000031   0x0800b959   0x00000003   PAD
    0x24000034   0x0800b95c   0x00000015   Data   RW          357    .data               main.o
    0x24000049   0x0800b971   0x00000003   PAD
    0x2400004c   0x0800b974   0x00000004   Data   RW          492    .data               adc.o
    0x24000050   0x0800b978   0x00000009   Data   RW         2961    .data               stm32h7xx_hal.o
    0x24000059   0x0800b981   0x00000003   PAD
    0x2400005c   0x0800b984   0x00000008   Data   RW         5645    .data               system_stm32h7xx.o
    0x24000064   0x0800b98c   0x00000004   Data   RW         6024    .data               mc_w.l(stdout.o)
    0x24000068   0x0800b990   0x00000004   Data   RW         6034    .data               mc_w.l(errno.o)
    0x2400006c        -       0x00006000   Zero   RW          356    .bss                main.o
    0x2400606c        -       0x000001b8   Zero   RW          491    .bss                adc.o
    0x24006224        -       0x00000070   Zero   RW          564    .bss                lptim.o
    0x24006294        -       0x0000004c   Zero   RW          612    .bss                tim.o
    0x240062e0        -       0x00000090   Zero   RW          659    .bss                usart.o
    0x24006370        -       0x00020000   Zero   RW            1    STACK               startup_stm32h750xx.o


==============================================================================

Image component sizes


      Code (inc. data)   RO Data    RW Data    ZI Data      Debug   Object Name

       986         98          0         27          0    1326203   ad9958.o
       688         60          0          4        440       2826   adc.o
       184         36          0         21          0       4019   debug.o
        68          4          0          0          0        858   dma.o
       240         18          0          0          0       1107   gpio.o
       304         34          0          0        112       2316   lptim.o
       128         16          0          0          0       1526   lt.o
      2758        246          0         21      24576       8478   main.o
        36          8        664          0     131072        820   startup_stm32h750xx.o
       312         62          0          9          0      24377   stm32h7xx_hal.o
      3788        238          0          0          0      79717   stm32h7xx_hal_adc.o
       376         20          0          0          0      62523   stm32h7xx_hal_adc_ex.o
       310         22          0          0          0      39951   stm32h7xx_hal_cortex.o
      8662        166          8          0          0      13150   stm32h7xx_hal_dma.o
       560         56          0          0          0       3035   stm32h7xx_hal_gpio.o
      1498         32          0          0          0       9310   stm32h7xx_hal_lptim.o
        72          4          0          0          0        946   stm32h7xx_hal_msp.o
        96          6          0          0          0        757   stm32h7xx_hal_pwr_ex.o
      3524        108          0          0          0       6828   stm32h7xx_hal_rcc.o
      7220        180          0          0          0      10543   stm32h7xx_hal_rcc_ex.o
      2680        248          0          0          0      14537   stm32h7xx_hal_tim.o
       192         26          0          0          0       1452   stm32h7xx_hal_tim_ex.o
      4804        182         24          0          0      36848   stm32h7xx_hal_uart.o
       360         10         16          0          0       5422   stm32h7xx_hal_uart_ex.o
       120         24          0          0          0       6976   stm32h7xx_it.o
       260         40         16          8          0       1414   system_stm32h7xx.o
       304         28          0          0         76       2424   tim.o
       264         24          0          0        144       1838   usart.o

    ----------------------------------------------------------------------
     40824       1996        760        100     156420    1670201   Object Totals
         0          0         32          0          0          0   (incl. Generated)
        30          0          0         10          0          0   (incl. Padding)

    ----------------------------------------------------------------------

      Code (inc. data)   RO Data    RW Data    ZI Data      Debug   Library Member Name

       176         18          0          0          0        156   cos.o
       224         42         48          0          0        184   cos_i.o
        48         28          0          0          0        232   dunder.o
        24          0          0          0          0        124   fabs.o
        48          0          0          0          0        124   fpclassify.o
       112          0          0          0          0        116   poly.o
       784        138        200          0          0        172   rred.o
       176         18          0          0          0        160   sin.o
       168         24         40          0          0        196   sin_i.o
       102          0          0          0          0        140   sqrt.o
         0          0          0          0          0          0   entry.o
         0          0          0          0          0          0   entry10a.o
         0          0          0          0          0          0   entry11a.o
         4          0          0          0          0          0   entry12b.o
         8          4          0          0          0          0   entry2.o
         4          0          0          0          0          0   entry5.o
         0          0          0          0          0          0   entry7b.o
         0          0          0          0          0          0   entry8b.o
         8          4          0          0          0          0   entry9a.o
        12          6          0          4          0         68   errno.o
        30          0          0          0          0          0   handlers.o
        36          8          0          0          0         68   init.o
         0          0          0          0          0          0   iusefp.o
        30          0          0          0          0         68   llshl.o
        36          0          0          0          0         68   llsshr.o
        32          0          0          0          0         68   llushr.o
        36          0          0          0          0        108   memseta.o
      2218         90          0          0          0        464   printfa.o
         0          0          0          4          0          0   stdout.o
        44          0          0          0          0         80   uidiv.o
        98          0          0          0          0         92   uldiv.o
        48          0          0          0          0         68   cdrcmple.o
       334          0          0          0          0        148   dadd.o
       222          0          0          0          0        100   ddiv.o
       186          0          0          0          0        176   depilogue.o
        48          0          0          0          0         68   dfixul.o
       228          0          0          0          0         96   dmul.o

    ----------------------------------------------------------------------
      5528        380        288          8          0       3344   Library Totals
         4          0          0          0          0          0   (incl. Padding)

    ----------------------------------------------------------------------

      Code (inc. data)   RO Data    RW Data    ZI Data      Debug   Library Name

      1862        268        288          0          0       1604   m_wv.l
      2596        112          0          8          0       1084   mc_w.l
      1066          0          0          0          0        656   mf_w.l

    ----------------------------------------------------------------------
      5528        380        288          8          0       3344   Library Totals

    ----------------------------------------------------------------------

==============================================================================


      Code (inc. data)   RO Data    RW Data    ZI Data      Debug   

     46352       2376       1048        108     156420    1653817   Grand Totals
     46352       2376       1048        108     156420    1653817   ELF Image Totals
     46352       2376       1048        108          0          0   ROM Totals

==============================================================================

    Total RO  Size (Code + RO Data)                47400 (  46.29kB)
    Total RW  Size (RW Data + ZI Data)            156528 ( 152.86kB)
    Total ROM Size (Code + RO Data + RW Data)      47508 (  46.39kB)

==============================================================================

